---
source: clang-ir/tests/snapshot_fixtures.rs
expression: snapshot
---
module "tests/fixtures.multi/setjmp_cross_module_callback/check.c" (c, x86_64-unknown-linux-gnu)
global .str : s8i[6] = ConstArray { ty: Array { element_type: Named("s8i"), size: 6 }, elts: Str("PASS\n"), trailing_zeros_num: 1 } [cir_private, default, align 1, dso_local, constant]
global .str.1 : s8i[7] = ConstArray { ty: Array { element_type: Named("s8i"), size: 7 }, elts: Str("OTHER\n"), trailing_zeros_num: 1 } [cir_private, default, align 1, dso_local, constant]

fn fail_now() -> void [external, c];
fn printf(%arg0: s8i*, ...) -> s32i [external, c];
fn check(%arg1: s32i) -> void [external, c, no_inline, dso_local, nothrow] {
    ^bb0(%arg1: s32i):
        %6 = alloca s32i, "ok", align 4
        store %arg1, %6
        scope {
                %11 = load %6 : s32i, align 4
                %12 = cast(int_to_bool) %11 : bool
                not
                if %13 {
                        call @fail_now() [all]
                        yield
                }
                yield
        }
        %7 = get_global @printf : (s8i*, ...) -> s32i*
        %8 = get_global @.str : s8i[6]*
        %9 = cast(array_to_ptrdecay) %8 : s8i*
        %10 = call @printf(%9) : s32i [all]
        return
}
fn other_check(%arg0: s32i) -> void [external, c, no_inline, dso_local, nothrow] {
    ^bb0(%arg0: s32i):
        %0 = alloca s32i, "ok", align 4
        store %arg0, %0
        %1 = load %0 : s32i, align 4
        %2 = get_global @printf : (s8i*, ...) -> s32i*
        %3 = get_global @.str.1 : s8i[7]*
        %4 = cast(array_to_ptrdecay) %3 : s8i*
        %5 = call @printf(%4) : s32i [all]
        return
}
