---
source: clang-ir/tests/snapshot_fixtures.rs
expression: snapshot
---
module "tests/fixtures.gcc-torture/20050713-1.c" (c, x86_64-unknown-linux-gnu)
global __const.main.c : rec_S = ConstRecord { ty: Named("rec_S"), members: Array([CirInt { ty: Named("s32i"), value: "9" }, CirInt { ty: Named("s32i"), value: "10" }, CirInt { ty: Named("s32i"), value: "11" }]) } [cir_private, default, dso_local, constant]
global __const.main.b : rec_S = ConstRecord { ty: Named("rec_S"), members: Array([CirInt { ty: Named("s32i"), value: "6" }, CirInt { ty: Named("s32i"), value: "7" }, CirInt { ty: Named("s32i"), value: "8" }]) } [cir_private, default, dso_local, constant]
global __const.main.a : rec_S = ConstRecord { ty: Named("rec_S"), members: Array([CirInt { ty: Named("s32i"), value: "3" }, CirInt { ty: Named("s32i"), value: "4" }, CirInt { ty: Named("s32i"), value: "5" }]) } [cir_private, default, dso_local, constant]

fn abort() -> void [external, c, nothrow];
fn foo2(%arg22: u64i, %arg23: s32i, %arg24: u64i, %arg25: s32i) -> s32i [external, c, no_inline, dso_local, nothrow] {
    ^bb0(%arg22: u64i, %arg23: s32i, %arg24: u64i, %arg25: s32i):
        %257 = alloca rec_anon_struct, "coerce", align 8
        %258 = alloca rec_anon_struct, "coerce", align 8
        get_member
        store %arg24, %259
        get_member
        store %arg25, %260
        %261 = load %258 : rec_anon_struct
        store %261, %257
        %262 = cast(bitcast) %257 : rec_S*
        %263 = load %262 : rec_S
        %264 = alloca rec_anon_struct, "coerce", align 8
        %265 = alloca rec_anon_struct, "coerce", align 8
        get_member
        store %arg22, %266
        get_member
        store %arg23, %267
        %268 = load %265 : rec_anon_struct
        store %268, %264
        %269 = cast(bitcast) %264 : rec_S*
        %270 = load %269 : rec_S
        %271 = alloca rec_S, "x", align 4
        %272 = alloca rec_S, "y", align 4
        %273 = alloca s32i, "__retval", align 4
        store %270, %271
        store %263, %272
        scope {
                get_member
                %294 = load %293 : s32i, align 4
                %295 = const 3 : s32i
                cmp
                %297 = ternary %296 ? { : bool
                        %309 = const true : bool
                        yield %309
                } : {
                        get_member
                        %306 = load %305 : s32i, align 4
                        %307 = const 4 : s32i
                        cmp
                        yield %308
                }
                %298 = ternary %297 ? { : bool
                        %304 = const true : bool
                        yield %304
                } : {
                        get_member
                        %301 = load %300 : s32i, align 4
                        %302 = const 5 : s32i
                        cmp
                        yield %303
                }
                if %298 {
                        %299 = get_global @abort : () -> void*
                        call @abort() [all]
                        yield
                }
                yield
        }
        scope {
                get_member
                %277 = load %276 : s32i, align 4
                %278 = const 6 : s32i
                cmp
                %280 = ternary %279 ? { : bool
                        %292 = const true : bool
                        yield %292
                } : {
                        get_member
                        %289 = load %288 : s32i, align 4
                        %290 = const 7 : s32i
                        cmp
                        yield %291
                }
                %281 = ternary %280 ? { : bool
                        %287 = const true : bool
                        yield %287
                } : {
                        get_member
                        %284 = load %283 : s32i, align 4
                        %285 = const 8 : s32i
                        cmp
                        yield %286
                }
                if %281 {
                        %282 = get_global @abort : () -> void*
                        call @abort() [all]
                        yield
                }
                yield
        }
        %274 = const 0 : s32i
        store %274, %273
        %275 = load %273 : s32i
        return %275
}
fn foo3(%arg16: u64i, %arg17: s32i, %arg18: u64i, %arg19: s32i, %arg20: u64i, %arg21: s32i) -> s32i [external, c, no_inline, dso_local, nothrow] {
    ^bb0(%arg16: u64i, %arg17: s32i, %arg18: u64i, %arg19: s32i, %arg20: u64i, %arg21: s32i):
        %198 = alloca rec_anon_struct, "coerce", align 8
        %199 = alloca rec_anon_struct, "coerce", align 8
        get_member
        store %arg20, %200
        get_member
        store %arg21, %201
        %202 = load %199 : rec_anon_struct
        store %202, %198
        %203 = cast(bitcast) %198 : rec_S*
        %204 = load %203 : rec_S
        %205 = alloca rec_anon_struct, "coerce", align 8
        %206 = alloca rec_anon_struct, "coerce", align 8
        get_member
        store %arg18, %207
        get_member
        store %arg19, %208
        %209 = load %206 : rec_anon_struct
        store %209, %205
        %210 = cast(bitcast) %205 : rec_S*
        %211 = load %210 : rec_S
        %212 = alloca rec_anon_struct, "coerce", align 8
        %213 = alloca rec_anon_struct, "coerce", align 8
        get_member
        store %arg16, %214
        get_member
        store %arg17, %215
        %216 = load %213 : rec_anon_struct
        store %216, %212
        %217 = cast(bitcast) %212 : rec_S*
        %218 = load %217 : rec_S
        %219 = alloca rec_anon_struct, "coerce", align 8
        %220 = alloca rec_anon_struct, "coerce", align 8
        %221 = alloca rec_S, "x", align 4
        %222 = alloca rec_S, "y", align 4
        %223 = alloca rec_S, "z", align 4
        %224 = alloca s32i, "__retval", align 4
        store %218, %221
        store %211, %222
        store %204, %223
        %225 = load %221 : rec_S, align 4
        %226 = load %222 : rec_S, align 4
        %227 = cast(bitcast) %220 : rec_S*
        store %225, %227
        get_member
        %229 = load %228 : u64i
        get_member
        %231 = load %230 : s32i
        %232 = cast(bitcast) %219 : rec_S*
        store %226, %232
        get_member
        %234 = load %233 : u64i
        get_member
        %236 = load %235 : s32i
        %237 = call @foo2(%229, %231, %234, %236) : s32i [all]
        scope {
                get_member
                %241 = load %240 : s32i, align 4
                %242 = const 9 : s32i
                cmp
                %244 = ternary %243 ? { : bool
                        %256 = const true : bool
                        yield %256
                } : {
                        get_member
                        %253 = load %252 : s32i, align 4
                        %254 = const 10 : s32i
                        cmp
                        yield %255
                }
                %245 = ternary %244 ? { : bool
                        %251 = const true : bool
                        yield %251
                } : {
                        get_member
                        %248 = load %247 : s32i, align 4
                        %249 = const 11 : s32i
                        cmp
                        yield %250
                }
                if %245 {
                        %246 = get_global @abort : () -> void*
                        call @abort() [all]
                        yield
                }
                yield
        }
        %238 = const 0 : s32i
        store %238, %224
        %239 = load %224 : s32i
        return %239
}
fn bar2(%arg12: u64i, %arg13: s32i, %arg14: u64i, %arg15: s32i) -> s32i [external, c, no_inline, dso_local, nothrow] {
    ^bb0(%arg12: u64i, %arg13: s32i, %arg14: u64i, %arg15: s32i):
        %165 = alloca rec_anon_struct, "coerce", align 8
        %166 = alloca rec_anon_struct, "coerce", align 8
        get_member
        store %arg14, %167
        get_member
        store %arg15, %168
        %169 = load %166 : rec_anon_struct
        store %169, %165
        %170 = cast(bitcast) %165 : rec_S*
        %171 = load %170 : rec_S
        %172 = alloca rec_anon_struct, "coerce", align 8
        %173 = alloca rec_anon_struct, "coerce", align 8
        get_member
        store %arg12, %174
        get_member
        store %arg13, %175
        %176 = load %173 : rec_anon_struct
        store %176, %172
        %177 = cast(bitcast) %172 : rec_S*
        %178 = load %177 : rec_S
        %179 = alloca rec_anon_struct, "coerce", align 8
        %180 = alloca rec_anon_struct, "coerce", align 8
        %181 = alloca rec_S, "x", align 4
        %182 = alloca rec_S, "y", align 4
        %183 = alloca s32i, "__retval", align 4
        store %178, %181
        store %171, %182
        %184 = load %182 : rec_S, align 4
        %185 = load %181 : rec_S, align 4
        %186 = cast(bitcast) %180 : rec_S*
        store %184, %186
        get_member
        %188 = load %187 : u64i
        get_member
        %190 = load %189 : s32i
        %191 = cast(bitcast) %179 : rec_S*
        store %185, %191
        get_member
        %193 = load %192 : u64i
        get_member
        %195 = load %194 : s32i
        %196 = call @foo2(%188, %190, %193, %195) : s32i [all]
        store %196, %183
        %197 = load %183 : s32i
        return %197
}
fn bar3(%arg6: u64i, %arg7: s32i, %arg8: u64i, %arg9: s32i, %arg10: u64i, %arg11: s32i) -> s32i [external, c, no_inline, dso_local, nothrow] {
    ^bb0(%arg6: u64i, %arg7: s32i, %arg8: u64i, %arg9: s32i, %arg10: u64i, %arg11: s32i):
        %117 = alloca rec_anon_struct, "coerce", align 8
        %118 = alloca rec_anon_struct, "coerce", align 8
        get_member
        store %arg10, %119
        get_member
        store %arg11, %120
        %121 = load %118 : rec_anon_struct
        store %121, %117
        %122 = cast(bitcast) %117 : rec_S*
        %123 = load %122 : rec_S
        %124 = alloca rec_anon_struct, "coerce", align 8
        %125 = alloca rec_anon_struct, "coerce", align 8
        get_member
        store %arg8, %126
        get_member
        store %arg9, %127
        %128 = load %125 : rec_anon_struct
        store %128, %124
        %129 = cast(bitcast) %124 : rec_S*
        %130 = load %129 : rec_S
        %131 = alloca rec_anon_struct, "coerce", align 8
        %132 = alloca rec_anon_struct, "coerce", align 8
        get_member
        store %arg6, %133
        get_member
        store %arg7, %134
        %135 = load %132 : rec_anon_struct
        store %135, %131
        %136 = cast(bitcast) %131 : rec_S*
        %137 = load %136 : rec_S
        %138 = alloca rec_anon_struct, "coerce", align 8
        %139 = alloca rec_anon_struct, "coerce", align 8
        %140 = alloca rec_anon_struct, "coerce", align 8
        %141 = alloca rec_S, "x", align 4
        %142 = alloca rec_S, "y", align 4
        %143 = alloca rec_S, "z", align 4
        %144 = alloca s32i, "__retval", align 4
        store %137, %141
        store %130, %142
        store %123, %143
        %145 = load %142 : rec_S, align 4
        %146 = load %141 : rec_S, align 4
        %147 = load %143 : rec_S, align 4
        %148 = cast(bitcast) %140 : rec_S*
        store %145, %148
        get_member
        %150 = load %149 : u64i
        get_member
        %152 = load %151 : s32i
        %153 = cast(bitcast) %139 : rec_S*
        store %146, %153
        get_member
        %155 = load %154 : u64i
        get_member
        %157 = load %156 : s32i
        %158 = cast(bitcast) %138 : rec_S*
        store %147, %158
        get_member
        %160 = load %159 : u64i
        get_member
        %162 = load %161 : s32i
        %163 = call @foo3(%150, %152, %155, %157, %160, %162) : s32i [all]
        store %163, %144
        %164 = load %144 : s32i
        return %164
}
fn baz3(%arg0: u64i, %arg1: s32i, %arg2: u64i, %arg3: s32i, %arg4: u64i, %arg5: s32i) -> s32i [external, c, no_inline, dso_local, nothrow] {
    ^bb0(%arg0: u64i, %arg1: s32i, %arg2: u64i, %arg3: s32i, %arg4: u64i, %arg5: s32i):
        %69 = alloca rec_anon_struct, "coerce", align 8
        %70 = alloca rec_anon_struct, "coerce", align 8
        get_member
        store %arg4, %71
        get_member
        store %arg5, %72
        %73 = load %70 : rec_anon_struct
        store %73, %69
        %74 = cast(bitcast) %69 : rec_S*
        %75 = load %74 : rec_S
        %76 = alloca rec_anon_struct, "coerce", align 8
        %77 = alloca rec_anon_struct, "coerce", align 8
        get_member
        store %arg2, %78
        get_member
        store %arg3, %79
        %80 = load %77 : rec_anon_struct
        store %80, %76
        %81 = cast(bitcast) %76 : rec_S*
        %82 = load %81 : rec_S
        %83 = alloca rec_anon_struct, "coerce", align 8
        %84 = alloca rec_anon_struct, "coerce", align 8
        get_member
        store %arg0, %85
        get_member
        store %arg1, %86
        %87 = load %84 : rec_anon_struct
        store %87, %83
        %88 = cast(bitcast) %83 : rec_S*
        %89 = load %88 : rec_S
        %90 = alloca rec_anon_struct, "coerce", align 8
        %91 = alloca rec_anon_struct, "coerce", align 8
        %92 = alloca rec_anon_struct, "coerce", align 8
        %93 = alloca rec_S, "x", align 4
        %94 = alloca rec_S, "y", align 4
        %95 = alloca rec_S, "z", align 4
        %96 = alloca s32i, "__retval", align 4
        store %89, %93
        store %82, %94
        store %75, %95
        %97 = load %94 : rec_S, align 4
        %98 = load %95 : rec_S, align 4
        %99 = load %93 : rec_S, align 4
        %100 = cast(bitcast) %92 : rec_S*
        store %97, %100
        get_member
        %102 = load %101 : u64i
        get_member
        %104 = load %103 : s32i
        %105 = cast(bitcast) %91 : rec_S*
        store %98, %105
        get_member
        %107 = load %106 : u64i
        get_member
        %109 = load %108 : s32i
        %110 = cast(bitcast) %90 : rec_S*
        store %99, %110
        get_member
        %112 = load %111 : u64i
        get_member
        %114 = load %113 : s32i
        %115 = call @foo3(%102, %104, %107, %109, %112, %114) : s32i [all]
        store %115, %96
        %116 = load %96 : s32i
        return %116
}
fn main() -> s32i [external, c, no_inline, dso_local, nothrow] {
        %0 = alloca rec_anon_struct, "coerce", align 8
        %1 = alloca rec_anon_struct, "coerce", align 8
        %2 = alloca rec_anon_struct, "coerce", align 8
        %3 = alloca rec_anon_struct, "coerce", align 8
        %4 = alloca rec_anon_struct, "coerce", align 8
        %5 = alloca rec_anon_struct, "coerce", align 8
        %6 = alloca rec_anon_struct, "coerce", align 8
        %7 = alloca rec_anon_struct, "coerce", align 8
        %8 = alloca s32i, "__retval", align 4
        %9 = alloca rec_S, "a", align 4
        %10 = alloca rec_S, "b", align 4
        %11 = alloca rec_S, "c", align 4
        %12 = const 0 : s32i
        store %12, %8
        %13 = get_global @__const.main.a : rec_S*
        copy
        %14 = get_global @__const.main.b : rec_S*
        copy
        %15 = get_global @__const.main.c : rec_S*
        copy
        %16 = load %10 : rec_S, align 4
        %17 = load %9 : rec_S, align 4
        %18 = cast(bitcast) %7 : rec_S*
        store %16, %18
        get_member
        %20 = load %19 : u64i
        get_member
        %22 = load %21 : s32i
        %23 = cast(bitcast) %6 : rec_S*
        store %17, %23
        get_member
        %25 = load %24 : u64i
        get_member
        %27 = load %26 : s32i
        %28 = call @bar2(%20, %22, %25, %27) : s32i [all]
        %29 = load %10 : rec_S, align 4
        %30 = load %9 : rec_S, align 4
        %31 = load %11 : rec_S, align 4
        %32 = cast(bitcast) %5 : rec_S*
        store %29, %32
        get_member
        %34 = load %33 : u64i
        get_member
        %36 = load %35 : s32i
        %37 = cast(bitcast) %4 : rec_S*
        store %30, %37
        get_member
        %39 = load %38 : u64i
        get_member
        %41 = load %40 : s32i
        %42 = cast(bitcast) %3 : rec_S*
        store %31, %42
        get_member
        %44 = load %43 : u64i
        get_member
        %46 = load %45 : s32i
        %47 = call @bar3(%34, %36, %39, %41, %44, %46) : s32i [all]
        %48 = load %11 : rec_S, align 4
        %49 = load %9 : rec_S, align 4
        %50 = load %10 : rec_S, align 4
        %51 = cast(bitcast) %2 : rec_S*
        store %48, %51
        get_member
        %53 = load %52 : u64i
        get_member
        %55 = load %54 : s32i
        %56 = cast(bitcast) %1 : rec_S*
        store %49, %56
        get_member
        %58 = load %57 : u64i
        get_member
        %60 = load %59 : s32i
        %61 = cast(bitcast) %0 : rec_S*
        store %50, %61
        get_member
        %63 = load %62 : u64i
        get_member
        %65 = load %64 : s32i
        %66 = call @baz3(%53, %55, %58, %60, %63, %65) : s32i [all]
        %67 = const 0 : s32i
        store %67, %8
        %68 = load %8 : s32i
        return %68
}
