---
source: clang-ir/tests/snapshot_fixtures.rs
expression: snapshot
---
module "tests/fixtures.gcc-torture/pr40386.c" (c, x86_64-unknown-linux-gnu)
global c : s8i = CirInt { ty: Named("s8i"), value: "52" } [external, default, align 1, dso_local]
global s : s16i = CirInt { ty: Named("s16i"), value: "-3532" } [external, default, align 2, dso_local]
global i : s32i = CirInt { ty: Named("s32i"), value: "62004" } [external, default, align 4, dso_local]
global l : s64i = CirInt { ty: Named("s64i"), value: "4063516280" } [external, default, align 8, dso_local]
global ll : s64i = CirInt { ty: Named("s64i"), value: "1090791845765373680" } [external, default, align 8, dso_local]
global shift1 : s32i = CirInt { ty: Named("s32i"), value: "4" } [external, default, align 4, dso_local]
global shift2 : s32i = CirInt { ty: Named("s32i"), value: "60" } [external, default, align 4, dso_local]

fn abort() -> void [external, c, nothrow];
fn exit(%arg0: s32i) -> void [external, c];
fn main() -> s32i [external, c, no_inline, dso_local, nothrow] {
        %0 = alloca s32i, "__retval", align 4
        %1 = const 0 : s32i
        store %1, %0
        scope {
                %698 = get_global @c : s8i*
                %699 = load %698 : s8i, align 1
                %700 = cast(integral) %699 : s32i
                %701 = get_global @shift1 : s32i*
                %702 = load %701 : s32i, align 4
                shift
                %704 = get_global @c : s8i*
                %705 = load %704 : s8i, align 1
                %706 = cast(integral) %705 : s32i
                %707 = const 1 : u64i
                %708 = const 8 : u64i
                mul
                %710 = get_global @shift1 : s32i*
                %711 = load %710 : s32i, align 4
                %712 = cast(integral) %711 : u64i
                sub
                shift
                or
                %716 = const 52 : s32i
                %717 = const 4 : s32i
                shift
                %719 = const 52 : s32i
                %720 = const 1 : u64i
                %721 = const 8 : u64i
                mul
                %723 = const 4 : u64i
                sub
                shift
                or
                cmp
                if %727 {
                        %728 = get_global @abort : () -> void*
                        call @abort() [all]
                        yield
                }
                yield
        }
        scope {
                %670 = get_global @c : s8i*
                %671 = load %670 : s8i, align 1
                %672 = cast(integral) %671 : s32i
                %673 = const 4 : s32i
                shift
                %675 = get_global @c : s8i*
                %676 = load %675 : s8i, align 1
                %677 = cast(integral) %676 : s32i
                %678 = const 1 : u64i
                %679 = const 8 : u64i
                mul
                %681 = const 4 : u64i
                sub
                shift
                or
                %685 = const 52 : s32i
                %686 = const 4 : s32i
                shift
                %688 = const 52 : s32i
                %689 = const 1 : u64i
                %690 = const 8 : u64i
                mul
                %692 = const 4 : u64i
                sub
                shift
                or
                cmp
                if %696 {
                        %697 = get_global @abort : () -> void*
                        call @abort() [all]
                        yield
                }
                yield
        }
        scope {
                %639 = get_global @s : s16i*
                %640 = load %639 : s16i, align 2
                %641 = cast(integral) %640 : s32i
                %642 = get_global @shift1 : s32i*
                %643 = load %642 : s32i, align 4
                shift
                %645 = get_global @s : s16i*
                %646 = load %645 : s16i, align 2
                %647 = cast(integral) %646 : s32i
                %648 = const 2 : u64i
                %649 = const 8 : u64i
                mul
                %651 = get_global @shift1 : s32i*
                %652 = load %651 : s32i, align 4
                %653 = cast(integral) %652 : u64i
                sub
                shift
                or
                %657 = const -3532 : s32i
                %658 = const 4 : s32i
                shift
                %660 = const -3532 : s32i
                %661 = const 2 : u64i
                %662 = const 8 : u64i
                mul
                %664 = const 4 : u64i
                sub
                shift
                or
                cmp
                if %668 {
                        %669 = get_global @abort : () -> void*
                        call @abort() [all]
                        yield
                }
                yield
        }
        scope {
                %611 = get_global @s : s16i*
                %612 = load %611 : s16i, align 2
                %613 = cast(integral) %612 : s32i
                %614 = const 4 : s32i
                shift
                %616 = get_global @s : s16i*
                %617 = load %616 : s16i, align 2
                %618 = cast(integral) %617 : s32i
                %619 = const 2 : u64i
                %620 = const 8 : u64i
                mul
                %622 = const 4 : u64i
                sub
                shift
                or
                %626 = const -3532 : s32i
                %627 = const 4 : s32i
                shift
                %629 = const -3532 : s32i
                %630 = const 2 : u64i
                %631 = const 8 : u64i
                mul
                %633 = const 4 : u64i
                sub
                shift
                or
                cmp
                if %637 {
                        %638 = get_global @abort : () -> void*
                        call @abort() [all]
                        yield
                }
                yield
        }
        scope {
                %582 = get_global @i : s32i*
                %583 = load %582 : s32i, align 4
                %584 = get_global @shift1 : s32i*
                %585 = load %584 : s32i, align 4
                shift
                %587 = get_global @i : s32i*
                %588 = load %587 : s32i, align 4
                %589 = const 4 : u64i
                %590 = const 8 : u64i
                mul
                %592 = get_global @shift1 : s32i*
                %593 = load %592 : s32i, align 4
                %594 = cast(integral) %593 : u64i
                sub
                shift
                or
                %598 = const 62004 : s32i
                %599 = const 4 : s32i
                shift
                %601 = const 62004 : s32i
                %602 = const 4 : u64i
                %603 = const 8 : u64i
                mul
                %605 = const 4 : u64i
                sub
                shift
                or
                cmp
                if %609 {
                        %610 = get_global @abort : () -> void*
                        call @abort() [all]
                        yield
                }
                yield
        }
        scope {
                %556 = get_global @i : s32i*
                %557 = load %556 : s32i, align 4
                %558 = const 4 : s32i
                shift
                %560 = get_global @i : s32i*
                %561 = load %560 : s32i, align 4
                %562 = const 4 : u64i
                %563 = const 8 : u64i
                mul
                %565 = const 4 : u64i
                sub
                shift
                or
                %569 = const 62004 : s32i
                %570 = const 4 : s32i
                shift
                %572 = const 62004 : s32i
                %573 = const 4 : u64i
                %574 = const 8 : u64i
                mul
                %576 = const 4 : u64i
                sub
                shift
                or
                cmp
                if %580 {
                        %581 = get_global @abort : () -> void*
                        call @abort() [all]
                        yield
                }
                yield
        }
        scope {
                %527 = get_global @l : s64i*
                %528 = load %527 : s64i, align 8
                %529 = get_global @shift1 : s32i*
                %530 = load %529 : s32i, align 4
                shift
                %532 = get_global @l : s64i*
                %533 = load %532 : s64i, align 8
                %534 = const 8 : u64i
                %535 = const 8 : u64i
                mul
                %537 = get_global @shift1 : s32i*
                %538 = load %537 : s32i, align 4
                %539 = cast(integral) %538 : u64i
                sub
                shift
                or
                %543 = const 4063516280 : s64i
                %544 = const 4 : s32i
                shift
                %546 = const 4063516280 : s64i
                %547 = const 8 : u64i
                %548 = const 8 : u64i
                mul
                %550 = const 4 : u64i
                sub
                shift
                or
                cmp
                if %554 {
                        %555 = get_global @abort : () -> void*
                        call @abort() [all]
                        yield
                }
                yield
        }
        scope {
                %501 = get_global @l : s64i*
                %502 = load %501 : s64i, align 8
                %503 = const 4 : s32i
                shift
                %505 = get_global @l : s64i*
                %506 = load %505 : s64i, align 8
                %507 = const 8 : u64i
                %508 = const 8 : u64i
                mul
                %510 = const 4 : u64i
                sub
                shift
                or
                %514 = const 4063516280 : s64i
                %515 = const 4 : s32i
                shift
                %517 = const 4063516280 : s64i
                %518 = const 8 : u64i
                %519 = const 8 : u64i
                mul
                %521 = const 4 : u64i
                sub
                shift
                or
                cmp
                if %525 {
                        %526 = get_global @abort : () -> void*
                        call @abort() [all]
                        yield
                }
                yield
        }
        scope {
                %472 = get_global @ll : s64i*
                %473 = load %472 : s64i, align 8
                %474 = get_global @shift1 : s32i*
                %475 = load %474 : s32i, align 4
                shift
                %477 = get_global @ll : s64i*
                %478 = load %477 : s64i, align 8
                %479 = const 8 : u64i
                %480 = const 8 : u64i
                mul
                %482 = get_global @shift1 : s32i*
                %483 = load %482 : s32i, align 4
                %484 = cast(integral) %483 : u64i
                sub
                shift
                or
                %488 = const 1090791845765373680 : s64i
                %489 = const 4 : s32i
                shift
                %491 = const 1090791845765373680 : s64i
                %492 = const 8 : u64i
                %493 = const 8 : u64i
                mul
                %495 = const 4 : u64i
                sub
                shift
                or
                cmp
                if %499 {
                        %500 = get_global @abort : () -> void*
                        call @abort() [all]
                        yield
                }
                yield
        }
        scope {
                %446 = get_global @ll : s64i*
                %447 = load %446 : s64i, align 8
                %448 = const 4 : s32i
                shift
                %450 = get_global @ll : s64i*
                %451 = load %450 : s64i, align 8
                %452 = const 8 : u64i
                %453 = const 8 : u64i
                mul
                %455 = const 4 : u64i
                sub
                shift
                or
                %459 = const 1090791845765373680 : s64i
                %460 = const 4 : s32i
                shift
                %462 = const 1090791845765373680 : s64i
                %463 = const 8 : u64i
                %464 = const 8 : u64i
                mul
                %466 = const 4 : u64i
                sub
                shift
                or
                cmp
                if %470 {
                        %471 = get_global @abort : () -> void*
                        call @abort() [all]
                        yield
                }
                yield
        }
        scope {
                %409 = get_global @ll : s64i*
                %410 = load %409 : s64i, align 8
                %411 = get_global @shift2 : s32i*
                %412 = load %411 : s32i, align 4
                shift
                %414 = get_global @ll : s64i*
                %415 = load %414 : s64i, align 8
                %416 = const 8 : u64i
                %417 = const 8 : u64i
                mul
                %419 = get_global @shift2 : s32i*
                %420 = load %419 : s32i, align 4
                %421 = cast(integral) %420 : u64i
                sub
                shift
                or
                %425 = const 1090791845765373680 : s64i
                %426 = const 8 : u64i
                %427 = const 8 : u64i
                mul
                %429 = const 4 : u64i
                sub
                shift
                %432 = const 1090791845765373680 : s64i
                %433 = const 8 : u64i
                %434 = const 8 : u64i
                mul
                %436 = const 8 : u64i
                %437 = const 8 : u64i
                mul
                %439 = const 4 : u64i
                sub
                sub
                shift
                or
                cmp
                if %444 {
                        %445 = get_global @abort : () -> void*
                        call @abort() [all]
                        yield
                }
                yield
        }
        scope {
                %367 = get_global @ll : s64i*
                %368 = load %367 : s64i, align 8
                %369 = const 8 : u64i
                %370 = const 8 : u64i
                mul
                %372 = const 4 : u64i
                sub
                shift
                %375 = get_global @ll : s64i*
                %376 = load %375 : s64i, align 8
                %377 = const 8 : u64i
                %378 = const 8 : u64i
                mul
                %380 = const 8 : u64i
                %381 = const 8 : u64i
                mul
                %383 = const 4 : u64i
                sub
                sub
                shift
                or
                %388 = const 1090791845765373680 : s64i
                %389 = const 8 : u64i
                %390 = const 8 : u64i
                mul
                %392 = const 4 : u64i
                sub
                shift
                %395 = const 1090791845765373680 : s64i
                %396 = const 8 : u64i
                %397 = const 8 : u64i
                mul
                %399 = const 8 : u64i
                %400 = const 8 : u64i
                mul
                %402 = const 4 : u64i
                sub
                sub
                shift
                or
                cmp
                if %407 {
                        %408 = get_global @abort : () -> void*
                        call @abort() [all]
                        yield
                }
                yield
        }
        scope {
                %336 = get_global @c : s8i*
                %337 = load %336 : s8i, align 1
                %338 = cast(integral) %337 : s32i
                %339 = get_global @shift1 : s32i*
                %340 = load %339 : s32i, align 4
                shift
                %342 = get_global @c : s8i*
                %343 = load %342 : s8i, align 1
                %344 = cast(integral) %343 : s32i
                %345 = const 1 : u64i
                %346 = const 8 : u64i
                mul
                %348 = get_global @shift1 : s32i*
                %349 = load %348 : s32i, align 4
                %350 = cast(integral) %349 : u64i
                sub
                shift
                or
                %354 = const 52 : s32i
                %355 = const 4 : s32i
                shift
                %357 = const 52 : s32i
                %358 = const 1 : u64i
                %359 = const 8 : u64i
                mul
                %361 = const 4 : u64i
                sub
                shift
                or
                cmp
                if %365 {
                        %366 = get_global @abort : () -> void*
                        call @abort() [all]
                        yield
                }
                yield
        }
        scope {
                %308 = get_global @c : s8i*
                %309 = load %308 : s8i, align 1
                %310 = cast(integral) %309 : s32i
                %311 = const 4 : s32i
                shift
                %313 = get_global @c : s8i*
                %314 = load %313 : s8i, align 1
                %315 = cast(integral) %314 : s32i
                %316 = const 1 : u64i
                %317 = const 8 : u64i
                mul
                %319 = const 4 : u64i
                sub
                shift
                or
                %323 = const 52 : s32i
                %324 = const 4 : s32i
                shift
                %326 = const 52 : s32i
                %327 = const 1 : u64i
                %328 = const 8 : u64i
                mul
                %330 = const 4 : u64i
                sub
                shift
                or
                cmp
                if %334 {
                        %335 = get_global @abort : () -> void*
                        call @abort() [all]
                        yield
                }
                yield
        }
        scope {
                %277 = get_global @s : s16i*
                %278 = load %277 : s16i, align 2
                %279 = cast(integral) %278 : s32i
                %280 = get_global @shift1 : s32i*
                %281 = load %280 : s32i, align 4
                shift
                %283 = get_global @s : s16i*
                %284 = load %283 : s16i, align 2
                %285 = cast(integral) %284 : s32i
                %286 = const 2 : u64i
                %287 = const 8 : u64i
                mul
                %289 = get_global @shift1 : s32i*
                %290 = load %289 : s32i, align 4
                %291 = cast(integral) %290 : u64i
                sub
                shift
                or
                %295 = const -3532 : s32i
                %296 = const 4 : s32i
                shift
                %298 = const -3532 : s32i
                %299 = const 2 : u64i
                %300 = const 8 : u64i
                mul
                %302 = const 4 : u64i
                sub
                shift
                or
                cmp
                if %306 {
                        %307 = get_global @abort : () -> void*
                        call @abort() [all]
                        yield
                }
                yield
        }
        scope {
                %249 = get_global @s : s16i*
                %250 = load %249 : s16i, align 2
                %251 = cast(integral) %250 : s32i
                %252 = const 4 : s32i
                shift
                %254 = get_global @s : s16i*
                %255 = load %254 : s16i, align 2
                %256 = cast(integral) %255 : s32i
                %257 = const 2 : u64i
                %258 = const 8 : u64i
                mul
                %260 = const 4 : u64i
                sub
                shift
                or
                %264 = const -3532 : s32i
                %265 = const 4 : s32i
                shift
                %267 = const -3532 : s32i
                %268 = const 2 : u64i
                %269 = const 8 : u64i
                mul
                %271 = const 4 : u64i
                sub
                shift
                or
                cmp
                if %275 {
                        %276 = get_global @abort : () -> void*
                        call @abort() [all]
                        yield
                }
                yield
        }
        scope {
                %220 = get_global @i : s32i*
                %221 = load %220 : s32i, align 4
                %222 = get_global @shift1 : s32i*
                %223 = load %222 : s32i, align 4
                shift
                %225 = get_global @i : s32i*
                %226 = load %225 : s32i, align 4
                %227 = const 4 : u64i
                %228 = const 8 : u64i
                mul
                %230 = get_global @shift1 : s32i*
                %231 = load %230 : s32i, align 4
                %232 = cast(integral) %231 : u64i
                sub
                shift
                or
                %236 = const 62004 : s32i
                %237 = const 4 : s32i
                shift
                %239 = const 62004 : s32i
                %240 = const 4 : u64i
                %241 = const 8 : u64i
                mul
                %243 = const 4 : u64i
                sub
                shift
                or
                cmp
                if %247 {
                        %248 = get_global @abort : () -> void*
                        call @abort() [all]
                        yield
                }
                yield
        }
        scope {
                %194 = get_global @i : s32i*
                %195 = load %194 : s32i, align 4
                %196 = const 4 : s32i
                shift
                %198 = get_global @i : s32i*
                %199 = load %198 : s32i, align 4
                %200 = const 4 : u64i
                %201 = const 8 : u64i
                mul
                %203 = const 4 : u64i
                sub
                shift
                or
                %207 = const 62004 : s32i
                %208 = const 4 : s32i
                shift
                %210 = const 62004 : s32i
                %211 = const 4 : u64i
                %212 = const 8 : u64i
                mul
                %214 = const 4 : u64i
                sub
                shift
                or
                cmp
                if %218 {
                        %219 = get_global @abort : () -> void*
                        call @abort() [all]
                        yield
                }
                yield
        }
        scope {
                %165 = get_global @l : s64i*
                %166 = load %165 : s64i, align 8
                %167 = get_global @shift1 : s32i*
                %168 = load %167 : s32i, align 4
                shift
                %170 = get_global @l : s64i*
                %171 = load %170 : s64i, align 8
                %172 = const 8 : u64i
                %173 = const 8 : u64i
                mul
                %175 = get_global @shift1 : s32i*
                %176 = load %175 : s32i, align 4
                %177 = cast(integral) %176 : u64i
                sub
                shift
                or
                %181 = const 4063516280 : s64i
                %182 = const 4 : s32i
                shift
                %184 = const 4063516280 : s64i
                %185 = const 8 : u64i
                %186 = const 8 : u64i
                mul
                %188 = const 4 : u64i
                sub
                shift
                or
                cmp
                if %192 {
                        %193 = get_global @abort : () -> void*
                        call @abort() [all]
                        yield
                }
                yield
        }
        scope {
                %139 = get_global @l : s64i*
                %140 = load %139 : s64i, align 8
                %141 = const 4 : s32i
                shift
                %143 = get_global @l : s64i*
                %144 = load %143 : s64i, align 8
                %145 = const 8 : u64i
                %146 = const 8 : u64i
                mul
                %148 = const 4 : u64i
                sub
                shift
                or
                %152 = const 4063516280 : s64i
                %153 = const 4 : s32i
                shift
                %155 = const 4063516280 : s64i
                %156 = const 8 : u64i
                %157 = const 8 : u64i
                mul
                %159 = const 4 : u64i
                sub
                shift
                or
                cmp
                if %163 {
                        %164 = get_global @abort : () -> void*
                        call @abort() [all]
                        yield
                }
                yield
        }
        scope {
                %110 = get_global @ll : s64i*
                %111 = load %110 : s64i, align 8
                %112 = get_global @shift1 : s32i*
                %113 = load %112 : s32i, align 4
                shift
                %115 = get_global @ll : s64i*
                %116 = load %115 : s64i, align 8
                %117 = const 8 : u64i
                %118 = const 8 : u64i
                mul
                %120 = get_global @shift1 : s32i*
                %121 = load %120 : s32i, align 4
                %122 = cast(integral) %121 : u64i
                sub
                shift
                or
                %126 = const 1090791845765373680 : s64i
                %127 = const 4 : s32i
                shift
                %129 = const 1090791845765373680 : s64i
                %130 = const 8 : u64i
                %131 = const 8 : u64i
                mul
                %133 = const 4 : u64i
                sub
                shift
                or
                cmp
                if %137 {
                        %138 = get_global @abort : () -> void*
                        call @abort() [all]
                        yield
                }
                yield
        }
        scope {
                %84 = get_global @ll : s64i*
                %85 = load %84 : s64i, align 8
                %86 = const 4 : s32i
                shift
                %88 = get_global @ll : s64i*
                %89 = load %88 : s64i, align 8
                %90 = const 8 : u64i
                %91 = const 8 : u64i
                mul
                %93 = const 4 : u64i
                sub
                shift
                or
                %97 = const 1090791845765373680 : s64i
                %98 = const 4 : s32i
                shift
                %100 = const 1090791845765373680 : s64i
                %101 = const 8 : u64i
                %102 = const 8 : u64i
                mul
                %104 = const 4 : u64i
                sub
                shift
                or
                cmp
                if %108 {
                        %109 = get_global @abort : () -> void*
                        call @abort() [all]
                        yield
                }
                yield
        }
        scope {
                %47 = get_global @ll : s64i*
                %48 = load %47 : s64i, align 8
                %49 = get_global @shift2 : s32i*
                %50 = load %49 : s32i, align 4
                shift
                %52 = get_global @ll : s64i*
                %53 = load %52 : s64i, align 8
                %54 = const 8 : u64i
                %55 = const 8 : u64i
                mul
                %57 = get_global @shift2 : s32i*
                %58 = load %57 : s32i, align 4
                %59 = cast(integral) %58 : u64i
                sub
                shift
                or
                %63 = const 1090791845765373680 : s64i
                %64 = const 8 : u64i
                %65 = const 8 : u64i
                mul
                %67 = const 4 : u64i
                sub
                shift
                %70 = const 1090791845765373680 : s64i
                %71 = const 8 : u64i
                %72 = const 8 : u64i
                mul
                %74 = const 8 : u64i
                %75 = const 8 : u64i
                mul
                %77 = const 4 : u64i
                sub
                sub
                shift
                or
                cmp
                if %82 {
                        %83 = get_global @abort : () -> void*
                        call @abort() [all]
                        yield
                }
                yield
        }
        scope {
                %5 = get_global @ll : s64i*
                %6 = load %5 : s64i, align 8
                %7 = const 8 : u64i
                %8 = const 8 : u64i
                mul
                %10 = const 4 : u64i
                sub
                shift
                %13 = get_global @ll : s64i*
                %14 = load %13 : s64i, align 8
                %15 = const 8 : u64i
                %16 = const 8 : u64i
                mul
                %18 = const 8 : u64i
                %19 = const 8 : u64i
                mul
                %21 = const 4 : u64i
                sub
                sub
                shift
                or
                %26 = const 1090791845765373680 : s64i
                %27 = const 8 : u64i
                %28 = const 8 : u64i
                mul
                %30 = const 4 : u64i
                sub
                shift
                %33 = const 1090791845765373680 : s64i
                %34 = const 8 : u64i
                %35 = const 8 : u64i
                mul
                %37 = const 8 : u64i
                %38 = const 8 : u64i
                mul
                %40 = const 4 : u64i
                sub
                sub
                shift
                or
                cmp
                if %45 {
                        %46 = get_global @abort : () -> void*
                        call @abort() [all]
                        yield
                }
                yield
        }
        %2 = get_global @exit : (s32i) -> void*
        %3 = const 0 : s32i
        call @exit(%3) [all]
        %4 = load %0 : s32i
        return %4
}
