---
source: clang-ir/tests/snapshot_fixtures.rs
expression: snapshot
---
module "tests/fixtures.gcc-torture/20180131-1.c" (c, x86_64-unknown-linux-gnu)
global __const.main.u : rec_U = ConstRecord { ty: Named("rec_U"), members: Array([CirInt { ty: Named("s16i"), value: "-1" }]) } [cir_private, default, dso_local, constant]

fn f(%arg0: s32i, %arg1: s32i, %arg2: s32i, %arg3: s32i, %arg4: s32i) -> s32i [external, c, no_inline, dso_local, nothrow] {
    ^bb0(%arg0: s32i, %arg1: s32i, %arg2: s32i, %arg3: s32i, %arg4: s32i):
        %22 = alloca s32i, "coerce", align 4
        store %arg4, %22
        %23 = cast(bitcast) %22 : rec_U*
        %24 = load %23 : rec_U
        %25 = alloca s32i, "x", align 4
        %26 = alloca s32i, "y", align 4
        %27 = alloca s32i, "z", align 4
        %28 = alloca s32i, "a", align 4
        %29 = alloca rec_U, "u", align 4
        %30 = alloca s32i, "__retval", align 4
        store %arg0, %25
        store %arg1, %26
        store %arg2, %27
        store %arg3, %28
        store %24, %29
        get_member
        %32 = load %31 : s16i, align 4
        %33 = cast(integral) %32 : s32i
        %34 = const 0 : s32i
        cmp
        %36 = cast(bool_to_int) %35 : s32i
        get_member
        %38 = load %37 : u16i, align 4
        %39 = cast(integral) %38 : s32i
        %40 = add %36, %39 : s32i [nsw]
        store %40, %30
        %41 = load %30 : s32i
        return %41
}
fn abort() -> void [external, c, nothrow];
fn main() -> s32i [external, c, no_inline, dso_local, nothrow] {
        %0 = alloca rec_U, "coerce", align 4
        %1 = alloca s32i, "__retval", align 4
        %2 = alloca rec_U, "u", align 4
        %3 = const 0 : s32i
        store %3, %1
        %4 = get_global @__const.main.u : rec_U*
        copy
        scope {
                %7 = const 0 : s32i
                %8 = const 0 : s32i
                %9 = const 0 : s32i
                %10 = const 0 : s32i
                %11 = load %2 : rec_U, align 4
                store %11, %0
                %12 = cast(bitcast) %0 : s32i*
                %13 = load %12 : s32i
                %14 = call @f(%7, %8, %9, %10, %13) : s32i [all]
                %15 = const 1 : s32i
                %16 = const 2 : u64i
                %17 = const 8 : u64i
                mul
                shift
                cmp
                if %20 {
                        %21 = get_global @abort : () -> void*
                        call @abort() [all]
                        yield
                }
                yield
        }
        %5 = const 0 : s32i
        store %5, %1
        %6 = load %1 : s32i
        return %6
}
