---
source: clang-ir/tests/snapshot_fixtures.rs
expression: snapshot
---
module "tests/fixtures.gcc-torture/970214-1.c" (c, x86_64-unknown-linux-gnu)
fn exit(%arg0: s32i) -> void [external, c];
fn main() -> s32i [external, c, no_inline, dso_local, nothrow] {
        %0 = alloca s32i, "__retval", align 4
        %1 = const 0 : s32i
        store %1, %0
        %2 = get_global @exit : (s32i) -> void*
        %3 = const 49 : s32i
        %4 = const 49 : s32i
        cmp
        %6 = cast(bool_to_int) %5 : s32i
        call @exit(%6) [all]
        %7 = load %0 : s32i
        return %7
}
