---
source: tests/snapshot_fixtures.rs
expression: snapshot
---
module "tests/fixtures.gcc-torture/20071029-1.c" (c, x86_64-unknown-linux-gnu)
global test.i : s32i = 11 [internal, default, align 4, dso_local]

fn abort() -> void [external, c, nothrow];
fn exit(%arg0: s32i) -> void [external, c];
fn test(%arg1: rec_T*) -> void [external, c, no_inline, dso_local, nothrow] {
    ^bb0(%arg1: rec_T*):
        %79 = alloca rec_T*, "t", align 8
        store %arg1, %79
        %80 = get_global @test.i : s32i*
        scope {
            %155 = load %79 : rec_T*, align 8
            %156 = get_member %155[0] "f" : rec_anon2E0*
            %157 = get_member %156[0] "f1" : s32i*
            %158 = load %157 : s32i, align 8
            %159 = load %80 : s32i, align 4
            %160 = inc %159 : s32i [nsw]
            store %160, %80, align 4
            %161 = cmp ne %158, %159 : bool
            if %161 {
                %162 = get_global @abort : (() -> void)*
                call @abort() [all]
                yield
            }
            yield
        }
        scope {
            %86 = load %79 : rec_T*, align 8
            %87 = get_member %86[0] "f" : rec_anon2E0*
            %88 = get_member %87[1] "f2" : s32i*
            %89 = load %88 : s32i, align 4
            %90 = cast(int_to_bool) %89 : bool
            %91 = ternary %90 ? { : bool
                %154 = const true : bool
                yield %154
            } : {
                %149 = load %79 : rec_T*, align 8
                %150 = get_member %149[0] "f" : rec_anon2E0*
                %151 = get_member %150[2] "f3" : s32i*
                %152 = load %151 : s32i, align 8
                %153 = cast(int_to_bool) %152 : bool
                yield %153
            }
            %92 = ternary %91 ? { : bool
                %148 = const true : bool
                yield %148
            } : {
                %143 = load %79 : rec_T*, align 8
                %144 = get_member %143[0] "f" : rec_anon2E0*
                %145 = get_member %144[3] "f4" : s32i*
                %146 = load %145 : s32i, align 4
                %147 = cast(int_to_bool) %146 : bool
                yield %147
            }
            %93 = ternary %92 ? { : bool
                %142 = const true : bool
                yield %142
            } : {
                %137 = load %79 : rec_T*, align 8
                %138 = get_member %137[0] "f" : rec_anon2E0*
                %139 = get_member %138[4] "f5" : s32i*
                %140 = load %139 : s32i, align 8
                %141 = cast(int_to_bool) %140 : bool
                yield %141
            }
            %94 = ternary %93 ? { : bool
                %136 = const true : bool
                yield %136
            } : {
                %131 = load %79 : rec_T*, align 8
                %132 = get_member %131[0] "f" : rec_anon2E0*
                %133 = get_member %132[5] "f6" : s32i*
                %134 = load %133 : s32i, align 4
                %135 = cast(int_to_bool) %134 : bool
                yield %135
            }
            %95 = ternary %94 ? { : bool
                %130 = const true : bool
                yield %130
            } : {
                %125 = load %79 : rec_T*, align 8
                %126 = get_member %125[0] "f" : rec_anon2E0*
                %127 = get_member %126[6] "f7" : s32i*
                %128 = load %127 : s32i, align 8
                %129 = cast(int_to_bool) %128 : bool
                yield %129
            }
            %96 = ternary %95 ? { : bool
                %124 = const true : bool
                yield %124
            } : {
                %119 = load %79 : rec_T*, align 8
                %120 = get_member %119[0] "f" : rec_anon2E0*
                %121 = get_member %120[7] "f8" : s32i*
                %122 = load %121 : s32i, align 4
                %123 = cast(int_to_bool) %122 : bool
                yield %123
            }
            %97 = ternary %96 ? { : bool
                %118 = const true : bool
                yield %118
            } : {
                %113 = load %79 : rec_T*, align 8
                %114 = get_member %113[0] "f" : rec_anon2E0*
                %115 = get_member %114[8] "f9" : s64i*
                %116 = load %115 : s64i, align 8
                %117 = cast(int_to_bool) %116 : bool
                yield %117
            }
            %98 = ternary %97 ? { : bool
                %112 = const true : bool
                yield %112
            } : {
                %107 = load %79 : rec_T*, align 8
                %108 = get_member %107[0] "f" : rec_anon2E0*
                %109 = get_member %108[9] "f10" : s64i*
                %110 = load %109 : s64i, align 8
                %111 = cast(int_to_bool) %110 : bool
                yield %111
            }
            %99 = ternary %98 ? { : bool
                %106 = const true : bool
                yield %106
            } : {
                %101 = load %79 : rec_T*, align 8
                %102 = get_member %101[0] "f" : rec_anon2E0*
                %103 = get_member %102[10] "f11" : s32i*
                %104 = load %103 : s32i, align 8
                %105 = cast(int_to_bool) %104 : bool
                yield %105
            }
            if %99 {
                %100 = get_global @abort : (() -> void)*
                call @abort() [all]
                yield
            }
            yield
        }
        scope {
            %81 = load %80 : s32i, align 4
            %82 = const 20 : s32i
            %83 = cmp eq %81, %82 : bool
            if %83 {
                %84 = get_global @exit : ((s32i) -> void)*
                %85 = const 0 : s32i
                call @exit(%85) [all]
                yield
            }
            yield
        }
        return
}
fn foo(%arg0: s32i) -> void [external, c, no_inline, dso_local, nothrow] {
    ^bb0(%arg0: s32i):
        %52 = alloca s32i, "i", align 4
        %53 = alloca rec_T, "t", align 8
        %54 = alloca rec_T, ".compoundliteral", align 8
        store %arg0, %52
        br ^bb1
    ^bb1():
        label again:
        %55 = get_member %54[0] "f" : rec_anon2E0*
        %56 = get_member %55[0] "f1" : s32i*
        %57 = load %52 : s32i, align 4
        %58 = inc %57 : s32i [nsw]
        store %58, %52, align 4
        store %58, %56, align 8
        %59 = get_member %55[1] "f2" : s32i*
        %60 = const 0 : s32i
        store %60, %59, align 4
        %61 = get_member %55[2] "f3" : s32i*
        %62 = const 0 : s32i
        store %62, %61, align 8
        %63 = get_member %55[3] "f4" : s32i*
        %64 = const 0 : s32i
        store %64, %63, align 4
        %65 = get_member %55[4] "f5" : s32i*
        %66 = const 0 : s32i
        store %66, %65, align 8
        %67 = get_member %55[5] "f6" : s32i*
        %68 = const 0 : s32i
        store %68, %67, align 4
        %69 = get_member %55[6] "f7" : s32i*
        %70 = const 0 : s32i
        store %70, %69, align 8
        %71 = get_member %55[7] "f8" : s32i*
        %72 = const 0 : s32i
        store %72, %71, align 4
        %73 = get_member %55[8] "f9" : s64i*
        %74 = const 0 : s64i
        store %74, %73, align 8
        %75 = get_member %55[9] "f10" : s64i*
        %76 = const 0 : s64i
        store %76, %75, align 8
        %77 = get_member %55[10] "f11" : s32i*
        %78 = const 0 : s32i
        store %78, %77, align 8
        copy %53, %54
        call @test(%53) [all]
        goto again
}
fn main() -> s32i [external, c, no_inline, dso_local, nothrow] {
    %0 = alloca s32i, "__retval", align 4
    %1 = alloca rec_T*, "t1", align 8
    %2 = alloca rec_T*, "t2", align 8
    %3 = alloca s32i, "cnt", align 4
    %4 = alloca rec_T, ".compoundliteral", align 8
    %5 = const 0 : s32i
    store %5, %0
    %6 = const 0 : s32i
    store %6, %3, align 4
    %7 = const #cir.ptr<null> : rec_T*
    store %7, %1, align 8
    br ^bb1
    ^bb1():
        label loop:
        %8 = load %1 : rec_T*, align 8
        store %8, %2, align 8
        %9 = get_member %4[0] "f" : rec_anon2E0*
        %10 = get_member %9[0] "f1" : s32i*
        %11 = const 0 : s32i
        store %11, %10, align 8
        %12 = get_member %9[1] "f2" : s32i*
        %13 = const 0 : s32i
        store %13, %12, align 4
        %14 = get_member %9[2] "f3" : s32i*
        %15 = const 0 : s32i
        store %15, %14, align 8
        %16 = get_member %9[3] "f4" : s32i*
        %17 = const 0 : s32i
        store %17, %16, align 4
        %18 = get_member %9[4] "f5" : s32i*
        %19 = const 0 : s32i
        store %19, %18, align 8
        %20 = get_member %9[5] "f6" : s32i*
        %21 = const 0 : s32i
        store %21, %20, align 4
        %22 = get_member %9[6] "f7" : s32i*
        %23 = const 0 : s32i
        store %23, %22, align 8
        %24 = get_member %9[7] "f8" : s32i*
        %25 = const 0 : s32i
        store %25, %24, align 4
        %26 = get_member %9[8] "f9" : s64i*
        %27 = load %3 : s32i, align 4
        %28 = inc %27 : s32i [nsw]
        store %28, %3, align 4
        %29 = cast(integral) %27 : s64i
        store %29, %26, align 8
        %30 = get_member %9[9] "f10" : s64i*
        %31 = const 0 : s64i
        store %31, %30, align 8
        %32 = get_member %9[10] "f11" : s32i*
        %33 = const 0 : s32i
        store %33, %32, align 8
        store %4, %1, align 8
        scope {
            %49 = load %3 : s32i, align 4
            %50 = const 3 : s32i
            %51 = cmp lt %49, %50 : bool
            if %51 {
                goto loop
            }
            yield
        }
        scope {
            %37 = load %1 : rec_T*, align 8
            %38 = load %2 : rec_T*, align 8
            %39 = cmp ne %37, %38 : bool
            %40 = ternary %39 ? { : bool
                %48 = const true : bool
                yield %48
            } : {
                %42 = load %1 : rec_T*, align 8
                %43 = get_member %42[0] "f" : rec_anon2E0*
                %44 = get_member %43[8] "f9" : s64i*
                %45 = load %44 : s64i, align 8
                %46 = const 2 : s64i
                %47 = cmp ne %45, %46 : bool
                yield %47
            }
            if %40 {
                %41 = get_global @abort : (() -> void)*
                call @abort() [all]
                yield
            }
            yield
        }
        %34 = const 10 : s32i
        call @foo(%34) [all]
        %35 = const 0 : s32i
        store %35, %0
        %36 = load %0 : s32i
        return %36
}
