---
source: tests/snapshot_fixtures.rs
expression: snapshot
---
module "/home/takashi/Projects/clang-ir-rs/tests/fixtures.gcc-torture/packed-2.c" (c, x86_64-unknown-linux-gnu)
global t : rec_s = zero [external, default, align 2, dso_local]

fn main() -> s32i [external, c, no_inline, dso_local, nothrow] {
    %0 = alloca s32i, "__retval", align 4
    %1 = const 0 : s32i
    store %1, %0
    %2 = const 0 : u64i
    %3 = get_global @t : rec_s*
    %4 = get_member %3[1] "b" : u64i*
    store %2, %4, align 2
    %5 = const 0 : s32i
    store %5, %0
    %6 = load %0 : s32i
    return %6
}
