---
source: tests/snapshot_fixtures.rs
expression: snapshot
---
module "/home/takashi/Projects/clang-ir-rs/tests/fixtures.gcc-torture/pr65427.c" (c, x86_64-unknown-linux-gnu)
global a : vector<8 x s32i> = zero [external, default, align 32, dso_local]
global c : vector<8 x s32i> = zero [external, default, align 32, dso_local]
global d : vector<8 x s32i> = zero [external, default, align 32, dso_local]
global b : vector<8 x s32i> = zero [external, default, align 32, dso_local]
global e : vector<8 x s32i> = zero [external, default, align 32, dso_local]
global f : vector<8 x s32i> = zero [external, default, align 32, dso_local]

fn foo(%arg0: s32i, %arg1: s32i) -> void [external, c, no_inline, dso_local, nothrow] {
    ^bb0(%arg0: s32i, %arg1: s32i):
        %44 = alloca s32i, "x", align 4
        %45 = alloca s32i, "y", align 4
        store %arg0, %44
        store %arg1, %45
        scope {
            do {
                scope {
                    scope {
                        %48 = load %44 : s32i, align 4
                        %49 = cast(int_to_bool) %48 : bool
                        if %49 {
                            %56 = get_global @a : vector<8 x s32i>*
                            %57 = load %56 : vector<8 x s32i>, align 32
                            %58 = get_global @c : vector<8 x s32i>*
                            %59 = load %58 : vector<8 x s32i>, align 32
                            %60 = xor %57, %59 : vector<8 x s32i>
                            %61 = get_global @d : vector<8 x s32i>*
                            store %60, %61, align 32
                            yield
                        } else {
                            %50 = get_global @a : vector<8 x s32i>*
                            %51 = load %50 : vector<8 x s32i>, align 32
                            %52 = get_global @b : vector<8 x s32i>*
                            %53 = load %52 : vector<8 x s32i>, align 32
                            %54 = xor %51, %53 : vector<8 x s32i>
                            %55 = get_global @d : vector<8 x s32i>*
                            store %54, %55, align 32
                            yield
                        }
                        yield
                    }
                    yield
                }
                yield
            } while {
                %46 = load %45 : s32i, align 4
                %47 = cast(int_to_bool) %46 : bool
                condition %47
            }
            yield
        }
        return
}
fn memcmp(%arg0: void*, %arg1: void*, %arg2: u64i) -> s32i [external, c, nothrow];
fn abort() -> void [external, c, nothrow];
fn main() -> s32i [external, c, no_inline, dso_local, nothrow] {
    %0 = alloca s32i, "__retval", align 4
    %1 = alloca vector<8 x s32i>, ".compoundliteral", align 32
    %2 = alloca vector<8 x s32i>, ".compoundliteral", align 32
    %3 = alloca vector<8 x s32i>, ".compoundliteral", align 32
    %4 = alloca vector<8 x s32i>, ".compoundliteral", align 32
    %5 = alloca vector<8 x s32i>, ".compoundliteral", align 32
    %6 = const 0 : s32i
    store %6, %0
    %7 = const [1, 2, 3, 4, 5, 6, 7, 8] : vector<8 x s32i>
    store %7, %1, align 32
    %8 = load %1 : vector<8 x s32i>, align 32
    %9 = get_global @a : vector<8 x s32i>*
    store %8, %9, align 32
    %10 = const [64, 128, 64, 128, 64, 128, 64, 128] : vector<8 x s32i>
    store %10, %2, align 32
    %11 = load %2 : vector<8 x s32i>, align 32
    %12 = get_global @b : vector<8 x s32i>*
    store %11, %12, align 32
    %13 = const [65, 130, 67, 132, 69, 134, 71, 136] : vector<8 x s32i>
    store %13, %3, align 32
    %14 = load %3 : vector<8 x s32i>, align 32
    %15 = get_global @e : vector<8 x s32i>*
    store %14, %15, align 32
    %16 = const 0 : s32i
    %17 = const 0 : s32i
    call @foo(%16, %17) [all]
    scope {
        %36 = get_global @d : vector<8 x s32i>*
        %37 = cast(bitcast) %36 : void*
        %38 = get_global @e : vector<8 x s32i>*
        %39 = cast(bitcast) %38 : void*
        %40 = const 32 : u64i
        %41 = call @memcmp(%37, %39, %40) : s32i [all]
        %42 = const 0 : s32i
        %43 = cmp ne %41, %42 : bool
        if %43 {
            call @abort() [all]
            yield
        }
        yield
    }
    %18 = const [128, 64, 128, 64, 128, 64, 128, 64] : vector<8 x s32i>
    store %18, %4, align 32
    %19 = load %4 : vector<8 x s32i>, align 32
    %20 = get_global @c : vector<8 x s32i>*
    store %19, %20, align 32
    %21 = const [129, 66, 131, 68, 133, 70, 135, 72] : vector<8 x s32i>
    store %21, %5, align 32
    %22 = load %5 : vector<8 x s32i>, align 32
    %23 = get_global @f : vector<8 x s32i>*
    store %22, %23, align 32
    %24 = const 1 : s32i
    %25 = const 0 : s32i
    call @foo(%24, %25) [all]
    scope {
        %28 = get_global @d : vector<8 x s32i>*
        %29 = cast(bitcast) %28 : void*
        %30 = get_global @f : vector<8 x s32i>*
        %31 = cast(bitcast) %30 : void*
        %32 = const 32 : u64i
        %33 = call @memcmp(%29, %31, %32) : s32i [all]
        %34 = const 0 : s32i
        %35 = cmp ne %33, %34 : bool
        if %35 {
            call @abort() [all]
            yield
        }
        yield
    }
    %26 = const 0 : s32i
    store %26, %0
    %27 = load %0 : s32i
    return %27
}
