---
source: tests/snapshot_fixtures.rs
expression: snapshot
---
module "/home/takashi/Projects/clang-ir-rs/tests/fixtures.gcc-torture/strlen-3.c" (c, x86_64-unknown-linux-gnu)
global v0 : s32i = 0 [external, default, align 4, dso_local]
global v1 : s32i = 1 [external, default, align 4, dso_local]
global v2 : s32i = 2 [external, default, align 4, dso_local]
global v3 : s32i = 3 [external, default, align 4, dso_local]
global v4 : s32i = 4 [external, default, align 4, dso_local]
global v5 : s32i = 5 [external, default, align 4, dso_local]
global v6 : s32i = 6 [external, default, align 4, dso_local]
global v7 : s32i = 7 [external, default, align 4, dso_local]
global a : s8i[9][3][2] = [[[49], [49, 0, 50]], [[49, 50, 0, 51], [49, 50, 51, 0, 52]]] [internal, default, align 16, dso_local, constant]
global .str : s8i[26] = "assertion on line %i: %s\n" [cir_private, default, align 1, dso_local, constant]
global .str.1 : s8i[23] = "strlen(a[i0][i0]) == 1" [cir_private, default, align 1, dso_local, constant]
global .str.2 : s8i[23] = "strlen(a[i0][i1]) == 1" [cir_private, default, align 1, dso_local, constant]
global .str.3 : s8i[23] = "strlen(a[i1][i0]) == 2" [cir_private, default, align 1, dso_local, constant]
global .str.4 : s8i[23] = "strlen(a[i1][i1]) == 3" [cir_private, default, align 1, dso_local, constant]
global .str.5 : s8i[28] = "strlen(&a[i0][i0][i0]) == 1" [cir_private, default, align 1, dso_local, constant]
global .str.6 : s8i[28] = "strlen(&a[i0][i1][i0]) == 1" [cir_private, default, align 1, dso_local, constant]
global .str.7 : s8i[28] = "strlen(&a[i0][i1][i1]) == 0" [cir_private, default, align 1, dso_local, constant]
global .str.8 : s8i[28] = "strlen(&a[i0][i1][i2]) == 1" [cir_private, default, align 1, dso_local, constant]
global .str.9 : s8i[28] = "strlen(&a[i0][i1][i3]) == 0" [cir_private, default, align 1, dso_local, constant]
global .str.10 : s8i[28] = "strlen(&a[i1][i0][i0]) == 2" [cir_private, default, align 1, dso_local, constant]
global .str.11 : s8i[28] = "strlen(&a[i1][i1][i0]) == 3" [cir_private, default, align 1, dso_local, constant]
global .str.12 : s8i[28] = "strlen(&a[i1][i1][i1]) == 2" [cir_private, default, align 1, dso_local, constant]
global .str.13 : s8i[28] = "strlen(&a[i1][i1][i2]) == 1" [cir_private, default, align 1, dso_local, constant]
global .str.14 : s8i[28] = "strlen(&a[i1][i1][i3]) == 0" [cir_private, default, align 1, dso_local, constant]
global .str.15 : s8i[28] = "strlen(&a[i1][i1][i4]) == 1" [cir_private, default, align 1, dso_local, constant]
global .str.16 : s8i[28] = "strlen(&a[i1][i1][i5]) == 0" [cir_private, default, align 1, dso_local, constant]
global .str.17 : s8i[28] = "strlen(&a[i1][i1][i6]) == 0" [cir_private, default, align 1, dso_local, constant]
global .str.18 : s8i[28] = "strlen(&a[i1][i1][i7]) == 0" [cir_private, default, align 1, dso_local, constant]
global .str.19 : s8i[33] = "strlen(&a[i0][i0][i0] + i1) == 0" [cir_private, default, align 1, dso_local, constant]
global .str.20 : s8i[33] = "strlen(&a[i0][i1][i0] + i1) == 0" [cir_private, default, align 1, dso_local, constant]
global .str.21 : s8i[33] = "strlen(&a[i0][i1][i0] + i7) == 0" [cir_private, default, align 1, dso_local, constant]
global .str.22 : s8i[33] = "strlen(&a[i1][i0][i0] + i1) == 1" [cir_private, default, align 1, dso_local, constant]
global .str.23 : s8i[33] = "strlen(&a[i1][i1][i0] + i1) == 2" [cir_private, default, align 1, dso_local, constant]
global .str.24 : s8i[33] = "strlen(&a[i1][i1][i0] + i2) == 1" [cir_private, default, align 1, dso_local, constant]
global .str.25 : s8i[33] = "strlen(&a[i1][i1][i0] + i3) == 0" [cir_private, default, align 1, dso_local, constant]
global .str.26 : s8i[33] = "strlen(&a[i1][i1][i0] + i4) == 1" [cir_private, default, align 1, dso_local, constant]
global .str.27 : s8i[33] = "strlen(&a[i1][i1][i0] + i5) == 0" [cir_private, default, align 1, dso_local, constant]
global .str.28 : s8i[33] = "strlen(&a[i1][i1][i0] + i6) == 0" [cir_private, default, align 1, dso_local, constant]
global .str.29 : s8i[33] = "strlen(&a[i1][i1][i0] + i7) == 0" [cir_private, default, align 1, dso_local, constant]
global .str.30 : s8i[33] = "strlen(&a[i0][i0][i0] + v1) == 0" [cir_private, default, align 1, dso_local, constant]
global .str.31 : s8i[33] = "strlen(&a[i0][i0][i0] + v2) == 0" [cir_private, default, align 1, dso_local, constant]
global .str.32 : s8i[33] = "strlen(&a[i0][i0][i0] + v7) == 0" [cir_private, default, align 1, dso_local, constant]
global .str.33 : s8i[33] = "strlen(&a[i0][i1][i0] + v1) == 0" [cir_private, default, align 1, dso_local, constant]
global .str.34 : s8i[33] = "strlen(&a[i0][i1][i0] + v2) == 1" [cir_private, default, align 1, dso_local, constant]
global .str.35 : s8i[33] = "strlen(&a[i0][i1][i0] + v3) == 0" [cir_private, default, align 1, dso_local, constant]
global .str.36 : s8i[33] = "strlen(&a[i1][i0][i0] + v1) == 1" [cir_private, default, align 1, dso_local, constant]
global .str.37 : s8i[33] = "strlen(&a[i1][i1][i0] + v1) == 2" [cir_private, default, align 1, dso_local, constant]
global .str.38 : s8i[33] = "strlen(&a[i1][i1][i0] + v2) == 1" [cir_private, default, align 1, dso_local, constant]
global .str.39 : s8i[33] = "strlen(&a[i1][i1][i0] + v3) == 0" [cir_private, default, align 1, dso_local, constant]
global .str.40 : s8i[33] = "strlen(&a[i1][i1][i0] + v4) == 1" [cir_private, default, align 1, dso_local, constant]
global .str.41 : s8i[33] = "strlen(&a[i1][i1][i0] + v5) == 0" [cir_private, default, align 1, dso_local, constant]
global .str.42 : s8i[33] = "strlen(&a[i1][i1][i0] + v6) == 0" [cir_private, default, align 1, dso_local, constant]
global .str.43 : s8i[33] = "strlen(&a[i1][i1][i0] + v7) == 0" [cir_private, default, align 1, dso_local, constant]

fn strlen(%arg0: s8i*) -> u64i [external, c, nothrow];
fn printf(%arg0: s8i*, ...) -> s32i [external, c, nothrow];
fn abort() -> void [external, c, nothrow];
fn test_array_ref() -> void [external, c, no_inline, dso_local, nothrow] {
    %3 = alloca s32i, "i0", align 4
    %4 = alloca s32i, "i1", align 4
    %5 = alloca s32i, "i2", align 4
    %6 = alloca s32i, "i3", align 4
    %7 = alloca s32i, "i4", align 4
    %8 = alloca s32i, "i5", align 4
    %9 = alloca s32i, "i6", align 4
    %10 = alloca s32i, "i7", align 4
    %11 = const 0 : s32i
    store %11, %3, align 4
    %12 = load %3 : s32i, align 4
    %13 = const 1 : s32i
    %14 = add %12, %13 : s32i [nsw]
    store %14, %4, align 4
    %15 = load %4 : s32i, align 4
    %16 = const 1 : s32i
    %17 = add %15, %16 : s32i [nsw]
    store %17, %5, align 4
    %18 = load %5 : s32i, align 4
    %19 = const 1 : s32i
    %20 = add %18, %19 : s32i [nsw]
    store %20, %6, align 4
    %21 = load %6 : s32i, align 4
    %22 = const 1 : s32i
    %23 = add %21, %22 : s32i [nsw]
    store %23, %7, align 4
    %24 = load %7 : s32i, align 4
    %25 = const 1 : s32i
    %26 = add %24, %25 : s32i [nsw]
    store %26, %8, align 4
    %27 = load %8 : s32i, align 4
    %28 = const 1 : s32i
    %29 = add %27, %28 : s32i [nsw]
    store %29, %9, align 4
    %30 = load %9 : s32i, align 4
    %31 = const 1 : s32i
    %32 = add %30, %31 : s32i [nsw]
    store %32, %10, align 4
    %33 = get_global @strlen : ((s8i*) -> u64i)*
    %34 = load %3 : s32i, align 4
    %35 = cast(integral) %34 : s64i
    %36 = load %3 : s32i, align 4
    %37 = cast(integral) %36 : s64i
    %38 = get_global @a : s8i[9][3][2]*
    %39 = get_element %38[%37] : s8i[9][3]*
    %40 = get_element %39[%35] : s8i[9]*
    %41 = cast(array_to_ptrdecay) %40 : s8i*
    %42 = call @strlen(%41) : u64i [all]
    %43 = const 1 : u64i
    %44 = cmp eq %42, %43 : bool
    <unmodeled: cir.ternary>
    %45 = get_global @strlen : ((s8i*) -> u64i)*
    %46 = load %4 : s32i, align 4
    %47 = cast(integral) %46 : s64i
    %48 = load %3 : s32i, align 4
    %49 = cast(integral) %48 : s64i
    %50 = get_global @a : s8i[9][3][2]*
    %51 = get_element %50[%49] : s8i[9][3]*
    %52 = get_element %51[%47] : s8i[9]*
    %53 = cast(array_to_ptrdecay) %52 : s8i*
    %54 = call @strlen(%53) : u64i [all]
    %55 = const 1 : u64i
    %56 = cmp eq %54, %55 : bool
    <unmodeled: cir.ternary>
    %57 = get_global @strlen : ((s8i*) -> u64i)*
    %58 = load %3 : s32i, align 4
    %59 = cast(integral) %58 : s64i
    %60 = load %4 : s32i, align 4
    %61 = cast(integral) %60 : s64i
    %62 = get_global @a : s8i[9][3][2]*
    %63 = get_element %62[%61] : s8i[9][3]*
    %64 = get_element %63[%59] : s8i[9]*
    %65 = cast(array_to_ptrdecay) %64 : s8i*
    %66 = call @strlen(%65) : u64i [all]
    %67 = const 2 : u64i
    %68 = cmp eq %66, %67 : bool
    <unmodeled: cir.ternary>
    %69 = get_global @strlen : ((s8i*) -> u64i)*
    %70 = load %4 : s32i, align 4
    %71 = cast(integral) %70 : s64i
    %72 = load %4 : s32i, align 4
    %73 = cast(integral) %72 : s64i
    %74 = get_global @a : s8i[9][3][2]*
    %75 = get_element %74[%73] : s8i[9][3]*
    %76 = get_element %75[%71] : s8i[9]*
    %77 = cast(array_to_ptrdecay) %76 : s8i*
    %78 = call @strlen(%77) : u64i [all]
    %79 = const 3 : u64i
    %80 = cmp eq %78, %79 : bool
    <unmodeled: cir.ternary>
    %81 = get_global @strlen : ((s8i*) -> u64i)*
    %82 = load %3 : s32i, align 4
    %83 = cast(integral) %82 : s64i
    %84 = load %3 : s32i, align 4
    %85 = cast(integral) %84 : s64i
    %86 = load %3 : s32i, align 4
    %87 = cast(integral) %86 : s64i
    %88 = get_global @a : s8i[9][3][2]*
    %89 = get_element %88[%87] : s8i[9][3]*
    %90 = get_element %89[%85] : s8i[9]*
    %91 = get_element %90[%83] : s8i*
    %92 = call @strlen(%91) : u64i [all]
    %93 = const 1 : u64i
    %94 = cmp eq %92, %93 : bool
    <unmodeled: cir.ternary>
    %95 = get_global @strlen : ((s8i*) -> u64i)*
    %96 = load %3 : s32i, align 4
    %97 = cast(integral) %96 : s64i
    %98 = load %4 : s32i, align 4
    %99 = cast(integral) %98 : s64i
    %100 = load %3 : s32i, align 4
    %101 = cast(integral) %100 : s64i
    %102 = get_global @a : s8i[9][3][2]*
    %103 = get_element %102[%101] : s8i[9][3]*
    %104 = get_element %103[%99] : s8i[9]*
    %105 = get_element %104[%97] : s8i*
    %106 = call @strlen(%105) : u64i [all]
    %107 = const 1 : u64i
    %108 = cmp eq %106, %107 : bool
    <unmodeled: cir.ternary>
    %109 = get_global @strlen : ((s8i*) -> u64i)*
    %110 = load %4 : s32i, align 4
    %111 = cast(integral) %110 : s64i
    %112 = load %4 : s32i, align 4
    %113 = cast(integral) %112 : s64i
    %114 = load %3 : s32i, align 4
    %115 = cast(integral) %114 : s64i
    %116 = get_global @a : s8i[9][3][2]*
    %117 = get_element %116[%115] : s8i[9][3]*
    %118 = get_element %117[%113] : s8i[9]*
    %119 = get_element %118[%111] : s8i*
    %120 = call @strlen(%119) : u64i [all]
    %121 = const 0 : u64i
    %122 = cmp eq %120, %121 : bool
    <unmodeled: cir.ternary>
    %123 = get_global @strlen : ((s8i*) -> u64i)*
    %124 = load %5 : s32i, align 4
    %125 = cast(integral) %124 : s64i
    %126 = load %4 : s32i, align 4
    %127 = cast(integral) %126 : s64i
    %128 = load %3 : s32i, align 4
    %129 = cast(integral) %128 : s64i
    %130 = get_global @a : s8i[9][3][2]*
    %131 = get_element %130[%129] : s8i[9][3]*
    %132 = get_element %131[%127] : s8i[9]*
    %133 = get_element %132[%125] : s8i*
    %134 = call @strlen(%133) : u64i [all]
    %135 = const 1 : u64i
    %136 = cmp eq %134, %135 : bool
    <unmodeled: cir.ternary>
    %137 = get_global @strlen : ((s8i*) -> u64i)*
    %138 = load %6 : s32i, align 4
    %139 = cast(integral) %138 : s64i
    %140 = load %4 : s32i, align 4
    %141 = cast(integral) %140 : s64i
    %142 = load %3 : s32i, align 4
    %143 = cast(integral) %142 : s64i
    %144 = get_global @a : s8i[9][3][2]*
    %145 = get_element %144[%143] : s8i[9][3]*
    %146 = get_element %145[%141] : s8i[9]*
    %147 = get_element %146[%139] : s8i*
    %148 = call @strlen(%147) : u64i [all]
    %149 = const 0 : u64i
    %150 = cmp eq %148, %149 : bool
    <unmodeled: cir.ternary>
    %151 = get_global @strlen : ((s8i*) -> u64i)*
    %152 = load %6 : s32i, align 4
    %153 = cast(integral) %152 : s64i
    %154 = load %4 : s32i, align 4
    %155 = cast(integral) %154 : s64i
    %156 = load %3 : s32i, align 4
    %157 = cast(integral) %156 : s64i
    %158 = get_global @a : s8i[9][3][2]*
    %159 = get_element %158[%157] : s8i[9][3]*
    %160 = get_element %159[%155] : s8i[9]*
    %161 = get_element %160[%153] : s8i*
    %162 = call @strlen(%161) : u64i [all]
    %163 = const 0 : u64i
    %164 = cmp eq %162, %163 : bool
    <unmodeled: cir.ternary>
    %165 = get_global @strlen : ((s8i*) -> u64i)*
    %166 = load %3 : s32i, align 4
    %167 = cast(integral) %166 : s64i
    %168 = load %3 : s32i, align 4
    %169 = cast(integral) %168 : s64i
    %170 = load %4 : s32i, align 4
    %171 = cast(integral) %170 : s64i
    %172 = get_global @a : s8i[9][3][2]*
    %173 = get_element %172[%171] : s8i[9][3]*
    %174 = get_element %173[%169] : s8i[9]*
    %175 = get_element %174[%167] : s8i*
    %176 = call @strlen(%175) : u64i [all]
    %177 = const 2 : u64i
    %178 = cmp eq %176, %177 : bool
    <unmodeled: cir.ternary>
    %179 = get_global @strlen : ((s8i*) -> u64i)*
    %180 = load %3 : s32i, align 4
    %181 = cast(integral) %180 : s64i
    %182 = load %4 : s32i, align 4
    %183 = cast(integral) %182 : s64i
    %184 = load %4 : s32i, align 4
    %185 = cast(integral) %184 : s64i
    %186 = get_global @a : s8i[9][3][2]*
    %187 = get_element %186[%185] : s8i[9][3]*
    %188 = get_element %187[%183] : s8i[9]*
    %189 = get_element %188[%181] : s8i*
    %190 = call @strlen(%189) : u64i [all]
    %191 = const 3 : u64i
    %192 = cmp eq %190, %191 : bool
    <unmodeled: cir.ternary>
    %193 = get_global @strlen : ((s8i*) -> u64i)*
    %194 = load %4 : s32i, align 4
    %195 = cast(integral) %194 : s64i
    %196 = load %4 : s32i, align 4
    %197 = cast(integral) %196 : s64i
    %198 = load %4 : s32i, align 4
    %199 = cast(integral) %198 : s64i
    %200 = get_global @a : s8i[9][3][2]*
    %201 = get_element %200[%199] : s8i[9][3]*
    %202 = get_element %201[%197] : s8i[9]*
    %203 = get_element %202[%195] : s8i*
    %204 = call @strlen(%203) : u64i [all]
    %205 = const 2 : u64i
    %206 = cmp eq %204, %205 : bool
    <unmodeled: cir.ternary>
    %207 = get_global @strlen : ((s8i*) -> u64i)*
    %208 = load %5 : s32i, align 4
    %209 = cast(integral) %208 : s64i
    %210 = load %4 : s32i, align 4
    %211 = cast(integral) %210 : s64i
    %212 = load %4 : s32i, align 4
    %213 = cast(integral) %212 : s64i
    %214 = get_global @a : s8i[9][3][2]*
    %215 = get_element %214[%213] : s8i[9][3]*
    %216 = get_element %215[%211] : s8i[9]*
    %217 = get_element %216[%209] : s8i*
    %218 = call @strlen(%217) : u64i [all]
    %219 = const 1 : u64i
    %220 = cmp eq %218, %219 : bool
    <unmodeled: cir.ternary>
    %221 = get_global @strlen : ((s8i*) -> u64i)*
    %222 = load %6 : s32i, align 4
    %223 = cast(integral) %222 : s64i
    %224 = load %4 : s32i, align 4
    %225 = cast(integral) %224 : s64i
    %226 = load %4 : s32i, align 4
    %227 = cast(integral) %226 : s64i
    %228 = get_global @a : s8i[9][3][2]*
    %229 = get_element %228[%227] : s8i[9][3]*
    %230 = get_element %229[%225] : s8i[9]*
    %231 = get_element %230[%223] : s8i*
    %232 = call @strlen(%231) : u64i [all]
    %233 = const 0 : u64i
    %234 = cmp eq %232, %233 : bool
    <unmodeled: cir.ternary>
    %235 = get_global @strlen : ((s8i*) -> u64i)*
    %236 = load %7 : s32i, align 4
    %237 = cast(integral) %236 : s64i
    %238 = load %4 : s32i, align 4
    %239 = cast(integral) %238 : s64i
    %240 = load %4 : s32i, align 4
    %241 = cast(integral) %240 : s64i
    %242 = get_global @a : s8i[9][3][2]*
    %243 = get_element %242[%241] : s8i[9][3]*
    %244 = get_element %243[%239] : s8i[9]*
    %245 = get_element %244[%237] : s8i*
    %246 = call @strlen(%245) : u64i [all]
    %247 = const 1 : u64i
    %248 = cmp eq %246, %247 : bool
    <unmodeled: cir.ternary>
    %249 = get_global @strlen : ((s8i*) -> u64i)*
    %250 = load %8 : s32i, align 4
    %251 = cast(integral) %250 : s64i
    %252 = load %4 : s32i, align 4
    %253 = cast(integral) %252 : s64i
    %254 = load %4 : s32i, align 4
    %255 = cast(integral) %254 : s64i
    %256 = get_global @a : s8i[9][3][2]*
    %257 = get_element %256[%255] : s8i[9][3]*
    %258 = get_element %257[%253] : s8i[9]*
    %259 = get_element %258[%251] : s8i*
    %260 = call @strlen(%259) : u64i [all]
    %261 = const 0 : u64i
    %262 = cmp eq %260, %261 : bool
    <unmodeled: cir.ternary>
    %263 = get_global @strlen : ((s8i*) -> u64i)*
    %264 = load %9 : s32i, align 4
    %265 = cast(integral) %264 : s64i
    %266 = load %4 : s32i, align 4
    %267 = cast(integral) %266 : s64i
    %268 = load %4 : s32i, align 4
    %269 = cast(integral) %268 : s64i
    %270 = get_global @a : s8i[9][3][2]*
    %271 = get_element %270[%269] : s8i[9][3]*
    %272 = get_element %271[%267] : s8i[9]*
    %273 = get_element %272[%265] : s8i*
    %274 = call @strlen(%273) : u64i [all]
    %275 = const 0 : u64i
    %276 = cmp eq %274, %275 : bool
    <unmodeled: cir.ternary>
    %277 = get_global @strlen : ((s8i*) -> u64i)*
    %278 = load %10 : s32i, align 4
    %279 = cast(integral) %278 : s64i
    %280 = load %4 : s32i, align 4
    %281 = cast(integral) %280 : s64i
    %282 = load %4 : s32i, align 4
    %283 = cast(integral) %282 : s64i
    %284 = get_global @a : s8i[9][3][2]*
    %285 = get_element %284[%283] : s8i[9][3]*
    %286 = get_element %285[%281] : s8i[9]*
    %287 = get_element %286[%279] : s8i*
    %288 = call @strlen(%287) : u64i [all]
    %289 = const 0 : u64i
    %290 = cmp eq %288, %289 : bool
    <unmodeled: cir.ternary>
    %291 = get_global @strlen : ((s8i*) -> u64i)*
    %292 = load %3 : s32i, align 4
    %293 = cast(integral) %292 : s64i
    %294 = load %3 : s32i, align 4
    %295 = cast(integral) %294 : s64i
    %296 = load %3 : s32i, align 4
    %297 = cast(integral) %296 : s64i
    %298 = get_global @a : s8i[9][3][2]*
    %299 = get_element %298[%297] : s8i[9][3]*
    %300 = get_element %299[%295] : s8i[9]*
    %301 = get_element %300[%293] : s8i*
    %302 = load %4 : s32i, align 4
    %303 = ptr_stride %301, %302 : s8i*
    %304 = call @strlen(%303) : u64i [all]
    %305 = const 0 : u64i
    %306 = cmp eq %304, %305 : bool
    <unmodeled: cir.ternary>
    %307 = get_global @strlen : ((s8i*) -> u64i)*
    %308 = load %3 : s32i, align 4
    %309 = cast(integral) %308 : s64i
    %310 = load %4 : s32i, align 4
    %311 = cast(integral) %310 : s64i
    %312 = load %3 : s32i, align 4
    %313 = cast(integral) %312 : s64i
    %314 = get_global @a : s8i[9][3][2]*
    %315 = get_element %314[%313] : s8i[9][3]*
    %316 = get_element %315[%311] : s8i[9]*
    %317 = get_element %316[%309] : s8i*
    %318 = load %4 : s32i, align 4
    %319 = ptr_stride %317, %318 : s8i*
    %320 = call @strlen(%319) : u64i [all]
    %321 = const 0 : u64i
    %322 = cmp eq %320, %321 : bool
    <unmodeled: cir.ternary>
    %323 = get_global @strlen : ((s8i*) -> u64i)*
    %324 = load %3 : s32i, align 4
    %325 = cast(integral) %324 : s64i
    %326 = load %4 : s32i, align 4
    %327 = cast(integral) %326 : s64i
    %328 = load %3 : s32i, align 4
    %329 = cast(integral) %328 : s64i
    %330 = get_global @a : s8i[9][3][2]*
    %331 = get_element %330[%329] : s8i[9][3]*
    %332 = get_element %331[%327] : s8i[9]*
    %333 = get_element %332[%325] : s8i*
    %334 = load %10 : s32i, align 4
    %335 = ptr_stride %333, %334 : s8i*
    %336 = call @strlen(%335) : u64i [all]
    %337 = const 0 : u64i
    %338 = cmp eq %336, %337 : bool
    <unmodeled: cir.ternary>
    %339 = get_global @strlen : ((s8i*) -> u64i)*
    %340 = load %3 : s32i, align 4
    %341 = cast(integral) %340 : s64i
    %342 = load %3 : s32i, align 4
    %343 = cast(integral) %342 : s64i
    %344 = load %4 : s32i, align 4
    %345 = cast(integral) %344 : s64i
    %346 = get_global @a : s8i[9][3][2]*
    %347 = get_element %346[%345] : s8i[9][3]*
    %348 = get_element %347[%343] : s8i[9]*
    %349 = get_element %348[%341] : s8i*
    %350 = load %4 : s32i, align 4
    %351 = ptr_stride %349, %350 : s8i*
    %352 = call @strlen(%351) : u64i [all]
    %353 = const 1 : u64i
    %354 = cmp eq %352, %353 : bool
    <unmodeled: cir.ternary>
    %355 = get_global @strlen : ((s8i*) -> u64i)*
    %356 = load %3 : s32i, align 4
    %357 = cast(integral) %356 : s64i
    %358 = load %4 : s32i, align 4
    %359 = cast(integral) %358 : s64i
    %360 = load %4 : s32i, align 4
    %361 = cast(integral) %360 : s64i
    %362 = get_global @a : s8i[9][3][2]*
    %363 = get_element %362[%361] : s8i[9][3]*
    %364 = get_element %363[%359] : s8i[9]*
    %365 = get_element %364[%357] : s8i*
    %366 = load %4 : s32i, align 4
    %367 = ptr_stride %365, %366 : s8i*
    %368 = call @strlen(%367) : u64i [all]
    %369 = const 2 : u64i
    %370 = cmp eq %368, %369 : bool
    <unmodeled: cir.ternary>
    %371 = get_global @strlen : ((s8i*) -> u64i)*
    %372 = load %3 : s32i, align 4
    %373 = cast(integral) %372 : s64i
    %374 = load %4 : s32i, align 4
    %375 = cast(integral) %374 : s64i
    %376 = load %4 : s32i, align 4
    %377 = cast(integral) %376 : s64i
    %378 = get_global @a : s8i[9][3][2]*
    %379 = get_element %378[%377] : s8i[9][3]*
    %380 = get_element %379[%375] : s8i[9]*
    %381 = get_element %380[%373] : s8i*
    %382 = load %5 : s32i, align 4
    %383 = ptr_stride %381, %382 : s8i*
    %384 = call @strlen(%383) : u64i [all]
    %385 = const 1 : u64i
    %386 = cmp eq %384, %385 : bool
    <unmodeled: cir.ternary>
    %387 = get_global @strlen : ((s8i*) -> u64i)*
    %388 = load %3 : s32i, align 4
    %389 = cast(integral) %388 : s64i
    %390 = load %4 : s32i, align 4
    %391 = cast(integral) %390 : s64i
    %392 = load %4 : s32i, align 4
    %393 = cast(integral) %392 : s64i
    %394 = get_global @a : s8i[9][3][2]*
    %395 = get_element %394[%393] : s8i[9][3]*
    %396 = get_element %395[%391] : s8i[9]*
    %397 = get_element %396[%389] : s8i*
    %398 = load %6 : s32i, align 4
    %399 = ptr_stride %397, %398 : s8i*
    %400 = call @strlen(%399) : u64i [all]
    %401 = const 0 : u64i
    %402 = cmp eq %400, %401 : bool
    <unmodeled: cir.ternary>
    %403 = get_global @strlen : ((s8i*) -> u64i)*
    %404 = load %3 : s32i, align 4
    %405 = cast(integral) %404 : s64i
    %406 = load %4 : s32i, align 4
    %407 = cast(integral) %406 : s64i
    %408 = load %4 : s32i, align 4
    %409 = cast(integral) %408 : s64i
    %410 = get_global @a : s8i[9][3][2]*
    %411 = get_element %410[%409] : s8i[9][3]*
    %412 = get_element %411[%407] : s8i[9]*
    %413 = get_element %412[%405] : s8i*
    %414 = load %7 : s32i, align 4
    %415 = ptr_stride %413, %414 : s8i*
    %416 = call @strlen(%415) : u64i [all]
    %417 = const 1 : u64i
    %418 = cmp eq %416, %417 : bool
    <unmodeled: cir.ternary>
    %419 = get_global @strlen : ((s8i*) -> u64i)*
    %420 = load %3 : s32i, align 4
    %421 = cast(integral) %420 : s64i
    %422 = load %4 : s32i, align 4
    %423 = cast(integral) %422 : s64i
    %424 = load %4 : s32i, align 4
    %425 = cast(integral) %424 : s64i
    %426 = get_global @a : s8i[9][3][2]*
    %427 = get_element %426[%425] : s8i[9][3]*
    %428 = get_element %427[%423] : s8i[9]*
    %429 = get_element %428[%421] : s8i*
    %430 = load %8 : s32i, align 4
    %431 = ptr_stride %429, %430 : s8i*
    %432 = call @strlen(%431) : u64i [all]
    %433 = const 0 : u64i
    %434 = cmp eq %432, %433 : bool
    <unmodeled: cir.ternary>
    %435 = get_global @strlen : ((s8i*) -> u64i)*
    %436 = load %3 : s32i, align 4
    %437 = cast(integral) %436 : s64i
    %438 = load %4 : s32i, align 4
    %439 = cast(integral) %438 : s64i
    %440 = load %4 : s32i, align 4
    %441 = cast(integral) %440 : s64i
    %442 = get_global @a : s8i[9][3][2]*
    %443 = get_element %442[%441] : s8i[9][3]*
    %444 = get_element %443[%439] : s8i[9]*
    %445 = get_element %444[%437] : s8i*
    %446 = load %9 : s32i, align 4
    %447 = ptr_stride %445, %446 : s8i*
    %448 = call @strlen(%447) : u64i [all]
    %449 = const 0 : u64i
    %450 = cmp eq %448, %449 : bool
    <unmodeled: cir.ternary>
    %451 = get_global @strlen : ((s8i*) -> u64i)*
    %452 = load %3 : s32i, align 4
    %453 = cast(integral) %452 : s64i
    %454 = load %4 : s32i, align 4
    %455 = cast(integral) %454 : s64i
    %456 = load %4 : s32i, align 4
    %457 = cast(integral) %456 : s64i
    %458 = get_global @a : s8i[9][3][2]*
    %459 = get_element %458[%457] : s8i[9][3]*
    %460 = get_element %459[%455] : s8i[9]*
    %461 = get_element %460[%453] : s8i*
    %462 = load %10 : s32i, align 4
    %463 = ptr_stride %461, %462 : s8i*
    %464 = call @strlen(%463) : u64i [all]
    %465 = const 0 : u64i
    %466 = cmp eq %464, %465 : bool
    <unmodeled: cir.ternary>
    %467 = get_global @strlen : ((s8i*) -> u64i)*
    %468 = load %3 : s32i, align 4
    %469 = cast(integral) %468 : s64i
    %470 = load %3 : s32i, align 4
    %471 = cast(integral) %470 : s64i
    %472 = get_global @a : s8i[9][3][2]*
    %473 = get_element %472[%471] : s8i[9][3]*
    %474 = get_element %473[%469] : s8i[9]*
    %475 = cast(array_to_ptrdecay) %474 : s8i*
    %476 = call @strlen(%475) : u64i [all]
    %477 = const 1 : u64i
    %478 = cmp eq %476, %477 : bool
    <unmodeled: cir.ternary>
    %479 = get_global @strlen : ((s8i*) -> u64i)*
    %480 = load %4 : s32i, align 4
    %481 = cast(integral) %480 : s64i
    %482 = load %3 : s32i, align 4
    %483 = cast(integral) %482 : s64i
    %484 = get_global @a : s8i[9][3][2]*
    %485 = get_element %484[%483] : s8i[9][3]*
    %486 = get_element %485[%481] : s8i[9]*
    %487 = cast(array_to_ptrdecay) %486 : s8i*
    %488 = call @strlen(%487) : u64i [all]
    %489 = const 1 : u64i
    %490 = cmp eq %488, %489 : bool
    <unmodeled: cir.ternary>
    %491 = get_global @strlen : ((s8i*) -> u64i)*
    %492 = load %3 : s32i, align 4
    %493 = cast(integral) %492 : s64i
    %494 = load %4 : s32i, align 4
    %495 = cast(integral) %494 : s64i
    %496 = get_global @a : s8i[9][3][2]*
    %497 = get_element %496[%495] : s8i[9][3]*
    %498 = get_element %497[%493] : s8i[9]*
    %499 = cast(array_to_ptrdecay) %498 : s8i*
    %500 = call @strlen(%499) : u64i [all]
    %501 = const 2 : u64i
    %502 = cmp eq %500, %501 : bool
    <unmodeled: cir.ternary>
    %503 = get_global @strlen : ((s8i*) -> u64i)*
    %504 = load %4 : s32i, align 4
    %505 = cast(integral) %504 : s64i
    %506 = load %4 : s32i, align 4
    %507 = cast(integral) %506 : s64i
    %508 = get_global @a : s8i[9][3][2]*
    %509 = get_element %508[%507] : s8i[9][3]*
    %510 = get_element %509[%505] : s8i[9]*
    %511 = cast(array_to_ptrdecay) %510 : s8i*
    %512 = call @strlen(%511) : u64i [all]
    %513 = const 3 : u64i
    %514 = cmp eq %512, %513 : bool
    <unmodeled: cir.ternary>
    %515 = get_global @strlen : ((s8i*) -> u64i)*
    %516 = load %3 : s32i, align 4
    %517 = cast(integral) %516 : s64i
    %518 = load %3 : s32i, align 4
    %519 = cast(integral) %518 : s64i
    %520 = load %3 : s32i, align 4
    %521 = cast(integral) %520 : s64i
    %522 = get_global @a : s8i[9][3][2]*
    %523 = get_element %522[%521] : s8i[9][3]*
    %524 = get_element %523[%519] : s8i[9]*
    %525 = get_element %524[%517] : s8i*
    %526 = call @strlen(%525) : u64i [all]
    %527 = const 1 : u64i
    %528 = cmp eq %526, %527 : bool
    <unmodeled: cir.ternary>
    %529 = get_global @strlen : ((s8i*) -> u64i)*
    %530 = load %3 : s32i, align 4
    %531 = cast(integral) %530 : s64i
    %532 = load %4 : s32i, align 4
    %533 = cast(integral) %532 : s64i
    %534 = load %3 : s32i, align 4
    %535 = cast(integral) %534 : s64i
    %536 = get_global @a : s8i[9][3][2]*
    %537 = get_element %536[%535] : s8i[9][3]*
    %538 = get_element %537[%533] : s8i[9]*
    %539 = get_element %538[%531] : s8i*
    %540 = call @strlen(%539) : u64i [all]
    %541 = const 1 : u64i
    %542 = cmp eq %540, %541 : bool
    <unmodeled: cir.ternary>
    %543 = get_global @strlen : ((s8i*) -> u64i)*
    %544 = load %3 : s32i, align 4
    %545 = cast(integral) %544 : s64i
    %546 = load %3 : s32i, align 4
    %547 = cast(integral) %546 : s64i
    %548 = load %4 : s32i, align 4
    %549 = cast(integral) %548 : s64i
    %550 = get_global @a : s8i[9][3][2]*
    %551 = get_element %550[%549] : s8i[9][3]*
    %552 = get_element %551[%547] : s8i[9]*
    %553 = get_element %552[%545] : s8i*
    %554 = call @strlen(%553) : u64i [all]
    %555 = const 2 : u64i
    %556 = cmp eq %554, %555 : bool
    <unmodeled: cir.ternary>
    %557 = get_global @strlen : ((s8i*) -> u64i)*
    %558 = load %3 : s32i, align 4
    %559 = cast(integral) %558 : s64i
    %560 = load %4 : s32i, align 4
    %561 = cast(integral) %560 : s64i
    %562 = load %4 : s32i, align 4
    %563 = cast(integral) %562 : s64i
    %564 = get_global @a : s8i[9][3][2]*
    %565 = get_element %564[%563] : s8i[9][3]*
    %566 = get_element %565[%561] : s8i[9]*
    %567 = get_element %566[%559] : s8i*
    %568 = call @strlen(%567) : u64i [all]
    %569 = const 3 : u64i
    %570 = cmp eq %568, %569 : bool
    <unmodeled: cir.ternary>
    %571 = get_global @strlen : ((s8i*) -> u64i)*
    %572 = load %3 : s32i, align 4
    %573 = cast(integral) %572 : s64i
    %574 = load %3 : s32i, align 4
    %575 = cast(integral) %574 : s64i
    %576 = load %3 : s32i, align 4
    %577 = cast(integral) %576 : s64i
    %578 = get_global @a : s8i[9][3][2]*
    %579 = get_element %578[%577] : s8i[9][3]*
    %580 = get_element %579[%575] : s8i[9]*
    %581 = get_element %580[%573] : s8i*
    %582 = get_global @v1 : s32i*
    %583 = load %582 : s32i, align 4, volatile
    %584 = ptr_stride %581, %583 : s8i*
    %585 = call @strlen(%584) : u64i [all]
    %586 = const 0 : u64i
    %587 = cmp eq %585, %586 : bool
    <unmodeled: cir.ternary>
    %588 = get_global @strlen : ((s8i*) -> u64i)*
    %589 = load %3 : s32i, align 4
    %590 = cast(integral) %589 : s64i
    %591 = load %3 : s32i, align 4
    %592 = cast(integral) %591 : s64i
    %593 = load %3 : s32i, align 4
    %594 = cast(integral) %593 : s64i
    %595 = get_global @a : s8i[9][3][2]*
    %596 = get_element %595[%594] : s8i[9][3]*
    %597 = get_element %596[%592] : s8i[9]*
    %598 = get_element %597[%590] : s8i*
    %599 = get_global @v2 : s32i*
    %600 = load %599 : s32i, align 4, volatile
    %601 = ptr_stride %598, %600 : s8i*
    %602 = call @strlen(%601) : u64i [all]
    %603 = const 0 : u64i
    %604 = cmp eq %602, %603 : bool
    <unmodeled: cir.ternary>
    %605 = get_global @strlen : ((s8i*) -> u64i)*
    %606 = load %3 : s32i, align 4
    %607 = cast(integral) %606 : s64i
    %608 = load %3 : s32i, align 4
    %609 = cast(integral) %608 : s64i
    %610 = load %3 : s32i, align 4
    %611 = cast(integral) %610 : s64i
    %612 = get_global @a : s8i[9][3][2]*
    %613 = get_element %612[%611] : s8i[9][3]*
    %614 = get_element %613[%609] : s8i[9]*
    %615 = get_element %614[%607] : s8i*
    %616 = get_global @v7 : s32i*
    %617 = load %616 : s32i, align 4, volatile
    %618 = ptr_stride %615, %617 : s8i*
    %619 = call @strlen(%618) : u64i [all]
    %620 = const 0 : u64i
    %621 = cmp eq %619, %620 : bool
    <unmodeled: cir.ternary>
    %622 = get_global @strlen : ((s8i*) -> u64i)*
    %623 = load %3 : s32i, align 4
    %624 = cast(integral) %623 : s64i
    %625 = load %4 : s32i, align 4
    %626 = cast(integral) %625 : s64i
    %627 = load %3 : s32i, align 4
    %628 = cast(integral) %627 : s64i
    %629 = get_global @a : s8i[9][3][2]*
    %630 = get_element %629[%628] : s8i[9][3]*
    %631 = get_element %630[%626] : s8i[9]*
    %632 = get_element %631[%624] : s8i*
    %633 = get_global @v1 : s32i*
    %634 = load %633 : s32i, align 4, volatile
    %635 = ptr_stride %632, %634 : s8i*
    %636 = call @strlen(%635) : u64i [all]
    %637 = const 0 : u64i
    %638 = cmp eq %636, %637 : bool
    <unmodeled: cir.ternary>
    %639 = get_global @strlen : ((s8i*) -> u64i)*
    %640 = load %3 : s32i, align 4
    %641 = cast(integral) %640 : s64i
    %642 = load %4 : s32i, align 4
    %643 = cast(integral) %642 : s64i
    %644 = load %3 : s32i, align 4
    %645 = cast(integral) %644 : s64i
    %646 = get_global @a : s8i[9][3][2]*
    %647 = get_element %646[%645] : s8i[9][3]*
    %648 = get_element %647[%643] : s8i[9]*
    %649 = get_element %648[%641] : s8i*
    %650 = get_global @v2 : s32i*
    %651 = load %650 : s32i, align 4, volatile
    %652 = ptr_stride %649, %651 : s8i*
    %653 = call @strlen(%652) : u64i [all]
    %654 = const 1 : u64i
    %655 = cmp eq %653, %654 : bool
    <unmodeled: cir.ternary>
    %656 = get_global @strlen : ((s8i*) -> u64i)*
    %657 = load %3 : s32i, align 4
    %658 = cast(integral) %657 : s64i
    %659 = load %4 : s32i, align 4
    %660 = cast(integral) %659 : s64i
    %661 = load %3 : s32i, align 4
    %662 = cast(integral) %661 : s64i
    %663 = get_global @a : s8i[9][3][2]*
    %664 = get_element %663[%662] : s8i[9][3]*
    %665 = get_element %664[%660] : s8i[9]*
    %666 = get_element %665[%658] : s8i*
    %667 = get_global @v3 : s32i*
    %668 = load %667 : s32i, align 4, volatile
    %669 = ptr_stride %666, %668 : s8i*
    %670 = call @strlen(%669) : u64i [all]
    %671 = const 0 : u64i
    %672 = cmp eq %670, %671 : bool
    <unmodeled: cir.ternary>
    %673 = get_global @strlen : ((s8i*) -> u64i)*
    %674 = load %3 : s32i, align 4
    %675 = cast(integral) %674 : s64i
    %676 = load %3 : s32i, align 4
    %677 = cast(integral) %676 : s64i
    %678 = load %4 : s32i, align 4
    %679 = cast(integral) %678 : s64i
    %680 = get_global @a : s8i[9][3][2]*
    %681 = get_element %680[%679] : s8i[9][3]*
    %682 = get_element %681[%677] : s8i[9]*
    %683 = get_element %682[%675] : s8i*
    %684 = get_global @v1 : s32i*
    %685 = load %684 : s32i, align 4, volatile
    %686 = ptr_stride %683, %685 : s8i*
    %687 = call @strlen(%686) : u64i [all]
    %688 = const 1 : u64i
    %689 = cmp eq %687, %688 : bool
    <unmodeled: cir.ternary>
    %690 = get_global @strlen : ((s8i*) -> u64i)*
    %691 = load %3 : s32i, align 4
    %692 = cast(integral) %691 : s64i
    %693 = load %4 : s32i, align 4
    %694 = cast(integral) %693 : s64i
    %695 = load %4 : s32i, align 4
    %696 = cast(integral) %695 : s64i
    %697 = get_global @a : s8i[9][3][2]*
    %698 = get_element %697[%696] : s8i[9][3]*
    %699 = get_element %698[%694] : s8i[9]*
    %700 = get_element %699[%692] : s8i*
    %701 = get_global @v1 : s32i*
    %702 = load %701 : s32i, align 4, volatile
    %703 = ptr_stride %700, %702 : s8i*
    %704 = call @strlen(%703) : u64i [all]
    %705 = const 2 : u64i
    %706 = cmp eq %704, %705 : bool
    <unmodeled: cir.ternary>
    %707 = get_global @strlen : ((s8i*) -> u64i)*
    %708 = load %3 : s32i, align 4
    %709 = cast(integral) %708 : s64i
    %710 = load %4 : s32i, align 4
    %711 = cast(integral) %710 : s64i
    %712 = load %4 : s32i, align 4
    %713 = cast(integral) %712 : s64i
    %714 = get_global @a : s8i[9][3][2]*
    %715 = get_element %714[%713] : s8i[9][3]*
    %716 = get_element %715[%711] : s8i[9]*
    %717 = get_element %716[%709] : s8i*
    %718 = get_global @v2 : s32i*
    %719 = load %718 : s32i, align 4, volatile
    %720 = ptr_stride %717, %719 : s8i*
    %721 = call @strlen(%720) : u64i [all]
    %722 = const 1 : u64i
    %723 = cmp eq %721, %722 : bool
    <unmodeled: cir.ternary>
    %724 = get_global @strlen : ((s8i*) -> u64i)*
    %725 = load %3 : s32i, align 4
    %726 = cast(integral) %725 : s64i
    %727 = load %4 : s32i, align 4
    %728 = cast(integral) %727 : s64i
    %729 = load %4 : s32i, align 4
    %730 = cast(integral) %729 : s64i
    %731 = get_global @a : s8i[9][3][2]*
    %732 = get_element %731[%730] : s8i[9][3]*
    %733 = get_element %732[%728] : s8i[9]*
    %734 = get_element %733[%726] : s8i*
    %735 = get_global @v3 : s32i*
    %736 = load %735 : s32i, align 4, volatile
    %737 = ptr_stride %734, %736 : s8i*
    %738 = call @strlen(%737) : u64i [all]
    %739 = const 0 : u64i
    %740 = cmp eq %738, %739 : bool
    <unmodeled: cir.ternary>
    %741 = get_global @strlen : ((s8i*) -> u64i)*
    %742 = load %3 : s32i, align 4
    %743 = cast(integral) %742 : s64i
    %744 = load %4 : s32i, align 4
    %745 = cast(integral) %744 : s64i
    %746 = load %4 : s32i, align 4
    %747 = cast(integral) %746 : s64i
    %748 = get_global @a : s8i[9][3][2]*
    %749 = get_element %748[%747] : s8i[9][3]*
    %750 = get_element %749[%745] : s8i[9]*
    %751 = get_element %750[%743] : s8i*
    %752 = get_global @v4 : s32i*
    %753 = load %752 : s32i, align 4, volatile
    %754 = ptr_stride %751, %753 : s8i*
    %755 = call @strlen(%754) : u64i [all]
    %756 = const 1 : u64i
    %757 = cmp eq %755, %756 : bool
    <unmodeled: cir.ternary>
    %758 = get_global @strlen : ((s8i*) -> u64i)*
    %759 = load %3 : s32i, align 4
    %760 = cast(integral) %759 : s64i
    %761 = load %4 : s32i, align 4
    %762 = cast(integral) %761 : s64i
    %763 = load %4 : s32i, align 4
    %764 = cast(integral) %763 : s64i
    %765 = get_global @a : s8i[9][3][2]*
    %766 = get_element %765[%764] : s8i[9][3]*
    %767 = get_element %766[%762] : s8i[9]*
    %768 = get_element %767[%760] : s8i*
    %769 = get_global @v5 : s32i*
    %770 = load %769 : s32i, align 4, volatile
    %771 = ptr_stride %768, %770 : s8i*
    %772 = call @strlen(%771) : u64i [all]
    %773 = const 0 : u64i
    %774 = cmp eq %772, %773 : bool
    <unmodeled: cir.ternary>
    %775 = get_global @strlen : ((s8i*) -> u64i)*
    %776 = load %3 : s32i, align 4
    %777 = cast(integral) %776 : s64i
    %778 = load %4 : s32i, align 4
    %779 = cast(integral) %778 : s64i
    %780 = load %4 : s32i, align 4
    %781 = cast(integral) %780 : s64i
    %782 = get_global @a : s8i[9][3][2]*
    %783 = get_element %782[%781] : s8i[9][3]*
    %784 = get_element %783[%779] : s8i[9]*
    %785 = get_element %784[%777] : s8i*
    %786 = get_global @v6 : s32i*
    %787 = load %786 : s32i, align 4, volatile
    %788 = ptr_stride %785, %787 : s8i*
    %789 = call @strlen(%788) : u64i [all]
    %790 = const 0 : u64i
    %791 = cmp eq %789, %790 : bool
    <unmodeled: cir.ternary>
    %792 = get_global @strlen : ((s8i*) -> u64i)*
    %793 = load %3 : s32i, align 4
    %794 = cast(integral) %793 : s64i
    %795 = load %4 : s32i, align 4
    %796 = cast(integral) %795 : s64i
    %797 = load %4 : s32i, align 4
    %798 = cast(integral) %797 : s64i
    %799 = get_global @a : s8i[9][3][2]*
    %800 = get_element %799[%798] : s8i[9][3]*
    %801 = get_element %800[%796] : s8i[9]*
    %802 = get_element %801[%794] : s8i*
    %803 = get_global @v7 : s32i*
    %804 = load %803 : s32i, align 4, volatile
    %805 = ptr_stride %802, %804 : s8i*
    %806 = call @strlen(%805) : u64i [all]
    %807 = const 0 : u64i
    %808 = cmp eq %806, %807 : bool
    <unmodeled: cir.ternary>
    return
}
fn main() -> s32i [external, c, no_inline, dso_local, nothrow] {
    %0 = alloca s32i, "__retval", align 4
    %1 = const 0 : s32i
    store %1, %0
    call @test_array_ref() [all]
    %2 = load %0 : s32i
    return %2
}
