---
source: tests/snapshot_fixtures.rs
expression: snapshot
---
module "tests/fixtures.gcc-torture/20080506-1.c" (c, x86_64-unknown-linux-gnu)
fn abort() -> void [external, c, nothrow];
fn main() -> s32i [external, c, no_inline, dso_local, nothrow] {
    %0 = alloca s32i, "__retval", align 4
    %1 = alloca u32i, "u", align 4
    %2 = alloca s32i, "i", align 4
    %3 = const 0 : s32i
    store %3, %0
    %4 = const -1 : s32i
    store %4, %2, align 4
    %5 = load %2 : s32i, align 4
    %6 = const 0 : s32i
    %7 = cmp gt %5, %6 : bool
    %8 = ternary %7 ? { : s32i
        %52 = load %2 : s32i, align 4
        yield %52
    } : {
        %51 = const 0 : s32i
        yield %51
    }
    %9 = cast(integral) %8 : u32i
    %10 = const 1 : u32i
    %11 = cmp gt %9, %10 : bool
    %12 = ternary %11 ? { : u32i
        %44 = load %2 : s32i, align 4
        %45 = const 0 : s32i
        %46 = cmp gt %44, %45 : bool
        %47 = ternary %46 ? { : s32i
            %50 = load %2 : s32i, align 4
            yield %50
        } : {
            %49 = const 0 : s32i
            yield %49
        }
        %48 = cast(integral) %47 : u32i
        yield %48
    } : {
        %43 = const 1 : u32i
        yield %43
    }
    store %12, %1, align 4
    scope {
        %39 = load %1 : u32i, align 4
        %40 = const 1 : u32i
        %41 = cmp ne %39, %40 : bool
        if %41 {
            %42 = get_global @abort : (() -> void)*
            call @abort() [all]
            yield
        }
        yield
    }
    %13 = load %2 : s32i, align 4
    %14 = const 0 : s32i
    %15 = cmp gt %13, %14 : bool
    %16 = ternary %15 ? { : s32i
        %38 = load %2 : s32i, align 4
        yield %38
    } : {
        %37 = const 0 : s32i
        yield %37
    }
    %17 = cast(integral) %16 : u32i
    %18 = load %2 : s32i, align 4
    %19 = cast(integral) %18 : u32i
    %20 = cmp lt %17, %19 : bool
    %21 = ternary %20 ? { : u32i
        %30 = load %2 : s32i, align 4
        %31 = const 0 : s32i
        %32 = cmp gt %30, %31 : bool
        %33 = ternary %32 ? { : s32i
            %36 = load %2 : s32i, align 4
            yield %36
        } : {
            %35 = const 0 : s32i
            yield %35
        }
        %34 = cast(integral) %33 : u32i
        yield %34
    } : {
        %28 = load %2 : s32i, align 4
        %29 = cast(integral) %28 : u32i
        yield %29
    }
    store %21, %1, align 4
    scope {
        %24 = load %1 : u32i, align 4
        %25 = const 0 : u32i
        %26 = cmp ne %24, %25 : bool
        if %26 {
            %27 = get_global @abort : (() -> void)*
            call @abort() [all]
            yield
        }
        yield
    }
    %22 = const 0 : s32i
    store %22, %0
    %23 = load %0 : s32i
    return %23
}
