---
source: tests/snapshot_fixtures.rs
expression: snapshot
---
module "tests/fixtures.gcc-torture/20020413-1.c" (c, x86_64-unknown-linux-gnu)
fn abort() -> void [external, c, nothrow];
fn test(%arg0: long_double<f80>, %arg1: s32i*) -> void [external, c, no_inline, dso_local, nothrow] {
    ^bb0(%arg0: long_double<f80>, %arg1: s32i*):
        %14 = alloca long_double<f80>, "val", align 16
        %15 = alloca s32i*, "eval", align 8
        %16 = alloca long_double<f80>, "tmp", align 16
        %17 = alloca s32i, "i", align 4
        store %arg0, %14
        store %arg1, %15
        %18 = const 1.000000e+00 : long_double<f80>
        store %18, %16, align 16
        %19 = const 0 : s32i
        store %19, %17, align 4
        scope {
            %50 = load %14 : long_double<f80>, align 16
            %51 = const 0.000000e+00 : long_double<f80>
            %52 = cmp lt %50, %51 : bool
            if %52 {
                %53 = load %14 : long_double<f80>, align 16
                %54 = fneg %53 : long_double<f80>
                store %54, %14, align 16
                yield
            }
            yield
        }
        scope {
            %22 = load %14 : long_double<f80>, align 16
            %23 = load %16 : long_double<f80>, align 16
            %24 = cmp ge %22, %23 : bool
            if %24 {
                scope {
                    while {
                        %47 = load %16 : long_double<f80>, align 16
                        %48 = load %14 : long_double<f80>, align 16
                        %49 = cmp lt %47, %48 : bool
                        condition %49
                    } do {
                        scope {
                            %39 = const 2.000000e+00 : long_double<f80>
                            %40 = load %16 : long_double<f80>, align 16
                            %41 = fmul %40, %39 : long_double<f80>
                            store %41, %16, align 16
                            scope {
                                %42 = load %17 : s32i, align 4
                                %43 = inc %42 : s32i [nsw]
                                store %43, %17, align 4
                                %44 = const 10 : s32i
                                %45 = cmp ge %42, %44 : bool
                                if %45 {
                                    %46 = get_global @abort : (() -> void)*
                                    call @abort() [all]
                                    yield
                                }
                                yield
                            }
                            yield
                        }
                        yield
                    }
                    yield
                }
                yield
            } else {
                scope {
                    %25 = load %14 : long_double<f80>, align 16
                    %26 = const 0.000000e+00 : long_double<f80>
                    %27 = cmp ne %25, %26 : bool
                    if %27 {
                        scope {
                            while {
                                %36 = load %14 : long_double<f80>, align 16
                                %37 = load %16 : long_double<f80>, align 16
                                %38 = cmp lt %36, %37 : bool
                                condition %38
                            } do {
                                scope {
                                    %28 = const 2.000000e+00 : long_double<f80>
                                    %29 = load %16 : long_double<f80>, align 16
                                    %30 = fdiv %29, %28 : long_double<f80>
                                    store %30, %16, align 16
                                    scope {
                                        %31 = load %17 : s32i, align 4
                                        %32 = inc %31 : s32i [nsw]
                                        store %32, %17, align 4
                                        %33 = const 10 : s32i
                                        %34 = cmp ge %31, %33 : bool
                                        if %34 {
                                            %35 = get_global @abort : (() -> void)*
                                            call @abort() [all]
                                            yield
                                        }
                                        yield
                                    }
                                    yield
                                }
                                yield
                            }
                            yield
                        }
                        yield
                    }
                    yield
                }
                yield
            }
            yield
        }
        %20 = load %17 : s32i, align 4
        %21 = load %15 : s32i*, align 8
        store %20, %21, align 4
        return
}
fn exit(%arg0: s32i) -> void [external, c];
fn main() -> s32i [external, c, no_inline, dso_local, nothrow] {
    %0 = alloca s32i, "__retval", align 4
    %1 = alloca s32i, "eval", align 4
    %2 = const 0 : s32i
    store %2, %0
    %3 = const 3.000000e+00 : double
    %4 = cast(floating) %3 : long_double<f80>
    call @test(%4, %1) [all]
    %5 = const 3.500000e+00 : double
    %6 = cast(floating) %5 : long_double<f80>
    call @test(%6, %1) [all]
    %7 = const 4.000000e+00 : double
    %8 = cast(floating) %7 : long_double<f80>
    call @test(%8, %1) [all]
    %9 = const 5.000000e+00 : double
    %10 = cast(floating) %9 : long_double<f80>
    call @test(%10, %1) [all]
    %11 = get_global @exit : ((s32i) -> void)*
    %12 = const 0 : s32i
    call @exit(%12) [all]
    %13 = load %0 : s32i
    return %13
}
