---
source: tests/snapshot_fixtures.rs
expression: snapshot
---
module "/home/takashi/Projects/clang-ir-rs/tests/fixtures.gcc-torture/20020307-1.c" (c, x86_64-unknown-linux-gnu)
fn abort() -> void [external, c, nothrow];
fn f3(%arg28: s64i) -> void [external, c, no_inline, dso_local, nothrow] {
    ^bb0(%arg28: s64i):
        %538 = alloca s64i, "j", align 8
        store %arg28, %538
        scope {
            %539 = load %538 : s64i, align 8
            %540 = cast(integral) %539 : u64i
            %541 = const 1 : u64i
            %542 = const 3 : s32i
            %543 = shift left %541, %542 : u64i
            %544 = const 1 : u64i
            %545 = sub %543, %544 : u64i
            %546 = and %540, %545 : u64i
            %547 = const 1 : u64i
            %548 = const 3 : s32i
            %549 = const 1 : s32i
            %550 = sub %548, %549 : s32i [nsw]
            %551 = shift left %547, %550 : u64i
            %552 = const 2 : u64i
            %553 = add %551, %552 : u64i
            %554 = cmp ge %546, %553 : bool
            if %554 {
                %555 = get_global @abort : (() -> void)*
                call @abort() [all]
                yield
            }
            yield
        }
        return
}
fn f4(%arg27: s64i) -> void [external, c, no_inline, dso_local, nothrow] {
    ^bb0(%arg27: s64i):
        %520 = alloca s64i, "j", align 8
        store %arg27, %520
        scope {
            %521 = load %520 : s64i, align 8
            %522 = cast(integral) %521 : u64i
            %523 = const 1 : u64i
            %524 = const 4 : s32i
            %525 = shift left %523, %524 : u64i
            %526 = const 1 : u64i
            %527 = sub %525, %526 : u64i
            %528 = and %522, %527 : u64i
            %529 = const 1 : u64i
            %530 = const 4 : s32i
            %531 = const 1 : s32i
            %532 = sub %530, %531 : s32i [nsw]
            %533 = shift left %529, %532 : u64i
            %534 = const 2 : u64i
            %535 = add %533, %534 : u64i
            %536 = cmp ge %528, %535 : bool
            if %536 {
                %537 = get_global @abort : (() -> void)*
                call @abort() [all]
                yield
            }
            yield
        }
        return
}
fn f5(%arg26: s64i) -> void [external, c, no_inline, dso_local, nothrow] {
    ^bb0(%arg26: s64i):
        %502 = alloca s64i, "j", align 8
        store %arg26, %502
        scope {
            %503 = load %502 : s64i, align 8
            %504 = cast(integral) %503 : u64i
            %505 = const 1 : u64i
            %506 = const 5 : s32i
            %507 = shift left %505, %506 : u64i
            %508 = const 1 : u64i
            %509 = sub %507, %508 : u64i
            %510 = and %504, %509 : u64i
            %511 = const 1 : u64i
            %512 = const 5 : s32i
            %513 = const 1 : s32i
            %514 = sub %512, %513 : s32i [nsw]
            %515 = shift left %511, %514 : u64i
            %516 = const 2 : u64i
            %517 = add %515, %516 : u64i
            %518 = cmp ge %510, %517 : bool
            if %518 {
                %519 = get_global @abort : (() -> void)*
                call @abort() [all]
                yield
            }
            yield
        }
        return
}
fn f6(%arg25: s64i) -> void [external, c, no_inline, dso_local, nothrow] {
    ^bb0(%arg25: s64i):
        %484 = alloca s64i, "j", align 8
        store %arg25, %484
        scope {
            %485 = load %484 : s64i, align 8
            %486 = cast(integral) %485 : u64i
            %487 = const 1 : u64i
            %488 = const 6 : s32i
            %489 = shift left %487, %488 : u64i
            %490 = const 1 : u64i
            %491 = sub %489, %490 : u64i
            %492 = and %486, %491 : u64i
            %493 = const 1 : u64i
            %494 = const 6 : s32i
            %495 = const 1 : s32i
            %496 = sub %494, %495 : s32i [nsw]
            %497 = shift left %493, %496 : u64i
            %498 = const 2 : u64i
            %499 = add %497, %498 : u64i
            %500 = cmp ge %492, %499 : bool
            if %500 {
                %501 = get_global @abort : (() -> void)*
                call @abort() [all]
                yield
            }
            yield
        }
        return
}
fn f7(%arg24: s64i) -> void [external, c, no_inline, dso_local, nothrow] {
    ^bb0(%arg24: s64i):
        %466 = alloca s64i, "j", align 8
        store %arg24, %466
        scope {
            %467 = load %466 : s64i, align 8
            %468 = cast(integral) %467 : u64i
            %469 = const 1 : u64i
            %470 = const 7 : s32i
            %471 = shift left %469, %470 : u64i
            %472 = const 1 : u64i
            %473 = sub %471, %472 : u64i
            %474 = and %468, %473 : u64i
            %475 = const 1 : u64i
            %476 = const 7 : s32i
            %477 = const 1 : s32i
            %478 = sub %476, %477 : s32i [nsw]
            %479 = shift left %475, %478 : u64i
            %480 = const 2 : u64i
            %481 = add %479, %480 : u64i
            %482 = cmp ge %474, %481 : bool
            if %482 {
                %483 = get_global @abort : (() -> void)*
                call @abort() [all]
                yield
            }
            yield
        }
        return
}
fn f8(%arg23: s64i) -> void [external, c, no_inline, dso_local, nothrow] {
    ^bb0(%arg23: s64i):
        %448 = alloca s64i, "j", align 8
        store %arg23, %448
        scope {
            %449 = load %448 : s64i, align 8
            %450 = cast(integral) %449 : u64i
            %451 = const 1 : u64i
            %452 = const 8 : s32i
            %453 = shift left %451, %452 : u64i
            %454 = const 1 : u64i
            %455 = sub %453, %454 : u64i
            %456 = and %450, %455 : u64i
            %457 = const 1 : u64i
            %458 = const 8 : s32i
            %459 = const 1 : s32i
            %460 = sub %458, %459 : s32i [nsw]
            %461 = shift left %457, %460 : u64i
            %462 = const 2 : u64i
            %463 = add %461, %462 : u64i
            %464 = cmp ge %456, %463 : bool
            if %464 {
                %465 = get_global @abort : (() -> void)*
                call @abort() [all]
                yield
            }
            yield
        }
        return
}
fn f9(%arg22: s64i) -> void [external, c, no_inline, dso_local, nothrow] {
    ^bb0(%arg22: s64i):
        %430 = alloca s64i, "j", align 8
        store %arg22, %430
        scope {
            %431 = load %430 : s64i, align 8
            %432 = cast(integral) %431 : u64i
            %433 = const 1 : u64i
            %434 = const 9 : s32i
            %435 = shift left %433, %434 : u64i
            %436 = const 1 : u64i
            %437 = sub %435, %436 : u64i
            %438 = and %432, %437 : u64i
            %439 = const 1 : u64i
            %440 = const 9 : s32i
            %441 = const 1 : s32i
            %442 = sub %440, %441 : s32i [nsw]
            %443 = shift left %439, %442 : u64i
            %444 = const 2 : u64i
            %445 = add %443, %444 : u64i
            %446 = cmp ge %438, %445 : bool
            if %446 {
                %447 = get_global @abort : (() -> void)*
                call @abort() [all]
                yield
            }
            yield
        }
        return
}
fn f10(%arg21: s64i) -> void [external, c, no_inline, dso_local, nothrow] {
    ^bb0(%arg21: s64i):
        %412 = alloca s64i, "j", align 8
        store %arg21, %412
        scope {
            %413 = load %412 : s64i, align 8
            %414 = cast(integral) %413 : u64i
            %415 = const 1 : u64i
            %416 = const 10 : s32i
            %417 = shift left %415, %416 : u64i
            %418 = const 1 : u64i
            %419 = sub %417, %418 : u64i
            %420 = and %414, %419 : u64i
            %421 = const 1 : u64i
            %422 = const 10 : s32i
            %423 = const 1 : s32i
            %424 = sub %422, %423 : s32i [nsw]
            %425 = shift left %421, %424 : u64i
            %426 = const 2 : u64i
            %427 = add %425, %426 : u64i
            %428 = cmp ge %420, %427 : bool
            if %428 {
                %429 = get_global @abort : (() -> void)*
                call @abort() [all]
                yield
            }
            yield
        }
        return
}
fn f11(%arg20: s64i) -> void [external, c, no_inline, dso_local, nothrow] {
    ^bb0(%arg20: s64i):
        %394 = alloca s64i, "j", align 8
        store %arg20, %394
        scope {
            %395 = load %394 : s64i, align 8
            %396 = cast(integral) %395 : u64i
            %397 = const 1 : u64i
            %398 = const 11 : s32i
            %399 = shift left %397, %398 : u64i
            %400 = const 1 : u64i
            %401 = sub %399, %400 : u64i
            %402 = and %396, %401 : u64i
            %403 = const 1 : u64i
            %404 = const 11 : s32i
            %405 = const 1 : s32i
            %406 = sub %404, %405 : s32i [nsw]
            %407 = shift left %403, %406 : u64i
            %408 = const 2 : u64i
            %409 = add %407, %408 : u64i
            %410 = cmp ge %402, %409 : bool
            if %410 {
                %411 = get_global @abort : (() -> void)*
                call @abort() [all]
                yield
            }
            yield
        }
        return
}
fn f12(%arg19: s64i) -> void [external, c, no_inline, dso_local, nothrow] {
    ^bb0(%arg19: s64i):
        %376 = alloca s64i, "j", align 8
        store %arg19, %376
        scope {
            %377 = load %376 : s64i, align 8
            %378 = cast(integral) %377 : u64i
            %379 = const 1 : u64i
            %380 = const 12 : s32i
            %381 = shift left %379, %380 : u64i
            %382 = const 1 : u64i
            %383 = sub %381, %382 : u64i
            %384 = and %378, %383 : u64i
            %385 = const 1 : u64i
            %386 = const 12 : s32i
            %387 = const 1 : s32i
            %388 = sub %386, %387 : s32i [nsw]
            %389 = shift left %385, %388 : u64i
            %390 = const 2 : u64i
            %391 = add %389, %390 : u64i
            %392 = cmp ge %384, %391 : bool
            if %392 {
                %393 = get_global @abort : (() -> void)*
                call @abort() [all]
                yield
            }
            yield
        }
        return
}
fn f13(%arg18: s64i) -> void [external, c, no_inline, dso_local, nothrow] {
    ^bb0(%arg18: s64i):
        %358 = alloca s64i, "j", align 8
        store %arg18, %358
        scope {
            %359 = load %358 : s64i, align 8
            %360 = cast(integral) %359 : u64i
            %361 = const 1 : u64i
            %362 = const 13 : s32i
            %363 = shift left %361, %362 : u64i
            %364 = const 1 : u64i
            %365 = sub %363, %364 : u64i
            %366 = and %360, %365 : u64i
            %367 = const 1 : u64i
            %368 = const 13 : s32i
            %369 = const 1 : s32i
            %370 = sub %368, %369 : s32i [nsw]
            %371 = shift left %367, %370 : u64i
            %372 = const 2 : u64i
            %373 = add %371, %372 : u64i
            %374 = cmp ge %366, %373 : bool
            if %374 {
                %375 = get_global @abort : (() -> void)*
                call @abort() [all]
                yield
            }
            yield
        }
        return
}
fn f14(%arg17: s64i) -> void [external, c, no_inline, dso_local, nothrow] {
    ^bb0(%arg17: s64i):
        %340 = alloca s64i, "j", align 8
        store %arg17, %340
        scope {
            %341 = load %340 : s64i, align 8
            %342 = cast(integral) %341 : u64i
            %343 = const 1 : u64i
            %344 = const 14 : s32i
            %345 = shift left %343, %344 : u64i
            %346 = const 1 : u64i
            %347 = sub %345, %346 : u64i
            %348 = and %342, %347 : u64i
            %349 = const 1 : u64i
            %350 = const 14 : s32i
            %351 = const 1 : s32i
            %352 = sub %350, %351 : s32i [nsw]
            %353 = shift left %349, %352 : u64i
            %354 = const 2 : u64i
            %355 = add %353, %354 : u64i
            %356 = cmp ge %348, %355 : bool
            if %356 {
                %357 = get_global @abort : (() -> void)*
                call @abort() [all]
                yield
            }
            yield
        }
        return
}
fn f15(%arg16: s64i) -> void [external, c, no_inline, dso_local, nothrow] {
    ^bb0(%arg16: s64i):
        %322 = alloca s64i, "j", align 8
        store %arg16, %322
        scope {
            %323 = load %322 : s64i, align 8
            %324 = cast(integral) %323 : u64i
            %325 = const 1 : u64i
            %326 = const 15 : s32i
            %327 = shift left %325, %326 : u64i
            %328 = const 1 : u64i
            %329 = sub %327, %328 : u64i
            %330 = and %324, %329 : u64i
            %331 = const 1 : u64i
            %332 = const 15 : s32i
            %333 = const 1 : s32i
            %334 = sub %332, %333 : s32i [nsw]
            %335 = shift left %331, %334 : u64i
            %336 = const 2 : u64i
            %337 = add %335, %336 : u64i
            %338 = cmp ge %330, %337 : bool
            if %338 {
                %339 = get_global @abort : (() -> void)*
                call @abort() [all]
                yield
            }
            yield
        }
        return
}
fn f16(%arg15: s64i) -> void [external, c, no_inline, dso_local, nothrow] {
    ^bb0(%arg15: s64i):
        %304 = alloca s64i, "j", align 8
        store %arg15, %304
        scope {
            %305 = load %304 : s64i, align 8
            %306 = cast(integral) %305 : u64i
            %307 = const 1 : u64i
            %308 = const 16 : s32i
            %309 = shift left %307, %308 : u64i
            %310 = const 1 : u64i
            %311 = sub %309, %310 : u64i
            %312 = and %306, %311 : u64i
            %313 = const 1 : u64i
            %314 = const 16 : s32i
            %315 = const 1 : s32i
            %316 = sub %314, %315 : s32i [nsw]
            %317 = shift left %313, %316 : u64i
            %318 = const 2 : u64i
            %319 = add %317, %318 : u64i
            %320 = cmp ge %312, %319 : bool
            if %320 {
                %321 = get_global @abort : (() -> void)*
                call @abort() [all]
                yield
            }
            yield
        }
        return
}
fn f17(%arg14: s64i) -> void [external, c, no_inline, dso_local, nothrow] {
    ^bb0(%arg14: s64i):
        %286 = alloca s64i, "j", align 8
        store %arg14, %286
        scope {
            %287 = load %286 : s64i, align 8
            %288 = cast(integral) %287 : u64i
            %289 = const 1 : u64i
            %290 = const 17 : s32i
            %291 = shift left %289, %290 : u64i
            %292 = const 1 : u64i
            %293 = sub %291, %292 : u64i
            %294 = and %288, %293 : u64i
            %295 = const 1 : u64i
            %296 = const 17 : s32i
            %297 = const 1 : s32i
            %298 = sub %296, %297 : s32i [nsw]
            %299 = shift left %295, %298 : u64i
            %300 = const 2 : u64i
            %301 = add %299, %300 : u64i
            %302 = cmp ge %294, %301 : bool
            if %302 {
                %303 = get_global @abort : (() -> void)*
                call @abort() [all]
                yield
            }
            yield
        }
        return
}
fn f18(%arg13: s64i) -> void [external, c, no_inline, dso_local, nothrow] {
    ^bb0(%arg13: s64i):
        %268 = alloca s64i, "j", align 8
        store %arg13, %268
        scope {
            %269 = load %268 : s64i, align 8
            %270 = cast(integral) %269 : u64i
            %271 = const 1 : u64i
            %272 = const 18 : s32i
            %273 = shift left %271, %272 : u64i
            %274 = const 1 : u64i
            %275 = sub %273, %274 : u64i
            %276 = and %270, %275 : u64i
            %277 = const 1 : u64i
            %278 = const 18 : s32i
            %279 = const 1 : s32i
            %280 = sub %278, %279 : s32i [nsw]
            %281 = shift left %277, %280 : u64i
            %282 = const 2 : u64i
            %283 = add %281, %282 : u64i
            %284 = cmp ge %276, %283 : bool
            if %284 {
                %285 = get_global @abort : (() -> void)*
                call @abort() [all]
                yield
            }
            yield
        }
        return
}
fn f19(%arg12: s64i) -> void [external, c, no_inline, dso_local, nothrow] {
    ^bb0(%arg12: s64i):
        %250 = alloca s64i, "j", align 8
        store %arg12, %250
        scope {
            %251 = load %250 : s64i, align 8
            %252 = cast(integral) %251 : u64i
            %253 = const 1 : u64i
            %254 = const 19 : s32i
            %255 = shift left %253, %254 : u64i
            %256 = const 1 : u64i
            %257 = sub %255, %256 : u64i
            %258 = and %252, %257 : u64i
            %259 = const 1 : u64i
            %260 = const 19 : s32i
            %261 = const 1 : s32i
            %262 = sub %260, %261 : s32i [nsw]
            %263 = shift left %259, %262 : u64i
            %264 = const 2 : u64i
            %265 = add %263, %264 : u64i
            %266 = cmp ge %258, %265 : bool
            if %266 {
                %267 = get_global @abort : (() -> void)*
                call @abort() [all]
                yield
            }
            yield
        }
        return
}
fn f20(%arg11: s64i) -> void [external, c, no_inline, dso_local, nothrow] {
    ^bb0(%arg11: s64i):
        %232 = alloca s64i, "j", align 8
        store %arg11, %232
        scope {
            %233 = load %232 : s64i, align 8
            %234 = cast(integral) %233 : u64i
            %235 = const 1 : u64i
            %236 = const 20 : s32i
            %237 = shift left %235, %236 : u64i
            %238 = const 1 : u64i
            %239 = sub %237, %238 : u64i
            %240 = and %234, %239 : u64i
            %241 = const 1 : u64i
            %242 = const 20 : s32i
            %243 = const 1 : s32i
            %244 = sub %242, %243 : s32i [nsw]
            %245 = shift left %241, %244 : u64i
            %246 = const 2 : u64i
            %247 = add %245, %246 : u64i
            %248 = cmp ge %240, %247 : bool
            if %248 {
                %249 = get_global @abort : (() -> void)*
                call @abort() [all]
                yield
            }
            yield
        }
        return
}
fn f21(%arg10: s64i) -> void [external, c, no_inline, dso_local, nothrow] {
    ^bb0(%arg10: s64i):
        %214 = alloca s64i, "j", align 8
        store %arg10, %214
        scope {
            %215 = load %214 : s64i, align 8
            %216 = cast(integral) %215 : u64i
            %217 = const 1 : u64i
            %218 = const 21 : s32i
            %219 = shift left %217, %218 : u64i
            %220 = const 1 : u64i
            %221 = sub %219, %220 : u64i
            %222 = and %216, %221 : u64i
            %223 = const 1 : u64i
            %224 = const 21 : s32i
            %225 = const 1 : s32i
            %226 = sub %224, %225 : s32i [nsw]
            %227 = shift left %223, %226 : u64i
            %228 = const 2 : u64i
            %229 = add %227, %228 : u64i
            %230 = cmp ge %222, %229 : bool
            if %230 {
                %231 = get_global @abort : (() -> void)*
                call @abort() [all]
                yield
            }
            yield
        }
        return
}
fn f22(%arg9: s64i) -> void [external, c, no_inline, dso_local, nothrow] {
    ^bb0(%arg9: s64i):
        %196 = alloca s64i, "j", align 8
        store %arg9, %196
        scope {
            %197 = load %196 : s64i, align 8
            %198 = cast(integral) %197 : u64i
            %199 = const 1 : u64i
            %200 = const 22 : s32i
            %201 = shift left %199, %200 : u64i
            %202 = const 1 : u64i
            %203 = sub %201, %202 : u64i
            %204 = and %198, %203 : u64i
            %205 = const 1 : u64i
            %206 = const 22 : s32i
            %207 = const 1 : s32i
            %208 = sub %206, %207 : s32i [nsw]
            %209 = shift left %205, %208 : u64i
            %210 = const 2 : u64i
            %211 = add %209, %210 : u64i
            %212 = cmp ge %204, %211 : bool
            if %212 {
                %213 = get_global @abort : (() -> void)*
                call @abort() [all]
                yield
            }
            yield
        }
        return
}
fn f23(%arg8: s64i) -> void [external, c, no_inline, dso_local, nothrow] {
    ^bb0(%arg8: s64i):
        %178 = alloca s64i, "j", align 8
        store %arg8, %178
        scope {
            %179 = load %178 : s64i, align 8
            %180 = cast(integral) %179 : u64i
            %181 = const 1 : u64i
            %182 = const 23 : s32i
            %183 = shift left %181, %182 : u64i
            %184 = const 1 : u64i
            %185 = sub %183, %184 : u64i
            %186 = and %180, %185 : u64i
            %187 = const 1 : u64i
            %188 = const 23 : s32i
            %189 = const 1 : s32i
            %190 = sub %188, %189 : s32i [nsw]
            %191 = shift left %187, %190 : u64i
            %192 = const 2 : u64i
            %193 = add %191, %192 : u64i
            %194 = cmp ge %186, %193 : bool
            if %194 {
                %195 = get_global @abort : (() -> void)*
                call @abort() [all]
                yield
            }
            yield
        }
        return
}
fn f24(%arg7: s64i) -> void [external, c, no_inline, dso_local, nothrow] {
    ^bb0(%arg7: s64i):
        %160 = alloca s64i, "j", align 8
        store %arg7, %160
        scope {
            %161 = load %160 : s64i, align 8
            %162 = cast(integral) %161 : u64i
            %163 = const 1 : u64i
            %164 = const 24 : s32i
            %165 = shift left %163, %164 : u64i
            %166 = const 1 : u64i
            %167 = sub %165, %166 : u64i
            %168 = and %162, %167 : u64i
            %169 = const 1 : u64i
            %170 = const 24 : s32i
            %171 = const 1 : s32i
            %172 = sub %170, %171 : s32i [nsw]
            %173 = shift left %169, %172 : u64i
            %174 = const 2 : u64i
            %175 = add %173, %174 : u64i
            %176 = cmp ge %168, %175 : bool
            if %176 {
                %177 = get_global @abort : (() -> void)*
                call @abort() [all]
                yield
            }
            yield
        }
        return
}
fn f25(%arg6: s64i) -> void [external, c, no_inline, dso_local, nothrow] {
    ^bb0(%arg6: s64i):
        %142 = alloca s64i, "j", align 8
        store %arg6, %142
        scope {
            %143 = load %142 : s64i, align 8
            %144 = cast(integral) %143 : u64i
            %145 = const 1 : u64i
            %146 = const 25 : s32i
            %147 = shift left %145, %146 : u64i
            %148 = const 1 : u64i
            %149 = sub %147, %148 : u64i
            %150 = and %144, %149 : u64i
            %151 = const 1 : u64i
            %152 = const 25 : s32i
            %153 = const 1 : s32i
            %154 = sub %152, %153 : s32i [nsw]
            %155 = shift left %151, %154 : u64i
            %156 = const 2 : u64i
            %157 = add %155, %156 : u64i
            %158 = cmp ge %150, %157 : bool
            if %158 {
                %159 = get_global @abort : (() -> void)*
                call @abort() [all]
                yield
            }
            yield
        }
        return
}
fn f26(%arg5: s64i) -> void [external, c, no_inline, dso_local, nothrow] {
    ^bb0(%arg5: s64i):
        %124 = alloca s64i, "j", align 8
        store %arg5, %124
        scope {
            %125 = load %124 : s64i, align 8
            %126 = cast(integral) %125 : u64i
            %127 = const 1 : u64i
            %128 = const 26 : s32i
            %129 = shift left %127, %128 : u64i
            %130 = const 1 : u64i
            %131 = sub %129, %130 : u64i
            %132 = and %126, %131 : u64i
            %133 = const 1 : u64i
            %134 = const 26 : s32i
            %135 = const 1 : s32i
            %136 = sub %134, %135 : s32i [nsw]
            %137 = shift left %133, %136 : u64i
            %138 = const 2 : u64i
            %139 = add %137, %138 : u64i
            %140 = cmp ge %132, %139 : bool
            if %140 {
                %141 = get_global @abort : (() -> void)*
                call @abort() [all]
                yield
            }
            yield
        }
        return
}
fn f27(%arg4: s64i) -> void [external, c, no_inline, dso_local, nothrow] {
    ^bb0(%arg4: s64i):
        %106 = alloca s64i, "j", align 8
        store %arg4, %106
        scope {
            %107 = load %106 : s64i, align 8
            %108 = cast(integral) %107 : u64i
            %109 = const 1 : u64i
            %110 = const 27 : s32i
            %111 = shift left %109, %110 : u64i
            %112 = const 1 : u64i
            %113 = sub %111, %112 : u64i
            %114 = and %108, %113 : u64i
            %115 = const 1 : u64i
            %116 = const 27 : s32i
            %117 = const 1 : s32i
            %118 = sub %116, %117 : s32i [nsw]
            %119 = shift left %115, %118 : u64i
            %120 = const 2 : u64i
            %121 = add %119, %120 : u64i
            %122 = cmp ge %114, %121 : bool
            if %122 {
                %123 = get_global @abort : (() -> void)*
                call @abort() [all]
                yield
            }
            yield
        }
        return
}
fn f28(%arg3: s64i) -> void [external, c, no_inline, dso_local, nothrow] {
    ^bb0(%arg3: s64i):
        %88 = alloca s64i, "j", align 8
        store %arg3, %88
        scope {
            %89 = load %88 : s64i, align 8
            %90 = cast(integral) %89 : u64i
            %91 = const 1 : u64i
            %92 = const 28 : s32i
            %93 = shift left %91, %92 : u64i
            %94 = const 1 : u64i
            %95 = sub %93, %94 : u64i
            %96 = and %90, %95 : u64i
            %97 = const 1 : u64i
            %98 = const 28 : s32i
            %99 = const 1 : s32i
            %100 = sub %98, %99 : s32i [nsw]
            %101 = shift left %97, %100 : u64i
            %102 = const 2 : u64i
            %103 = add %101, %102 : u64i
            %104 = cmp ge %96, %103 : bool
            if %104 {
                %105 = get_global @abort : (() -> void)*
                call @abort() [all]
                yield
            }
            yield
        }
        return
}
fn f29(%arg2: s64i) -> void [external, c, no_inline, dso_local, nothrow] {
    ^bb0(%arg2: s64i):
        %70 = alloca s64i, "j", align 8
        store %arg2, %70
        scope {
            %71 = load %70 : s64i, align 8
            %72 = cast(integral) %71 : u64i
            %73 = const 1 : u64i
            %74 = const 29 : s32i
            %75 = shift left %73, %74 : u64i
            %76 = const 1 : u64i
            %77 = sub %75, %76 : u64i
            %78 = and %72, %77 : u64i
            %79 = const 1 : u64i
            %80 = const 29 : s32i
            %81 = const 1 : s32i
            %82 = sub %80, %81 : s32i [nsw]
            %83 = shift left %79, %82 : u64i
            %84 = const 2 : u64i
            %85 = add %83, %84 : u64i
            %86 = cmp ge %78, %85 : bool
            if %86 {
                %87 = get_global @abort : (() -> void)*
                call @abort() [all]
                yield
            }
            yield
        }
        return
}
fn f30(%arg1: s64i) -> void [external, c, no_inline, dso_local, nothrow] {
    ^bb0(%arg1: s64i):
        %52 = alloca s64i, "j", align 8
        store %arg1, %52
        scope {
            %53 = load %52 : s64i, align 8
            %54 = cast(integral) %53 : u64i
            %55 = const 1 : u64i
            %56 = const 30 : s32i
            %57 = shift left %55, %56 : u64i
            %58 = const 1 : u64i
            %59 = sub %57, %58 : u64i
            %60 = and %54, %59 : u64i
            %61 = const 1 : u64i
            %62 = const 30 : s32i
            %63 = const 1 : s32i
            %64 = sub %62, %63 : s32i [nsw]
            %65 = shift left %61, %64 : u64i
            %66 = const 2 : u64i
            %67 = add %65, %66 : u64i
            %68 = cmp ge %60, %67 : bool
            if %68 {
                %69 = get_global @abort : (() -> void)*
                call @abort() [all]
                yield
            }
            yield
        }
        return
}
fn f31(%arg0: s64i) -> void [external, c, no_inline, dso_local, nothrow] {
    ^bb0(%arg0: s64i):
        %34 = alloca s64i, "j", align 8
        store %arg0, %34
        scope {
            %35 = load %34 : s64i, align 8
            %36 = cast(integral) %35 : u64i
            %37 = const 1 : u64i
            %38 = const 31 : s32i
            %39 = shift left %37, %38 : u64i
            %40 = const 1 : u64i
            %41 = sub %39, %40 : u64i
            %42 = and %36, %41 : u64i
            %43 = const 1 : u64i
            %44 = const 31 : s32i
            %45 = const 1 : s32i
            %46 = sub %44, %45 : s32i [nsw]
            %47 = shift left %43, %46 : u64i
            %48 = const 2 : u64i
            %49 = add %47, %48 : u64i
            %50 = cmp ge %42, %49 : bool
            if %50 {
                %51 = get_global @abort : (() -> void)*
                call @abort() [all]
                yield
            }
            yield
        }
        return
}
fn exit(%arg0: s32i) -> void [external, c];
fn main() -> s32i [external, c, no_inline, dso_local, nothrow] {
    %0 = alloca s32i, "__retval", align 4
    %1 = const 0 : s32i
    store %1, %0
    %2 = const 0 : s64i
    call @f3(%2) [all]
    %3 = const 0 : s64i
    call @f4(%3) [all]
    %4 = const 0 : s64i
    call @f5(%4) [all]
    %5 = const 0 : s64i
    call @f6(%5) [all]
    %6 = const 0 : s64i
    call @f7(%6) [all]
    %7 = const 0 : s64i
    call @f8(%7) [all]
    %8 = const 0 : s64i
    call @f9(%8) [all]
    %9 = const 0 : s64i
    call @f10(%9) [all]
    %10 = const 0 : s64i
    call @f11(%10) [all]
    %11 = const 0 : s64i
    call @f12(%11) [all]
    %12 = const 0 : s64i
    call @f13(%12) [all]
    %13 = const 0 : s64i
    call @f14(%13) [all]
    %14 = const 0 : s64i
    call @f15(%14) [all]
    %15 = const 0 : s64i
    call @f16(%15) [all]
    %16 = const 0 : s64i
    call @f17(%16) [all]
    %17 = const 0 : s64i
    call @f18(%17) [all]
    %18 = const 0 : s64i
    call @f19(%18) [all]
    %19 = const 0 : s64i
    call @f20(%19) [all]
    %20 = const 0 : s64i
    call @f21(%20) [all]
    %21 = const 0 : s64i
    call @f22(%21) [all]
    %22 = const 0 : s64i
    call @f23(%22) [all]
    %23 = const 0 : s64i
    call @f24(%23) [all]
    %24 = const 0 : s64i
    call @f25(%24) [all]
    %25 = const 0 : s64i
    call @f26(%25) [all]
    %26 = const 0 : s64i
    call @f27(%26) [all]
    %27 = const 0 : s64i
    call @f28(%27) [all]
    %28 = const 0 : s64i
    call @f29(%28) [all]
    %29 = const 0 : s64i
    call @f30(%29) [all]
    %30 = const 0 : s64i
    call @f31(%30) [all]
    %31 = get_global @exit : ((s32i) -> void)*
    %32 = const 0 : s32i
    call @exit(%32) [all]
    %33 = load %0 : s32i
    return %33
}
