---
source: tests/snapshot_fixtures.rs
expression: snapshot
---
module "/home/takashi/Projects/clang-ir-rs/tests/fixtures.libc-test/functional/supported/fscanf.c" (c, x86_64-unknown-linux-gnu)
global t_status : s32i = 0 [external, default, align 4, dso_local]
global .str : s8i[139] = "/home/takashi/Projects/clang-ir-rs/tests/fixtures.libc-test/functional/supported/fscanf.c:93: %s failed (failed to open pipe %d!=%d (%s))\n" [cir_private, default, align 1, dso_local, constant]
global .str.1 : s8i[8] = "pipe(p)" [cir_private, default, align 1, dso_local, constant]
global .str.2 : s8i[3] = "rb" [cir_private, default, align 1, dso_local, constant]
global .str.3 : s8i[141] = "/home/takashi/Projects/clang-ir-rs/tests/fixtures.libc-test/functional/supported/fscanf.c:94: %s failed (failed to fdopen pipe %d!=%d (%s))\n" [cir_private, default, align 1, dso_local, constant]
global .str.4 : s8i[26] = "!(f = fdopen(p[0], \"rb\"))" [cir_private, default, align 1, dso_local, constant]
global .str.5 : s8i[14] = "hello, world\n" [cir_private, default, align 1, dso_local, constant]
global .str.6 : s8i[132] = "/home/takashi/Projects/clang-ir-rs/tests/fixtures.libc-test/functional/supported/fscanf.c:102: %s failed (write error %d!=%d (%s))\n" [cir_private, default, align 1, dso_local, constant]
global .str.7 : s8i[34] = "write(p[1], \"hello, world\\n\", 13)" [cir_private, default, align 1, dso_local, constant]
global .str.8 : s8i[10] = "%s %[own]" [cir_private, default, align 1, dso_local, constant]
global .str.9 : s8i[135] = "/home/takashi/Projects/clang-ir-rs/tests/fixtures.libc-test/functional/supported/fscanf.c:103: %s failed (got %d fields, expected %d)\n" [cir_private, default, align 1, dso_local, constant]
global .str.10 : s8i[29] = "fscanf(f, \"%s %[own]\", a, b)" [cir_private, default, align 1, dso_local, constant]
global .str.11 : s8i[7] = "hello," [cir_private, default, align 1, dso_local, constant]
global .str.12 : s8i[114] = "/home/takashi/Projects/clang-ir-rs/tests/fixtures.libc-test/functional/supported/fscanf.c:104: [%s] != [%s] (%s)\n" [cir_private, default, align 1, dso_local, constant]
global .str.13 : s8i[20] = "wrong result for %s" [cir_private, default, align 1, dso_local, constant]
global .str.14 : s8i[3] = "wo" [cir_private, default, align 1, dso_local, constant]
global .str.15 : s8i[114] = "/home/takashi/Projects/clang-ir-rs/tests/fixtures.libc-test/functional/supported/fscanf.c:105: [%s] != [%s] (%s)\n" [cir_private, default, align 1, dso_local, constant]
global .str.16 : s8i[24] = "wrong result for %[own]" [cir_private, default, align 1, dso_local, constant]
global .str.17 : s8i[127] = "/home/takashi/Projects/clang-ir-rs/tests/fixtures.libc-test/functional/supported/fscanf.c:106: %s failed ('%c' != '%c') (%s))\n" [cir_private, default, align 1, dso_local, constant]
global .str.18 : s8i[9] = "fgetc(f)" [cir_private, default, align 1, dso_local, constant]
global .str.19 : s8i[11] = " 0x12 0x34" [cir_private, default, align 1, dso_local, constant]
global .str.20 : s8i[132] = "/home/takashi/Projects/clang-ir-rs/tests/fixtures.libc-test/functional/supported/fscanf.c:108: %s failed (write error %d!=%d (%s))\n" [cir_private, default, align 1, dso_local, constant]
global .str.21 : s8i[30] = "write(p[1], \" 0x12 0x34\", 10)" [cir_private, default, align 1, dso_local, constant]
global .str.22 : s8i[10] = "ld %5i%2i" [cir_private, default, align 1, dso_local, constant]
global .str.23 : s8i[135] = "/home/takashi/Projects/clang-ir-rs/tests/fixtures.libc-test/functional/supported/fscanf.c:109: %s failed (got %d fields, expected %d)\n" [cir_private, default, align 1, dso_local, constant]
global .str.24 : s8i[31] = "fscanf(f, \"ld %5i%2i\", &x, &y)" [cir_private, default, align 1, dso_local, constant]
global .str.25 : s8i[117] = "/home/takashi/Projects/clang-ir-rs/tests/fixtures.libc-test/functional/supported/fscanf.c:110: %s failed (%d != %d)\n" [cir_private, default, align 1, dso_local, constant]
global .str.26 : s8i[2] = "x" [cir_private, default, align 1, dso_local, constant]
global .str.27 : s8i[121] = "/home/takashi/Projects/clang-ir-rs/tests/fixtures.libc-test/functional/supported/fscanf.c:111: %s failed ('%c' != '%c')\n" [cir_private, default, align 1, dso_local, constant]
global .str.28 : s8i[9] = "      42" [cir_private, default, align 1, dso_local, constant]
global .str.29 : s8i[133] = "/home/takashi/Projects/clang-ir-rs/tests/fixtures.libc-test/functional/supported/fscanf.c:116: %s failed (failed to make temp file)\n" [cir_private, default, align 1, dso_local, constant]
global .str.30 : s8i[30] = "!!(f = writetemp(\"      42\"))" [cir_private, default, align 1, dso_local, constant]
global .str.31 : s8i[9] = " %n%*d%n" [cir_private, default, align 1, dso_local, constant]
global .str.32 : s8i[117] = "/home/takashi/Projects/clang-ir-rs/tests/fixtures.libc-test/functional/supported/fscanf.c:119: %s failed (%d != %d)\n" [cir_private, default, align 1, dso_local, constant]
global .str.33 : s8i[30] = "fscanf(f, \" %n%*d%n\", &x, &y)" [cir_private, default, align 1, dso_local, constant]
global .str.34 : s8i[117] = "/home/takashi/Projects/clang-ir-rs/tests/fixtures.libc-test/functional/supported/fscanf.c:120: %s failed (%d != %d)\n" [cir_private, default, align 1, dso_local, constant]
global .str.35 : s8i[117] = "/home/takashi/Projects/clang-ir-rs/tests/fixtures.libc-test/functional/supported/fscanf.c:121: %s failed (%d != %d)\n" [cir_private, default, align 1, dso_local, constant]
global .str.36 : s8i[2] = "y" [cir_private, default, align 1, dso_local, constant]
global .str.37 : s8i[117] = "/home/takashi/Projects/clang-ir-rs/tests/fixtures.libc-test/functional/supported/fscanf.c:122: %s failed (%d != %d)\n" [cir_private, default, align 1, dso_local, constant]
global .str.38 : s8i[9] = "ftell(f)" [cir_private, default, align 1, dso_local, constant]
global .str.39 : s8i[117] = "/home/takashi/Projects/clang-ir-rs/tests/fixtures.libc-test/functional/supported/fscanf.c:123: %s failed (%d != %d)\n" [cir_private, default, align 1, dso_local, constant]
global .str.40 : s8i[10] = "!!feof(f)" [cir_private, default, align 1, dso_local, constant]
global .str.41 : s8i[14] = "[abc123]....x" [cir_private, default, align 1, dso_local, constant]
global .str.42 : s8i[133] = "/home/takashi/Projects/clang-ir-rs/tests/fixtures.libc-test/functional/supported/fscanf.c:127: %s failed (failed to make temp file)\n" [cir_private, default, align 1, dso_local, constant]
global .str.43 : s8i[35] = "!!(f = writetemp(\"[abc123]....x\"))" [cir_private, default, align 1, dso_local, constant]
global .str.44 : s8i[19] = "%10[^]]%n%10[].]%n" [cir_private, default, align 1, dso_local, constant]
global .str.45 : s8i[117] = "/home/takashi/Projects/clang-ir-rs/tests/fixtures.libc-test/functional/supported/fscanf.c:130: %s failed (%d != %d)\n" [cir_private, default, align 1, dso_local, constant]
global .str.46 : s8i[46] = "fscanf(f, \"%10[^]]%n%10[].]%n\", a, &x, b, &y)" [cir_private, default, align 1, dso_local, constant]
global .str.47 : s8i[8] = "[abc123" [cir_private, default, align 1, dso_local, constant]
global .str.48 : s8i[114] = "/home/takashi/Projects/clang-ir-rs/tests/fixtures.libc-test/functional/supported/fscanf.c:131: [%s] != [%s] (%s)\n" [cir_private, default, align 1, dso_local, constant]
global .str.49 : s8i[23] = "wrong result for %[^]]" [cir_private, default, align 1, dso_local, constant]
global .str.50 : s8i[6] = "]...." [cir_private, default, align 1, dso_local, constant]
global .str.51 : s8i[114] = "/home/takashi/Projects/clang-ir-rs/tests/fixtures.libc-test/functional/supported/fscanf.c:132: [%s] != [%s] (%s)\n" [cir_private, default, align 1, dso_local, constant]
global .str.52 : s8i[23] = "wrong result for %[].]" [cir_private, default, align 1, dso_local, constant]
global .str.53 : s8i[117] = "/home/takashi/Projects/clang-ir-rs/tests/fixtures.libc-test/functional/supported/fscanf.c:133: %s failed (%d != %d)\n" [cir_private, default, align 1, dso_local, constant]
global .str.54 : s8i[117] = "/home/takashi/Projects/clang-ir-rs/tests/fixtures.libc-test/functional/supported/fscanf.c:134: %s failed (%d != %d)\n" [cir_private, default, align 1, dso_local, constant]
global .str.55 : s8i[117] = "/home/takashi/Projects/clang-ir-rs/tests/fixtures.libc-test/functional/supported/fscanf.c:135: %s failed (%d != %d)\n" [cir_private, default, align 1, dso_local, constant]
global .str.56 : s8i[117] = "/home/takashi/Projects/clang-ir-rs/tests/fixtures.libc-test/functional/supported/fscanf.c:136: %s failed (%d != %d)\n" [cir_private, default, align 1, dso_local, constant]
global .str.57 : s8i[8] = "feof(f)" [cir_private, default, align 1, dso_local, constant]
global .str.58 : s8i[117] = "/home/takashi/Projects/clang-ir-rs/tests/fixtures.libc-test/functional/supported/fscanf.c:137: %s failed (%d != %d)\n" [cir_private, default, align 1, dso_local, constant]
global .str.59 : s8i[8] = "0x1p 12" [cir_private, default, align 1, dso_local, constant]
global .str.60 : s8i[133] = "/home/takashi/Projects/clang-ir-rs/tests/fixtures.libc-test/functional/supported/fscanf.c:141: %s failed (failed to make temp file)\n" [cir_private, default, align 1, dso_local, constant]
global .str.61 : s8i[29] = "!!(f = writetemp(\"0x1p 12\"))" [cir_private, default, align 1, dso_local, constant]
global .str.62 : s8i[9] = "%lf%n %d" [cir_private, default, align 1, dso_local, constant]
global .str.63 : s8i[117] = "/home/takashi/Projects/clang-ir-rs/tests/fixtures.libc-test/functional/supported/fscanf.c:145: %s failed (%d != %d)\n" [cir_private, default, align 1, dso_local, constant]
global .str.64 : s8i[34] = "fscanf(f, \"%lf%n %d\", &u, &x, &y)" [cir_private, default, align 1, dso_local, constant]
global .str.65 : s8i[117] = "/home/takashi/Projects/clang-ir-rs/tests/fixtures.libc-test/functional/supported/fscanf.c:146: %s failed (%g != %g)\n" [cir_private, default, align 1, dso_local, constant]
global .str.66 : s8i[2] = "u" [cir_private, default, align 1, dso_local, constant]
global .str.67 : s8i[117] = "/home/takashi/Projects/clang-ir-rs/tests/fixtures.libc-test/functional/supported/fscanf.c:147: %s failed (%d != %d)\n" [cir_private, default, align 1, dso_local, constant]
global .str.68 : s8i[117] = "/home/takashi/Projects/clang-ir-rs/tests/fixtures.libc-test/functional/supported/fscanf.c:148: %s failed (%d != %d)\n" [cir_private, default, align 1, dso_local, constant]
global .str.69 : s8i[117] = "/home/takashi/Projects/clang-ir-rs/tests/fixtures.libc-test/functional/supported/fscanf.c:149: %s failed (%d != %d)\n" [cir_private, default, align 1, dso_local, constant]
global .str.70 : s8i[117] = "/home/takashi/Projects/clang-ir-rs/tests/fixtures.libc-test/functional/supported/fscanf.c:150: %s failed (%d != %d)\n" [cir_private, default, align 1, dso_local, constant]
global .str.71 : s8i[117] = "/home/takashi/Projects/clang-ir-rs/tests/fixtures.libc-test/functional/supported/fscanf.c:151: %s failed (%d != %d)\n" [cir_private, default, align 1, dso_local, constant]
global .str.72 : s8i[117] = "/home/takashi/Projects/clang-ir-rs/tests/fixtures.libc-test/functional/supported/fscanf.c:153: %s failed (%d != %d)\n" [cir_private, default, align 1, dso_local, constant]
global .str.73 : s8i[117] = "/home/takashi/Projects/clang-ir-rs/tests/fixtures.libc-test/functional/supported/fscanf.c:154: %s failed (%d != %d)\n" [cir_private, default, align 1, dso_local, constant]
global .str.74 : s8i[11] = "%lf%n%c %d" [cir_private, default, align 1, dso_local, constant]
global .str.75 : s8i[117] = "/home/takashi/Projects/clang-ir-rs/tests/fixtures.libc-test/functional/supported/fscanf.c:155: %s failed (%d != %d)\n" [cir_private, default, align 1, dso_local, constant]
global .str.76 : s8i[39] = "fscanf(f, \"%lf%n%c %d\", &u, &x, a, &y)" [cir_private, default, align 1, dso_local, constant]
global .str.77 : s8i[117] = "/home/takashi/Projects/clang-ir-rs/tests/fixtures.libc-test/functional/supported/fscanf.c:156: %s failed (%g != %g)\n" [cir_private, default, align 1, dso_local, constant]
global .str.78 : s8i[117] = "/home/takashi/Projects/clang-ir-rs/tests/fixtures.libc-test/functional/supported/fscanf.c:157: %s failed (%d != %d)\n" [cir_private, default, align 1, dso_local, constant]
global .str.79 : s8i[117] = "/home/takashi/Projects/clang-ir-rs/tests/fixtures.libc-test/functional/supported/fscanf.c:158: %s failed (%d != %d)\n" [cir_private, default, align 1, dso_local, constant]
global .str.80 : s8i[5] = "a[0]" [cir_private, default, align 1, dso_local, constant]
global .str.81 : s8i[117] = "/home/takashi/Projects/clang-ir-rs/tests/fixtures.libc-test/functional/supported/fscanf.c:159: %s failed (%d != %d)\n" [cir_private, default, align 1, dso_local, constant]
global .str.82 : s8i[117] = "/home/takashi/Projects/clang-ir-rs/tests/fixtures.libc-test/functional/supported/fscanf.c:160: %s failed (%d != %d)\n" [cir_private, default, align 1, dso_local, constant]
global .str.83 : s8i[117] = "/home/takashi/Projects/clang-ir-rs/tests/fixtures.libc-test/functional/supported/fscanf.c:161: %s failed (%d != %d)\n" [cir_private, default, align 1, dso_local, constant]
global .str.84 : s8i[14] = "0x.1p4    012" [cir_private, default, align 1, dso_local, constant]
global .str.85 : s8i[133] = "/home/takashi/Projects/clang-ir-rs/tests/fixtures.libc-test/functional/supported/fscanf.c:165: %s failed (failed to make temp file)\n" [cir_private, default, align 1, dso_local, constant]
global .str.86 : s8i[35] = "!!(f = writetemp(\"0x.1p4    012\"))" [cir_private, default, align 1, dso_local, constant]
global .str.87 : s8i[9] = "%lf%n %i" [cir_private, default, align 1, dso_local, constant]
global .str.88 : s8i[117] = "/home/takashi/Projects/clang-ir-rs/tests/fixtures.libc-test/functional/supported/fscanf.c:169: %s failed (%d != %d)\n" [cir_private, default, align 1, dso_local, constant]
global .str.89 : s8i[34] = "fscanf(f, \"%lf%n %i\", &u, &x, &y)" [cir_private, default, align 1, dso_local, constant]
global .str.90 : s8i[117] = "/home/takashi/Projects/clang-ir-rs/tests/fixtures.libc-test/functional/supported/fscanf.c:170: %s failed (%g != %g)\n" [cir_private, default, align 1, dso_local, constant]
global .str.91 : s8i[117] = "/home/takashi/Projects/clang-ir-rs/tests/fixtures.libc-test/functional/supported/fscanf.c:171: %s failed (%d != %d)\n" [cir_private, default, align 1, dso_local, constant]
global .str.92 : s8i[117] = "/home/takashi/Projects/clang-ir-rs/tests/fixtures.libc-test/functional/supported/fscanf.c:172: %s failed (%d != %d)\n" [cir_private, default, align 1, dso_local, constant]
global .str.93 : s8i[117] = "/home/takashi/Projects/clang-ir-rs/tests/fixtures.libc-test/functional/supported/fscanf.c:173: %s failed (%d != %d)\n" [cir_private, default, align 1, dso_local, constant]
global .str.94 : s8i[117] = "/home/takashi/Projects/clang-ir-rs/tests/fixtures.libc-test/functional/supported/fscanf.c:174: %s failed (%d != %d)\n" [cir_private, default, align 1, dso_local, constant]
global .str.95 : s8i[4] = "0xx" [cir_private, default, align 1, dso_local, constant]
global .str.96 : s8i[133] = "/home/takashi/Projects/clang-ir-rs/tests/fixtures.libc-test/functional/supported/fscanf.c:178: %s failed (failed to make temp file)\n" [cir_private, default, align 1, dso_local, constant]
global .str.97 : s8i[25] = "!!(f = writetemp(\"0xx\"))" [cir_private, default, align 1, dso_local, constant]
global .str.98 : s8i[5] = "%x%n" [cir_private, default, align 1, dso_local, constant]
global .str.99 : s8i[117] = "/home/takashi/Projects/clang-ir-rs/tests/fixtures.libc-test/functional/supported/fscanf.c:181: %s failed (%d != %d)\n" [cir_private, default, align 1, dso_local, constant]
global .str.100 : s8i[26] = "fscanf(f, \"%x%n\", &x, &y)" [cir_private, default, align 1, dso_local, constant]
global .str.101 : s8i[117] = "/home/takashi/Projects/clang-ir-rs/tests/fixtures.libc-test/functional/supported/fscanf.c:182: %s failed (%d != %d)\n" [cir_private, default, align 1, dso_local, constant]
global .str.102 : s8i[117] = "/home/takashi/Projects/clang-ir-rs/tests/fixtures.libc-test/functional/supported/fscanf.c:183: %s failed (%d != %d)\n" [cir_private, default, align 1, dso_local, constant]
global .str.103 : s8i[117] = "/home/takashi/Projects/clang-ir-rs/tests/fixtures.libc-test/functional/supported/fscanf.c:184: %s failed (%d != %d)\n" [cir_private, default, align 1, dso_local, constant]
global .str.104 : s8i[117] = "/home/takashi/Projects/clang-ir-rs/tests/fixtures.libc-test/functional/supported/fscanf.c:185: %s failed (%d != %d)\n" [cir_private, default, align 1, dso_local, constant]

fn vsnprintf(%arg0: s8i*, %arg1: u64i, %arg2: s8i*, %arg3: rec___va_list_tag*) -> s32i [external, c, nothrow];
fn write(%arg0: s32i, %arg1: void*, %arg2: u64i) -> s64i [external, c];
fn t_printf(%arg1: s8i*, ...) -> s32i [external, c, no_inline, dso_local, nothrow] {
    ^bb0(%arg1: s8i*):
        %1320 = alloca s8i*, "s", align 8
        %1321 = alloca s32i, "__retval", align 4
        %1322 = alloca rec___va_list_tag[1], "ap", align 16
        %1323 = alloca s8i[512], "buf", align 16
        %1324 = alloca s32i, "n", align 4
        store %arg1, %1320
        %1325 = const 1 : s32i
        %1326 = get_global @t_status : s32i*
        store %1325, %1326, align 4, volatile
        %1327 = cast(array_to_ptrdecay) %1322 : rec___va_list_tag*
        <unmodeled: cir.va_start>
        %1328 = get_global @vsnprintf : ((s8i*, u64i, s8i*, rec___va_list_tag*) -> s32i)*
        %1329 = cast(array_to_ptrdecay) %1323 : s8i*
        %1330 = const 512 : u64i
        %1331 = load %1320 : s8i*, align 8
        %1332 = cast(array_to_ptrdecay) %1322 : rec___va_list_tag*
        %1333 = call @vsnprintf(%1329, %1330, %1331, %1332) : s32i [all]
        store %1333, %1324, align 4
        %1334 = cast(array_to_ptrdecay) %1322 : rec___va_list_tag*
        <unmodeled: cir.va_end>
        scope {
            %1343 = load %1324 : s32i, align 4
            %1344 = const 0 : s32i
            %1345 = cmp lt %1343, %1344 : bool
            if %1345 {
                %1375 = const 0 : s32i
                store %1375, %1324, align 4
                yield
            } else {
                scope {
                    %1346 = load %1324 : s32i, align 4
                    %1347 = cast(integral) %1346 : u64i
                    %1348 = const 512 : u64i
                    %1349 = cmp ge %1347, %1348 : bool
                    if %1349 {
                        %1350 = const 512 : s32i
                        store %1350, %1324, align 4
                        %1351 = const 10 : s8i
                        %1352 = load %1324 : s32i, align 4
                        %1353 = const 1 : s32i
                        %1354 = sub %1352, %1353 : s32i [nsw]
                        %1355 = cast(integral) %1354 : s64i
                        %1356 = get_element %1323[%1355] : s8i*
                        store %1351, %1356, align 1
                        %1357 = const 46 : s8i
                        %1358 = load %1324 : s32i, align 4
                        %1359 = const 2 : s32i
                        %1360 = sub %1358, %1359 : s32i [nsw]
                        %1361 = cast(integral) %1360 : s64i
                        %1362 = get_element %1323[%1361] : s8i*
                        store %1357, %1362, align 1
                        %1363 = const 46 : s8i
                        %1364 = load %1324 : s32i, align 4
                        %1365 = const 3 : s32i
                        %1366 = sub %1364, %1365 : s32i [nsw]
                        %1367 = cast(integral) %1366 : s64i
                        %1368 = get_element %1323[%1367] : s8i*
                        store %1363, %1368, align 1
                        %1369 = const 46 : s8i
                        %1370 = load %1324 : s32i, align 4
                        %1371 = const 4 : s32i
                        %1372 = sub %1370, %1371 : s32i [nsw]
                        %1373 = cast(integral) %1372 : s64i
                        %1374 = get_element %1323[%1373] : s8i*
                        store %1369, %1374, align 1
                        yield
                    }
                    yield
                }
                yield
            }
            yield
        }
        %1335 = const 1 : s32i
        %1336 = cast(array_to_ptrdecay) %1323 : s8i*
        %1337 = cast(bitcast) %1336 : void*
        %1338 = load %1324 : s32i, align 4
        %1339 = cast(integral) %1338 : u64i
        %1340 = call @write(%1335, %1337, %1339) : s64i [all]
        %1341 = cast(integral) %1340 : s32i
        store %1341, %1321
        %1342 = load %1321 : s32i
        return %1342
}
fn __errno_location() -> s32i* [external, c, const, nothrow];
fn pipe(%arg0: s32i*) -> s32i [external, c, nothrow];
fn strerror(%arg0: s32i) -> s8i* [external, c, nothrow];
fn fdopen(%arg0: s32i, %arg1: s8i*) -> rec__IO_FILE* [external, c, nothrow];
fn close(%arg0: s32i) -> s32i [external, c];
fn __isoc23_fscanf(%arg0: rec__IO_FILE*, %arg1: s8i*, ...) -> s32i [external, c];
fn strcmp(%arg0: s8i*, %arg1: s8i*) -> s32i [external, c, pure, nothrow];
fn fgetc(%arg0: rec__IO_FILE*) -> s32i [external, c];
fn fclose(%arg0: rec__IO_FILE*) -> s32i [external, c];
fn tmpfile() -> rec__IO_FILE* [external, c];
fn fwrite(%arg0: void*, %arg1: u64i, %arg2: u64i, %arg3: rec__IO_FILE*) -> u64i [external, c];
fn strlen(%arg0: s8i*) -> u64i [external, c, pure, nothrow];
fn writetemp(%arg0: s8i*) -> rec__IO_FILE* [internal, c, no_inline, dso_local, nothrow] {
    ^bb0(%arg0: s8i*):
        %1293 = alloca s8i*, "data", align 8
        %1294 = alloca rec__IO_FILE*, "__retval", align 8
        %1295 = alloca rec__IO_FILE*, "f", align 8
        store %arg0, %1293
        %1296 = call @tmpfile() : rec__IO_FILE* [all]
        store %1296, %1295, align 8
        scope {
            %1315 = load %1295 : rec__IO_FILE*, align 8
            %1316 = cast(ptr_to_bool) %1315 : bool
            %1317 = not %1316 : bool
            if %1317 {
                %1318 = const #cir.ptr<null> : rec__IO_FILE*
                store %1318, %1294
                %1319 = load %1294 : rec__IO_FILE*
                return %1319
            }
            yield
        }
        scope {
            %1300 = get_global @fwrite : ((void*, u64i, u64i, rec__IO_FILE*) -> u64i)*
            %1301 = load %1293 : s8i*, align 8
            %1302 = cast(bitcast) %1301 : void*
            %1303 = get_global @strlen : ((s8i*) -> u64i)*
            %1304 = load %1293 : s8i*, align 8
            %1305 = call @strlen(%1304) : u64i [pure]
            %1306 = const 1 : u64i
            %1307 = load %1295 : rec__IO_FILE*, align 8
            %1308 = call @fwrite(%1302, %1305, %1306, %1307) : u64i [all]
            %1309 = cast(int_to_bool) %1308 : bool
            %1310 = not %1309 : bool
            if %1310 {
                %1311 = load %1295 : rec__IO_FILE*, align 8
                %1312 = call @fclose(%1311) : s32i [all]
                %1313 = const #cir.ptr<null> : rec__IO_FILE*
                store %1313, %1294
                %1314 = load %1294 : rec__IO_FILE*
                return %1314
            }
            yield
        }
        %1297 = load %1295 : rec__IO_FILE*, align 8
        call @rewind(%1297) [all]
        %1298 = load %1295 : rec__IO_FILE*, align 8
        store %1298, %1294
        %1299 = load %1294 : rec__IO_FILE*
        return %1299
}
fn ftell(%arg0: rec__IO_FILE*) -> s64i [external, c];
fn feof(%arg0: rec__IO_FILE*) -> s32i [external, c, nothrow];
fn rewind(%arg0: rec__IO_FILE*) -> void [external, c];
fn main() -> s32i [external, c, no_inline, dso_local, nothrow] {
    %0 = alloca s32i, "__retval", align 4
    %1 = alloca s32i, "i", align 4
    %2 = alloca s32i, "x", align 4
    %3 = alloca s32i, "y", align 4
    %4 = alloca double, "u", align 8
    %5 = alloca s8i[100], "a", align 16
    %6 = alloca s8i[100], "b", align 16
    %7 = alloca rec__IO_FILE*, "f", align 8
    %8 = alloca s32i[2], "p", align 4
    %9 = const 0 : s32i
    store %9, %0
    %10 = const 0 : s32i
    %11 = call @__errno_location() : s32i* [const]
    store %10, %11, align 4
    %12 = cast(array_to_ptrdecay) %8 : s32i*
    %13 = call @pipe(%12) : s32i [all]
    store %13, %1, align 4
    %14 = const 0 : s32i
    %15 = cmp eq %13, %14 : bool
    %16 = ternary %15 ? { : bool
        %1292 = const #true : bool
        yield %1292
    } : {
        %1279 = get_global @.str : s8i[139]*
        %1280 = cast(array_to_ptrdecay) %1279 : s8i*
        %1281 = get_global @.str.1 : s8i[8]*
        %1282 = cast(array_to_ptrdecay) %1281 : s8i*
        %1283 = load %1 : s32i, align 4
        %1284 = const 0 : s32i
        %1285 = get_global @strerror : ((s32i) -> s8i*)*
        %1286 = call @__errno_location() : s32i* [const]
        %1287 = load %1286 : s32i, align 4
        %1288 = call @strerror(%1287) : s8i* [all]
        %1289 = call @t_printf(%1280, %1282, %1283, %1284, %1288) : s32i [all]
        %1290 = const 0 : s32i
        %1291 = cast(int_to_bool) %1290 : bool
        yield %1291
    }
    %17 = const 0 : s32i
    %18 = call @__errno_location() : s32i* [const]
    store %17, %18, align 4
    %19 = const 0 : s64i
    %20 = get_element %8[%19] : s32i*
    %21 = load %20 : s32i, align 4
    %22 = get_global @.str.2 : s8i[3]*
    %23 = cast(array_to_ptrdecay) %22 : s8i*
    %24 = call @fdopen(%21, %23) : rec__IO_FILE* [all]
    store %24, %7, align 8
    %25 = cast(ptr_to_bool) %24 : bool
    %26 = not %25 : bool
    %27 = cast(bool_to_int) %26 : s32i
    store %27, %1, align 4
    %28 = const 0 : s32i
    %29 = cmp eq %27, %28 : bool
    %30 = ternary %29 ? { : bool
        %1278 = const #true : bool
        yield %1278
    } : {
        %1265 = get_global @.str.3 : s8i[141]*
        %1266 = cast(array_to_ptrdecay) %1265 : s8i*
        %1267 = get_global @.str.4 : s8i[26]*
        %1268 = cast(array_to_ptrdecay) %1267 : s8i*
        %1269 = load %1 : s32i, align 4
        %1270 = const 0 : s32i
        %1271 = get_global @strerror : ((s32i) -> s8i*)*
        %1272 = call @__errno_location() : s32i* [const]
        %1273 = load %1272 : s32i, align 4
        %1274 = call @strerror(%1273) : s8i* [all]
        %1275 = call @t_printf(%1266, %1268, %1269, %1270, %1274) : s32i [all]
        %1276 = const 0 : s32i
        %1277 = cast(int_to_bool) %1276 : bool
        yield %1277
    }
    scope {
        %1252 = load %7 : rec__IO_FILE*, align 8
        %1253 = cast(ptr_to_bool) %1252 : bool
        %1254 = not %1253 : bool
        if %1254 {
            %1255 = const 0 : s64i
            %1256 = get_element %8[%1255] : s32i*
            %1257 = load %1256 : s32i, align 4
            %1258 = call @close(%1257) : s32i [all]
            %1259 = const 1 : s64i
            %1260 = get_element %8[%1259] : s32i*
            %1261 = load %1260 : s32i, align 4
            %1262 = call @close(%1261) : s32i [all]
            %1263 = const 1 : s32i
            store %1263, %0
            %1264 = load %0 : s32i
            return %1264
        }
        yield
    }
    %31 = const 0 : s32i
    %32 = call @__errno_location() : s32i* [const]
    store %31, %32, align 4
    %33 = const 1 : s64i
    %34 = get_element %8[%33] : s32i*
    %35 = load %34 : s32i, align 4
    %36 = get_global @.str.5 : s8i[14]*
    %37 = cast(array_to_ptrdecay) %36 : s8i*
    %38 = cast(bitcast) %37 : void*
    %39 = const 13 : u64i
    %40 = call @write(%35, %38, %39) : s64i [all]
    %41 = cast(integral) %40 : s32i
    store %41, %1, align 4
    %42 = const 13 : s32i
    %43 = cmp eq %41, %42 : bool
    %44 = ternary %43 ? { : bool
        %1251 = const #true : bool
        yield %1251
    } : {
        %1238 = get_global @.str.6 : s8i[132]*
        %1239 = cast(array_to_ptrdecay) %1238 : s8i*
        %1240 = get_global @.str.7 : s8i[34]*
        %1241 = cast(array_to_ptrdecay) %1240 : s8i*
        %1242 = load %1 : s32i, align 4
        %1243 = const 13 : s32i
        %1244 = get_global @strerror : ((s32i) -> s8i*)*
        %1245 = call @__errno_location() : s32i* [const]
        %1246 = load %1245 : s32i, align 4
        %1247 = call @strerror(%1246) : s8i* [all]
        %1248 = call @t_printf(%1239, %1241, %1242, %1243, %1247) : s32i [all]
        %1249 = const 0 : s32i
        %1250 = cast(int_to_bool) %1249 : bool
        yield %1250
    }
    %45 = const 0 : s32i
    %46 = call @__errno_location() : s32i* [const]
    store %45, %46, align 4
    %47 = get_global @__isoc23_fscanf : ((rec__IO_FILE*, s8i*, ...) -> s32i)*
    %48 = load %7 : rec__IO_FILE*, align 8
    %49 = get_global @.str.8 : s8i[10]*
    %50 = cast(array_to_ptrdecay) %49 : s8i*
    %51 = cast(array_to_ptrdecay) %5 : s8i*
    %52 = cast(array_to_ptrdecay) %6 : s8i*
    %53 = call @__isoc23_fscanf(%48, %50, %51, %52) : s32i [all]
    store %53, %1, align 4
    %54 = const 2 : s32i
    %55 = cmp eq %53, %54 : bool
    %56 = ternary %55 ? { : bool
        %1237 = const #true : bool
        yield %1237
    } : {
        %1224 = get_global @.str.9 : s8i[135]*
        %1225 = cast(array_to_ptrdecay) %1224 : s8i*
        %1226 = get_global @.str.10 : s8i[29]*
        %1227 = cast(array_to_ptrdecay) %1226 : s8i*
        %1228 = load %1 : s32i, align 4
        %1229 = const 2 : s32i
        %1230 = get_global @strerror : ((s32i) -> s8i*)*
        %1231 = call @__errno_location() : s32i* [const]
        %1232 = load %1231 : s32i, align 4
        %1233 = call @strerror(%1232) : s8i* [all]
        %1234 = call @t_printf(%1225, %1227, %1228, %1229, %1233) : s32i [all]
        %1235 = const 0 : s32i
        %1236 = cast(int_to_bool) %1235 : bool
        yield %1236
    }
    %57 = get_global @strcmp : ((s8i*, s8i*) -> s32i)*
    %58 = cast(array_to_ptrdecay) %5 : s8i*
    %59 = get_global @.str.11 : s8i[7]*
    %60 = cast(array_to_ptrdecay) %59 : s8i*
    %61 = call @strcmp(%58, %60) : s32i [pure]
    %62 = cast(int_to_bool) %61 : bool
    %63 = not %62 : bool
    %64 = ternary %63 ? { : bool
        %1223 = const #true : bool
        yield %1223
    } : {
        %1213 = get_global @.str.12 : s8i[114]*
        %1214 = cast(array_to_ptrdecay) %1213 : s8i*
        %1215 = cast(array_to_ptrdecay) %5 : s8i*
        %1216 = get_global @.str.11 : s8i[7]*
        %1217 = cast(array_to_ptrdecay) %1216 : s8i*
        %1218 = get_global @.str.13 : s8i[20]*
        %1219 = cast(array_to_ptrdecay) %1218 : s8i*
        %1220 = call @t_printf(%1214, %1215, %1217, %1219) : s32i [all]
        %1221 = const 0 : s32i
        %1222 = cast(int_to_bool) %1221 : bool
        yield %1222
    }
    %65 = get_global @strcmp : ((s8i*, s8i*) -> s32i)*
    %66 = cast(array_to_ptrdecay) %6 : s8i*
    %67 = get_global @.str.14 : s8i[3]*
    %68 = cast(array_to_ptrdecay) %67 : s8i*
    %69 = call @strcmp(%66, %68) : s32i [pure]
    %70 = cast(int_to_bool) %69 : bool
    %71 = not %70 : bool
    %72 = ternary %71 ? { : bool
        %1212 = const #true : bool
        yield %1212
    } : {
        %1202 = get_global @.str.15 : s8i[114]*
        %1203 = cast(array_to_ptrdecay) %1202 : s8i*
        %1204 = cast(array_to_ptrdecay) %6 : s8i*
        %1205 = get_global @.str.14 : s8i[3]*
        %1206 = cast(array_to_ptrdecay) %1205 : s8i*
        %1207 = get_global @.str.16 : s8i[24]*
        %1208 = cast(array_to_ptrdecay) %1207 : s8i*
        %1209 = call @t_printf(%1203, %1204, %1206, %1208) : s32i [all]
        %1210 = const 0 : s32i
        %1211 = cast(int_to_bool) %1210 : bool
        yield %1211
    }
    %73 = const 0 : s32i
    %74 = call @__errno_location() : s32i* [const]
    store %73, %74, align 4
    %75 = load %7 : rec__IO_FILE*, align 8
    %76 = call @fgetc(%75) : s32i [all]
    store %76, %1, align 4
    %77 = const 114 : s32i
    %78 = cmp eq %76, %77 : bool
    %79 = ternary %78 ? { : bool
        %1201 = const #true : bool
        yield %1201
    } : {
        %1188 = get_global @.str.17 : s8i[127]*
        %1189 = cast(array_to_ptrdecay) %1188 : s8i*
        %1190 = get_global @.str.18 : s8i[9]*
        %1191 = cast(array_to_ptrdecay) %1190 : s8i*
        %1192 = load %1 : s32i, align 4
        %1193 = const 114 : s32i
        %1194 = get_global @strerror : ((s32i) -> s8i*)*
        %1195 = call @__errno_location() : s32i* [const]
        %1196 = load %1195 : s32i, align 4
        %1197 = call @strerror(%1196) : s8i* [all]
        %1198 = call @t_printf(%1189, %1191, %1192, %1193, %1197) : s32i [all]
        %1199 = const 0 : s32i
        %1200 = cast(int_to_bool) %1199 : bool
        yield %1200
    }
    %80 = const 0 : s32i
    %81 = call @__errno_location() : s32i* [const]
    store %80, %81, align 4
    %82 = const 1 : s64i
    %83 = get_element %8[%82] : s32i*
    %84 = load %83 : s32i, align 4
    %85 = get_global @.str.19 : s8i[11]*
    %86 = cast(array_to_ptrdecay) %85 : s8i*
    %87 = cast(bitcast) %86 : void*
    %88 = const 10 : u64i
    %89 = call @write(%84, %87, %88) : s64i [all]
    %90 = cast(integral) %89 : s32i
    store %90, %1, align 4
    %91 = const 10 : s32i
    %92 = cmp eq %90, %91 : bool
    %93 = ternary %92 ? { : bool
        %1187 = const #true : bool
        yield %1187
    } : {
        %1174 = get_global @.str.20 : s8i[132]*
        %1175 = cast(array_to_ptrdecay) %1174 : s8i*
        %1176 = get_global @.str.21 : s8i[30]*
        %1177 = cast(array_to_ptrdecay) %1176 : s8i*
        %1178 = load %1 : s32i, align 4
        %1179 = const 10 : s32i
        %1180 = get_global @strerror : ((s32i) -> s8i*)*
        %1181 = call @__errno_location() : s32i* [const]
        %1182 = load %1181 : s32i, align 4
        %1183 = call @strerror(%1182) : s8i* [all]
        %1184 = call @t_printf(%1175, %1177, %1178, %1179, %1183) : s32i [all]
        %1185 = const 0 : s32i
        %1186 = cast(int_to_bool) %1185 : bool
        yield %1186
    }
    %94 = const 0 : s32i
    %95 = call @__errno_location() : s32i* [const]
    store %94, %95, align 4
    %96 = get_global @__isoc23_fscanf : ((rec__IO_FILE*, s8i*, ...) -> s32i)*
    %97 = load %7 : rec__IO_FILE*, align 8
    %98 = get_global @.str.22 : s8i[10]*
    %99 = cast(array_to_ptrdecay) %98 : s8i*
    %100 = call @__isoc23_fscanf(%97, %99, %2, %3) : s32i [all]
    store %100, %1, align 4
    %101 = const 1 : s32i
    %102 = cmp eq %100, %101 : bool
    %103 = ternary %102 ? { : bool
        %1173 = const #true : bool
        yield %1173
    } : {
        %1160 = get_global @.str.23 : s8i[135]*
        %1161 = cast(array_to_ptrdecay) %1160 : s8i*
        %1162 = get_global @.str.24 : s8i[31]*
        %1163 = cast(array_to_ptrdecay) %1162 : s8i*
        %1164 = load %1 : s32i, align 4
        %1165 = const 1 : s32i
        %1166 = get_global @strerror : ((s32i) -> s8i*)*
        %1167 = call @__errno_location() : s32i* [const]
        %1168 = load %1167 : s32i, align 4
        %1169 = call @strerror(%1168) : s8i* [all]
        %1170 = call @t_printf(%1161, %1163, %1164, %1165, %1169) : s32i [all]
        %1171 = const 0 : s32i
        %1172 = cast(int_to_bool) %1171 : bool
        yield %1172
    }
    %104 = const 0 : s32i
    %105 = call @__errno_location() : s32i* [const]
    store %104, %105, align 4
    %106 = load %2 : s32i, align 4
    store %106, %1, align 4
    %107 = const 18 : s32i
    %108 = cmp eq %106, %107 : bool
    %109 = ternary %108 ? { : bool
        %1159 = const #true : bool
        yield %1159
    } : {
        %1146 = get_global @.str.25 : s8i[117]*
        %1147 = cast(array_to_ptrdecay) %1146 : s8i*
        %1148 = get_global @.str.26 : s8i[2]*
        %1149 = cast(array_to_ptrdecay) %1148 : s8i*
        %1150 = load %1 : s32i, align 4
        %1151 = const 18 : s32i
        %1152 = get_global @strerror : ((s32i) -> s8i*)*
        %1153 = call @__errno_location() : s32i* [const]
        %1154 = load %1153 : s32i, align 4
        %1155 = call @strerror(%1154) : s8i* [all]
        %1156 = call @t_printf(%1147, %1149, %1150, %1151, %1155) : s32i [all]
        %1157 = const 0 : s32i
        %1158 = cast(int_to_bool) %1157 : bool
        yield %1158
    }
    %110 = const 0 : s32i
    %111 = call @__errno_location() : s32i* [const]
    store %110, %111, align 4
    %112 = load %7 : rec__IO_FILE*, align 8
    %113 = call @fgetc(%112) : s32i [all]
    store %113, %1, align 4
    %114 = const 51 : s32i
    %115 = cmp eq %113, %114 : bool
    %116 = ternary %115 ? { : bool
        %1145 = const #true : bool
        yield %1145
    } : {
        %1132 = get_global @.str.27 : s8i[121]*
        %1133 = cast(array_to_ptrdecay) %1132 : s8i*
        %1134 = get_global @.str.18 : s8i[9]*
        %1135 = cast(array_to_ptrdecay) %1134 : s8i*
        %1136 = load %1 : s32i, align 4
        %1137 = const 51 : s32i
        %1138 = get_global @strerror : ((s32i) -> s8i*)*
        %1139 = call @__errno_location() : s32i* [const]
        %1140 = load %1139 : s32i, align 4
        %1141 = call @strerror(%1140) : s8i* [all]
        %1142 = call @t_printf(%1133, %1135, %1136, %1137, %1141) : s32i [all]
        %1143 = const 0 : s32i
        %1144 = cast(int_to_bool) %1143 : bool
        yield %1144
    }
    %117 = load %7 : rec__IO_FILE*, align 8
    %118 = call @fclose(%117) : s32i [all]
    %119 = const 1 : s64i
    %120 = get_element %8[%119] : s32i*
    %121 = load %120 : s32i, align 4
    %122 = call @close(%121) : s32i [all]
    %123 = const 0 : s32i
    %124 = call @__errno_location() : s32i* [const]
    store %123, %124, align 4
    %125 = get_global @.str.28 : s8i[9]*
    %126 = cast(array_to_ptrdecay) %125 : s8i*
    %127 = call @writetemp(%126) : rec__IO_FILE* [all]
    store %127, %7, align 8
    %128 = cast(ptr_to_bool) %127 : bool
    %129 = cast(bool_to_int) %128 : s32i
    store %129, %1, align 4
    %130 = const 1 : s32i
    %131 = cmp eq %129, %130 : bool
    %132 = ternary %131 ? { : bool
        %1131 = const #true : bool
        yield %1131
    } : {
        %1118 = get_global @.str.29 : s8i[133]*
        %1119 = cast(array_to_ptrdecay) %1118 : s8i*
        %1120 = get_global @.str.30 : s8i[30]*
        %1121 = cast(array_to_ptrdecay) %1120 : s8i*
        %1122 = load %1 : s32i, align 4
        %1123 = const 1 : s32i
        %1124 = get_global @strerror : ((s32i) -> s8i*)*
        %1125 = call @__errno_location() : s32i* [const]
        %1126 = load %1125 : s32i, align 4
        %1127 = call @strerror(%1126) : s8i* [all]
        %1128 = call @t_printf(%1119, %1121, %1122, %1123, %1127) : s32i [all]
        %1129 = const 0 : s32i
        %1130 = cast(int_to_bool) %1129 : bool
        yield %1130
    }
    scope {
        %1004 = load %7 : rec__IO_FILE*, align 8
        %1005 = cast(ptr_to_bool) %1004 : bool
        if %1005 {
            %1006 = const -1 : s32i
            store %1006, %3, align 4
            store %1006, %2, align 4
            %1007 = const 0 : s32i
            %1008 = call @__errno_location() : s32i* [const]
            store %1007, %1008, align 4
            %1009 = get_global @__isoc23_fscanf : ((rec__IO_FILE*, s8i*, ...) -> s32i)*
            %1010 = load %7 : rec__IO_FILE*, align 8
            %1011 = get_global @.str.31 : s8i[9]*
            %1012 = cast(array_to_ptrdecay) %1011 : s8i*
            %1013 = call @__isoc23_fscanf(%1010, %1012, %2, %3) : s32i [all]
            store %1013, %1, align 4
            %1014 = const 0 : s32i
            %1015 = cmp eq %1013, %1014 : bool
            %1016 = ternary %1015 ? { : bool
                %1117 = const #true : bool
                yield %1117
            } : {
                %1104 = get_global @.str.32 : s8i[117]*
                %1105 = cast(array_to_ptrdecay) %1104 : s8i*
                %1106 = get_global @.str.33 : s8i[30]*
                %1107 = cast(array_to_ptrdecay) %1106 : s8i*
                %1108 = load %1 : s32i, align 4
                %1109 = const 0 : s32i
                %1110 = get_global @strerror : ((s32i) -> s8i*)*
                %1111 = call @__errno_location() : s32i* [const]
                %1112 = load %1111 : s32i, align 4
                %1113 = call @strerror(%1112) : s8i* [all]
                %1114 = call @t_printf(%1105, %1107, %1108, %1109, %1113) : s32i [all]
                %1115 = const 0 : s32i
                %1116 = cast(int_to_bool) %1115 : bool
                yield %1116
            }
            %1017 = const 0 : s32i
            %1018 = call @__errno_location() : s32i* [const]
            store %1017, %1018, align 4
            %1019 = load %2 : s32i, align 4
            store %1019, %1, align 4
            %1020 = const 6 : s32i
            %1021 = cmp eq %1019, %1020 : bool
            %1022 = ternary %1021 ? { : bool
                %1103 = const #true : bool
                yield %1103
            } : {
                %1090 = get_global @.str.34 : s8i[117]*
                %1091 = cast(array_to_ptrdecay) %1090 : s8i*
                %1092 = get_global @.str.26 : s8i[2]*
                %1093 = cast(array_to_ptrdecay) %1092 : s8i*
                %1094 = load %1 : s32i, align 4
                %1095 = const 6 : s32i
                %1096 = get_global @strerror : ((s32i) -> s8i*)*
                %1097 = call @__errno_location() : s32i* [const]
                %1098 = load %1097 : s32i, align 4
                %1099 = call @strerror(%1098) : s8i* [all]
                %1100 = call @t_printf(%1091, %1093, %1094, %1095, %1099) : s32i [all]
                %1101 = const 0 : s32i
                %1102 = cast(int_to_bool) %1101 : bool
                yield %1102
            }
            %1023 = const 0 : s32i
            %1024 = call @__errno_location() : s32i* [const]
            store %1023, %1024, align 4
            %1025 = load %3 : s32i, align 4
            store %1025, %1, align 4
            %1026 = const 8 : s32i
            %1027 = cmp eq %1025, %1026 : bool
            %1028 = ternary %1027 ? { : bool
                %1089 = const #true : bool
                yield %1089
            } : {
                %1076 = get_global @.str.35 : s8i[117]*
                %1077 = cast(array_to_ptrdecay) %1076 : s8i*
                %1078 = get_global @.str.36 : s8i[2]*
                %1079 = cast(array_to_ptrdecay) %1078 : s8i*
                %1080 = load %1 : s32i, align 4
                %1081 = const 8 : s32i
                %1082 = get_global @strerror : ((s32i) -> s8i*)*
                %1083 = call @__errno_location() : s32i* [const]
                %1084 = load %1083 : s32i, align 4
                %1085 = call @strerror(%1084) : s8i* [all]
                %1086 = call @t_printf(%1077, %1079, %1080, %1081, %1085) : s32i [all]
                %1087 = const 0 : s32i
                %1088 = cast(int_to_bool) %1087 : bool
                yield %1088
            }
            %1029 = const 0 : s32i
            %1030 = call @__errno_location() : s32i* [const]
            store %1029, %1030, align 4
            %1031 = load %7 : rec__IO_FILE*, align 8
            %1032 = call @ftell(%1031) : s64i [all]
            %1033 = cast(integral) %1032 : s32i
            store %1033, %1, align 4
            %1034 = const 8 : s32i
            %1035 = cmp eq %1033, %1034 : bool
            %1036 = ternary %1035 ? { : bool
                %1075 = const #true : bool
                yield %1075
            } : {
                %1062 = get_global @.str.37 : s8i[117]*
                %1063 = cast(array_to_ptrdecay) %1062 : s8i*
                %1064 = get_global @.str.38 : s8i[9]*
                %1065 = cast(array_to_ptrdecay) %1064 : s8i*
                %1066 = load %1 : s32i, align 4
                %1067 = const 8 : s32i
                %1068 = get_global @strerror : ((s32i) -> s8i*)*
                %1069 = call @__errno_location() : s32i* [const]
                %1070 = load %1069 : s32i, align 4
                %1071 = call @strerror(%1070) : s8i* [all]
                %1072 = call @t_printf(%1063, %1065, %1066, %1067, %1071) : s32i [all]
                %1073 = const 0 : s32i
                %1074 = cast(int_to_bool) %1073 : bool
                yield %1074
            }
            %1037 = const 0 : s32i
            %1038 = call @__errno_location() : s32i* [const]
            store %1037, %1038, align 4
            %1039 = load %7 : rec__IO_FILE*, align 8
            %1040 = call @feof(%1039) : s32i [all]
            %1041 = cast(int_to_bool) %1040 : bool
            %1042 = cast(bool_to_int) %1041 : s32i
            store %1042, %1, align 4
            %1043 = const 1 : s32i
            %1044 = cmp eq %1042, %1043 : bool
            %1045 = ternary %1044 ? { : bool
                %1061 = const #true : bool
                yield %1061
            } : {
                %1048 = get_global @.str.39 : s8i[117]*
                %1049 = cast(array_to_ptrdecay) %1048 : s8i*
                %1050 = get_global @.str.40 : s8i[10]*
                %1051 = cast(array_to_ptrdecay) %1050 : s8i*
                %1052 = load %1 : s32i, align 4
                %1053 = const 1 : s32i
                %1054 = get_global @strerror : ((s32i) -> s8i*)*
                %1055 = call @__errno_location() : s32i* [const]
                %1056 = load %1055 : s32i, align 4
                %1057 = call @strerror(%1056) : s8i* [all]
                %1058 = call @t_printf(%1049, %1051, %1052, %1053, %1057) : s32i [all]
                %1059 = const 0 : s32i
                %1060 = cast(int_to_bool) %1059 : bool
                yield %1060
            }
            %1046 = load %7 : rec__IO_FILE*, align 8
            %1047 = call @fclose(%1046) : s32i [all]
            yield
        }
        yield
    }
    %133 = const 0 : s32i
    %134 = call @__errno_location() : s32i* [const]
    store %133, %134, align 4
    %135 = get_global @.str.41 : s8i[14]*
    %136 = cast(array_to_ptrdecay) %135 : s8i*
    %137 = call @writetemp(%136) : rec__IO_FILE* [all]
    store %137, %7, align 8
    %138 = cast(ptr_to_bool) %137 : bool
    %139 = cast(bool_to_int) %138 : s32i
    store %139, %1, align 4
    %140 = const 1 : s32i
    %141 = cmp eq %139, %140 : bool
    %142 = ternary %141 ? { : bool
        %1003 = const #true : bool
        yield %1003
    } : {
        %990 = get_global @.str.42 : s8i[133]*
        %991 = cast(array_to_ptrdecay) %990 : s8i*
        %992 = get_global @.str.43 : s8i[35]*
        %993 = cast(array_to_ptrdecay) %992 : s8i*
        %994 = load %1 : s32i, align 4
        %995 = const 1 : s32i
        %996 = get_global @strerror : ((s32i) -> s8i*)*
        %997 = call @__errno_location() : s32i* [const]
        %998 = load %997 : s32i, align 4
        %999 = call @strerror(%998) : s8i* [all]
        %1000 = call @t_printf(%991, %993, %994, %995, %999) : s32i [all]
        %1001 = const 0 : s32i
        %1002 = cast(int_to_bool) %1001 : bool
        yield %1002
    }
    scope {
        %817 = load %7 : rec__IO_FILE*, align 8
        %818 = cast(ptr_to_bool) %817 : bool
        if %818 {
            %819 = const -1 : s32i
            store %819, %3, align 4
            store %819, %2, align 4
            %820 = const 0 : s32i
            %821 = call @__errno_location() : s32i* [const]
            store %820, %821, align 4
            %822 = get_global @__isoc23_fscanf : ((rec__IO_FILE*, s8i*, ...) -> s32i)*
            %823 = load %7 : rec__IO_FILE*, align 8
            %824 = get_global @.str.44 : s8i[19]*
            %825 = cast(array_to_ptrdecay) %824 : s8i*
            %826 = cast(array_to_ptrdecay) %5 : s8i*
            %827 = cast(array_to_ptrdecay) %6 : s8i*
            %828 = call @__isoc23_fscanf(%823, %825, %826, %2, %827, %3) : s32i [all]
            store %828, %1, align 4
            %829 = const 2 : s32i
            %830 = cmp eq %828, %829 : bool
            %831 = ternary %830 ? { : bool
                %989 = const #true : bool
                yield %989
            } : {
                %976 = get_global @.str.45 : s8i[117]*
                %977 = cast(array_to_ptrdecay) %976 : s8i*
                %978 = get_global @.str.46 : s8i[46]*
                %979 = cast(array_to_ptrdecay) %978 : s8i*
                %980 = load %1 : s32i, align 4
                %981 = const 2 : s32i
                %982 = get_global @strerror : ((s32i) -> s8i*)*
                %983 = call @__errno_location() : s32i* [const]
                %984 = load %983 : s32i, align 4
                %985 = call @strerror(%984) : s8i* [all]
                %986 = call @t_printf(%977, %979, %980, %981, %985) : s32i [all]
                %987 = const 0 : s32i
                %988 = cast(int_to_bool) %987 : bool
                yield %988
            }
            %832 = get_global @strcmp : ((s8i*, s8i*) -> s32i)*
            %833 = cast(array_to_ptrdecay) %5 : s8i*
            %834 = get_global @.str.47 : s8i[8]*
            %835 = cast(array_to_ptrdecay) %834 : s8i*
            %836 = call @strcmp(%833, %835) : s32i [pure]
            %837 = cast(int_to_bool) %836 : bool
            %838 = not %837 : bool
            %839 = ternary %838 ? { : bool
                %975 = const #true : bool
                yield %975
            } : {
                %965 = get_global @.str.48 : s8i[114]*
                %966 = cast(array_to_ptrdecay) %965 : s8i*
                %967 = cast(array_to_ptrdecay) %5 : s8i*
                %968 = get_global @.str.47 : s8i[8]*
                %969 = cast(array_to_ptrdecay) %968 : s8i*
                %970 = get_global @.str.49 : s8i[23]*
                %971 = cast(array_to_ptrdecay) %970 : s8i*
                %972 = call @t_printf(%966, %967, %969, %971) : s32i [all]
                %973 = const 0 : s32i
                %974 = cast(int_to_bool) %973 : bool
                yield %974
            }
            %840 = get_global @strcmp : ((s8i*, s8i*) -> s32i)*
            %841 = cast(array_to_ptrdecay) %6 : s8i*
            %842 = get_global @.str.50 : s8i[6]*
            %843 = cast(array_to_ptrdecay) %842 : s8i*
            %844 = call @strcmp(%841, %843) : s32i [pure]
            %845 = cast(int_to_bool) %844 : bool
            %846 = not %845 : bool
            %847 = ternary %846 ? { : bool
                %964 = const #true : bool
                yield %964
            } : {
                %954 = get_global @.str.51 : s8i[114]*
                %955 = cast(array_to_ptrdecay) %954 : s8i*
                %956 = cast(array_to_ptrdecay) %6 : s8i*
                %957 = get_global @.str.50 : s8i[6]*
                %958 = cast(array_to_ptrdecay) %957 : s8i*
                %959 = get_global @.str.52 : s8i[23]*
                %960 = cast(array_to_ptrdecay) %959 : s8i*
                %961 = call @t_printf(%955, %956, %958, %960) : s32i [all]
                %962 = const 0 : s32i
                %963 = cast(int_to_bool) %962 : bool
                yield %963
            }
            %848 = const 0 : s32i
            %849 = call @__errno_location() : s32i* [const]
            store %848, %849, align 4
            %850 = load %2 : s32i, align 4
            store %850, %1, align 4
            %851 = const 7 : s32i
            %852 = cmp eq %850, %851 : bool
            %853 = ternary %852 ? { : bool
                %953 = const #true : bool
                yield %953
            } : {
                %940 = get_global @.str.53 : s8i[117]*
                %941 = cast(array_to_ptrdecay) %940 : s8i*
                %942 = get_global @.str.26 : s8i[2]*
                %943 = cast(array_to_ptrdecay) %942 : s8i*
                %944 = load %1 : s32i, align 4
                %945 = const 7 : s32i
                %946 = get_global @strerror : ((s32i) -> s8i*)*
                %947 = call @__errno_location() : s32i* [const]
                %948 = load %947 : s32i, align 4
                %949 = call @strerror(%948) : s8i* [all]
                %950 = call @t_printf(%941, %943, %944, %945, %949) : s32i [all]
                %951 = const 0 : s32i
                %952 = cast(int_to_bool) %951 : bool
                yield %952
            }
            %854 = const 0 : s32i
            %855 = call @__errno_location() : s32i* [const]
            store %854, %855, align 4
            %856 = load %3 : s32i, align 4
            store %856, %1, align 4
            %857 = const 12 : s32i
            %858 = cmp eq %856, %857 : bool
            %859 = ternary %858 ? { : bool
                %939 = const #true : bool
                yield %939
            } : {
                %926 = get_global @.str.54 : s8i[117]*
                %927 = cast(array_to_ptrdecay) %926 : s8i*
                %928 = get_global @.str.36 : s8i[2]*
                %929 = cast(array_to_ptrdecay) %928 : s8i*
                %930 = load %1 : s32i, align 4
                %931 = const 12 : s32i
                %932 = get_global @strerror : ((s32i) -> s8i*)*
                %933 = call @__errno_location() : s32i* [const]
                %934 = load %933 : s32i, align 4
                %935 = call @strerror(%934) : s8i* [all]
                %936 = call @t_printf(%927, %929, %930, %931, %935) : s32i [all]
                %937 = const 0 : s32i
                %938 = cast(int_to_bool) %937 : bool
                yield %938
            }
            %860 = const 0 : s32i
            %861 = call @__errno_location() : s32i* [const]
            store %860, %861, align 4
            %862 = load %7 : rec__IO_FILE*, align 8
            %863 = call @ftell(%862) : s64i [all]
            %864 = cast(integral) %863 : s32i
            store %864, %1, align 4
            %865 = const 12 : s32i
            %866 = cmp eq %864, %865 : bool
            %867 = ternary %866 ? { : bool
                %925 = const #true : bool
                yield %925
            } : {
                %912 = get_global @.str.55 : s8i[117]*
                %913 = cast(array_to_ptrdecay) %912 : s8i*
                %914 = get_global @.str.38 : s8i[9]*
                %915 = cast(array_to_ptrdecay) %914 : s8i*
                %916 = load %1 : s32i, align 4
                %917 = const 12 : s32i
                %918 = get_global @strerror : ((s32i) -> s8i*)*
                %919 = call @__errno_location() : s32i* [const]
                %920 = load %919 : s32i, align 4
                %921 = call @strerror(%920) : s8i* [all]
                %922 = call @t_printf(%913, %915, %916, %917, %921) : s32i [all]
                %923 = const 0 : s32i
                %924 = cast(int_to_bool) %923 : bool
                yield %924
            }
            %868 = const 0 : s32i
            %869 = call @__errno_location() : s32i* [const]
            store %868, %869, align 4
            %870 = load %7 : rec__IO_FILE*, align 8
            %871 = call @feof(%870) : s32i [all]
            store %871, %1, align 4
            %872 = const 0 : s32i
            %873 = cmp eq %871, %872 : bool
            %874 = ternary %873 ? { : bool
                %911 = const #true : bool
                yield %911
            } : {
                %898 = get_global @.str.56 : s8i[117]*
                %899 = cast(array_to_ptrdecay) %898 : s8i*
                %900 = get_global @.str.57 : s8i[8]*
                %901 = cast(array_to_ptrdecay) %900 : s8i*
                %902 = load %1 : s32i, align 4
                %903 = const 0 : s32i
                %904 = get_global @strerror : ((s32i) -> s8i*)*
                %905 = call @__errno_location() : s32i* [const]
                %906 = load %905 : s32i, align 4
                %907 = call @strerror(%906) : s8i* [all]
                %908 = call @t_printf(%899, %901, %902, %903, %907) : s32i [all]
                %909 = const 0 : s32i
                %910 = cast(int_to_bool) %909 : bool
                yield %910
            }
            %875 = const 0 : s32i
            %876 = call @__errno_location() : s32i* [const]
            store %875, %876, align 4
            %877 = load %7 : rec__IO_FILE*, align 8
            %878 = call @fgetc(%877) : s32i [all]
            store %878, %1, align 4
            %879 = const 120 : s32i
            %880 = cmp eq %878, %879 : bool
            %881 = ternary %880 ? { : bool
                %897 = const #true : bool
                yield %897
            } : {
                %884 = get_global @.str.58 : s8i[117]*
                %885 = cast(array_to_ptrdecay) %884 : s8i*
                %886 = get_global @.str.18 : s8i[9]*
                %887 = cast(array_to_ptrdecay) %886 : s8i*
                %888 = load %1 : s32i, align 4
                %889 = const 120 : s32i
                %890 = get_global @strerror : ((s32i) -> s8i*)*
                %891 = call @__errno_location() : s32i* [const]
                %892 = load %891 : s32i, align 4
                %893 = call @strerror(%892) : s8i* [all]
                %894 = call @t_printf(%885, %887, %888, %889, %893) : s32i [all]
                %895 = const 0 : s32i
                %896 = cast(int_to_bool) %895 : bool
                yield %896
            }
            %882 = load %7 : rec__IO_FILE*, align 8
            %883 = call @fclose(%882) : s32i [all]
            yield
        }
        yield
    }
    %143 = const 0 : s32i
    %144 = call @__errno_location() : s32i* [const]
    store %143, %144, align 4
    %145 = get_global @.str.59 : s8i[8]*
    %146 = cast(array_to_ptrdecay) %145 : s8i*
    %147 = call @writetemp(%146) : rec__IO_FILE* [all]
    store %147, %7, align 8
    %148 = cast(ptr_to_bool) %147 : bool
    %149 = cast(bool_to_int) %148 : s32i
    store %149, %1, align 4
    %150 = const 1 : s32i
    %151 = cmp eq %149, %150 : bool
    %152 = ternary %151 ? { : bool
        %816 = const #true : bool
        yield %816
    } : {
        %803 = get_global @.str.60 : s8i[133]*
        %804 = cast(array_to_ptrdecay) %803 : s8i*
        %805 = get_global @.str.61 : s8i[29]*
        %806 = cast(array_to_ptrdecay) %805 : s8i*
        %807 = load %1 : s32i, align 4
        %808 = const 1 : s32i
        %809 = get_global @strerror : ((s32i) -> s8i*)*
        %810 = call @__errno_location() : s32i* [const]
        %811 = load %810 : s32i, align 4
        %812 = call @strerror(%811) : s8i* [all]
        %813 = call @t_printf(%804, %806, %807, %808, %812) : s32i [all]
        %814 = const 0 : s32i
        %815 = cast(int_to_bool) %814 : bool
        yield %815
    }
    scope {
        %452 = load %7 : rec__IO_FILE*, align 8
        %453 = cast(ptr_to_bool) %452 : bool
        if %453 {
            %454 = const -1 : s32i
            store %454, %3, align 4
            store %454, %2, align 4
            %455 = const -1 : s32i
            %456 = cast(int_to_float) %455 : double
            store %456, %4, align 8
            %457 = const 0 : s32i
            %458 = call @__errno_location() : s32i* [const]
            store %457, %458, align 4
            %459 = get_global @__isoc23_fscanf : ((rec__IO_FILE*, s8i*, ...) -> s32i)*
            %460 = load %7 : rec__IO_FILE*, align 8
            %461 = get_global @.str.62 : s8i[9]*
            %462 = cast(array_to_ptrdecay) %461 : s8i*
            %463 = call @__isoc23_fscanf(%460, %462, %4, %2, %3) : s32i [all]
            store %463, %1, align 4
            %464 = const 0 : s32i
            %465 = cmp eq %463, %464 : bool
            %466 = ternary %465 ? { : bool
                %802 = const #true : bool
                yield %802
            } : {
                %789 = get_global @.str.63 : s8i[117]*
                %790 = cast(array_to_ptrdecay) %789 : s8i*
                %791 = get_global @.str.64 : s8i[34]*
                %792 = cast(array_to_ptrdecay) %791 : s8i*
                %793 = load %1 : s32i, align 4
                %794 = const 0 : s32i
                %795 = get_global @strerror : ((s32i) -> s8i*)*
                %796 = call @__errno_location() : s32i* [const]
                %797 = load %796 : s32i, align 4
                %798 = call @strerror(%797) : s8i* [all]
                %799 = call @t_printf(%790, %792, %793, %794, %798) : s32i [all]
                %800 = const 0 : s32i
                %801 = cast(int_to_bool) %800 : bool
                yield %801
            }
            %467 = const 0 : s32i
            %468 = call @__errno_location() : s32i* [const]
            store %467, %468, align 4
            %469 = load %4 : double, align 8
            store %469, %4, align 8
            %470 = const -1.000000e+00 : double
            %471 = cmp eq %469, %470 : bool
            %472 = ternary %471 ? { : bool
                %788 = const #true : bool
                yield %788
            } : {
                %775 = get_global @.str.65 : s8i[117]*
                %776 = cast(array_to_ptrdecay) %775 : s8i*
                %777 = get_global @.str.66 : s8i[2]*
                %778 = cast(array_to_ptrdecay) %777 : s8i*
                %779 = load %4 : double, align 8
                %780 = const -1.000000e+00 : double
                %781 = get_global @strerror : ((s32i) -> s8i*)*
                %782 = call @__errno_location() : s32i* [const]
                %783 = load %782 : s32i, align 4
                %784 = call @strerror(%783) : s8i* [all]
                %785 = call @t_printf(%776, %778, %779, %780, %784) : s32i [all]
                %786 = const 0 : s32i
                %787 = cast(int_to_bool) %786 : bool
                yield %787
            }
            %473 = const 0 : s32i
            %474 = call @__errno_location() : s32i* [const]
            store %473, %474, align 4
            %475 = load %2 : s32i, align 4
            store %475, %1, align 4
            %476 = const -1 : s32i
            %477 = cmp eq %475, %476 : bool
            %478 = ternary %477 ? { : bool
                %774 = const #true : bool
                yield %774
            } : {
                %761 = get_global @.str.67 : s8i[117]*
                %762 = cast(array_to_ptrdecay) %761 : s8i*
                %763 = get_global @.str.26 : s8i[2]*
                %764 = cast(array_to_ptrdecay) %763 : s8i*
                %765 = load %1 : s32i, align 4
                %766 = const -1 : s32i
                %767 = get_global @strerror : ((s32i) -> s8i*)*
                %768 = call @__errno_location() : s32i* [const]
                %769 = load %768 : s32i, align 4
                %770 = call @strerror(%769) : s8i* [all]
                %771 = call @t_printf(%762, %764, %765, %766, %770) : s32i [all]
                %772 = const 0 : s32i
                %773 = cast(int_to_bool) %772 : bool
                yield %773
            }
            %479 = const 0 : s32i
            %480 = call @__errno_location() : s32i* [const]
            store %479, %480, align 4
            %481 = load %3 : s32i, align 4
            store %481, %1, align 4
            %482 = const -1 : s32i
            %483 = cmp eq %481, %482 : bool
            %484 = ternary %483 ? { : bool
                %760 = const #true : bool
                yield %760
            } : {
                %747 = get_global @.str.68 : s8i[117]*
                %748 = cast(array_to_ptrdecay) %747 : s8i*
                %749 = get_global @.str.36 : s8i[2]*
                %750 = cast(array_to_ptrdecay) %749 : s8i*
                %751 = load %1 : s32i, align 4
                %752 = const -1 : s32i
                %753 = get_global @strerror : ((s32i) -> s8i*)*
                %754 = call @__errno_location() : s32i* [const]
                %755 = load %754 : s32i, align 4
                %756 = call @strerror(%755) : s8i* [all]
                %757 = call @t_printf(%748, %750, %751, %752, %756) : s32i [all]
                %758 = const 0 : s32i
                %759 = cast(int_to_bool) %758 : bool
                yield %759
            }
            %485 = const 0 : s32i
            %486 = call @__errno_location() : s32i* [const]
            store %485, %486, align 4
            %487 = load %7 : rec__IO_FILE*, align 8
            %488 = call @ftell(%487) : s64i [all]
            %489 = cast(integral) %488 : s32i
            store %489, %1, align 4
            %490 = const 4 : s32i
            %491 = cmp eq %489, %490 : bool
            %492 = ternary %491 ? { : bool
                %746 = const #true : bool
                yield %746
            } : {
                %733 = get_global @.str.69 : s8i[117]*
                %734 = cast(array_to_ptrdecay) %733 : s8i*
                %735 = get_global @.str.38 : s8i[9]*
                %736 = cast(array_to_ptrdecay) %735 : s8i*
                %737 = load %1 : s32i, align 4
                %738 = const 4 : s32i
                %739 = get_global @strerror : ((s32i) -> s8i*)*
                %740 = call @__errno_location() : s32i* [const]
                %741 = load %740 : s32i, align 4
                %742 = call @strerror(%741) : s8i* [all]
                %743 = call @t_printf(%734, %736, %737, %738, %742) : s32i [all]
                %744 = const 0 : s32i
                %745 = cast(int_to_bool) %744 : bool
                yield %745
            }
            %493 = const 0 : s32i
            %494 = call @__errno_location() : s32i* [const]
            store %493, %494, align 4
            %495 = load %7 : rec__IO_FILE*, align 8
            %496 = call @feof(%495) : s32i [all]
            store %496, %1, align 4
            %497 = const 0 : s32i
            %498 = cmp eq %496, %497 : bool
            %499 = ternary %498 ? { : bool
                %732 = const #true : bool
                yield %732
            } : {
                %719 = get_global @.str.70 : s8i[117]*
                %720 = cast(array_to_ptrdecay) %719 : s8i*
                %721 = get_global @.str.57 : s8i[8]*
                %722 = cast(array_to_ptrdecay) %721 : s8i*
                %723 = load %1 : s32i, align 4
                %724 = const 0 : s32i
                %725 = get_global @strerror : ((s32i) -> s8i*)*
                %726 = call @__errno_location() : s32i* [const]
                %727 = load %726 : s32i, align 4
                %728 = call @strerror(%727) : s8i* [all]
                %729 = call @t_printf(%720, %722, %723, %724, %728) : s32i [all]
                %730 = const 0 : s32i
                %731 = cast(int_to_bool) %730 : bool
                yield %731
            }
            %500 = const 0 : s32i
            %501 = call @__errno_location() : s32i* [const]
            store %500, %501, align 4
            %502 = load %7 : rec__IO_FILE*, align 8
            %503 = call @fgetc(%502) : s32i [all]
            store %503, %1, align 4
            %504 = const 32 : s32i
            %505 = cmp eq %503, %504 : bool
            %506 = ternary %505 ? { : bool
                %718 = const #true : bool
                yield %718
            } : {
                %705 = get_global @.str.71 : s8i[117]*
                %706 = cast(array_to_ptrdecay) %705 : s8i*
                %707 = get_global @.str.18 : s8i[9]*
                %708 = cast(array_to_ptrdecay) %707 : s8i*
                %709 = load %1 : s32i, align 4
                %710 = const 32 : s32i
                %711 = get_global @strerror : ((s32i) -> s8i*)*
                %712 = call @__errno_location() : s32i* [const]
                %713 = load %712 : s32i, align 4
                %714 = call @strerror(%713) : s8i* [all]
                %715 = call @t_printf(%706, %708, %709, %710, %714) : s32i [all]
                %716 = const 0 : s32i
                %717 = cast(int_to_bool) %716 : bool
                yield %717
            }
            %507 = load %7 : rec__IO_FILE*, align 8
            call @rewind(%507) [all]
            %508 = const 0 : s32i
            %509 = call @__errno_location() : s32i* [const]
            store %508, %509, align 4
            %510 = load %7 : rec__IO_FILE*, align 8
            %511 = call @fgetc(%510) : s32i [all]
            store %511, %1, align 4
            %512 = const 48 : s32i
            %513 = cmp eq %511, %512 : bool
            %514 = ternary %513 ? { : bool
                %704 = const #true : bool
                yield %704
            } : {
                %691 = get_global @.str.72 : s8i[117]*
                %692 = cast(array_to_ptrdecay) %691 : s8i*
                %693 = get_global @.str.18 : s8i[9]*
                %694 = cast(array_to_ptrdecay) %693 : s8i*
                %695 = load %1 : s32i, align 4
                %696 = const 48 : s32i
                %697 = get_global @strerror : ((s32i) -> s8i*)*
                %698 = call @__errno_location() : s32i* [const]
                %699 = load %698 : s32i, align 4
                %700 = call @strerror(%699) : s8i* [all]
                %701 = call @t_printf(%692, %694, %695, %696, %700) : s32i [all]
                %702 = const 0 : s32i
                %703 = cast(int_to_bool) %702 : bool
                yield %703
            }
            %515 = const 0 : s32i
            %516 = call @__errno_location() : s32i* [const]
            store %515, %516, align 4
            %517 = load %7 : rec__IO_FILE*, align 8
            %518 = call @fgetc(%517) : s32i [all]
            store %518, %1, align 4
            %519 = const 120 : s32i
            %520 = cmp eq %518, %519 : bool
            %521 = ternary %520 ? { : bool
                %690 = const #true : bool
                yield %690
            } : {
                %677 = get_global @.str.73 : s8i[117]*
                %678 = cast(array_to_ptrdecay) %677 : s8i*
                %679 = get_global @.str.18 : s8i[9]*
                %680 = cast(array_to_ptrdecay) %679 : s8i*
                %681 = load %1 : s32i, align 4
                %682 = const 120 : s32i
                %683 = get_global @strerror : ((s32i) -> s8i*)*
                %684 = call @__errno_location() : s32i* [const]
                %685 = load %684 : s32i, align 4
                %686 = call @strerror(%685) : s8i* [all]
                %687 = call @t_printf(%678, %680, %681, %682, %686) : s32i [all]
                %688 = const 0 : s32i
                %689 = cast(int_to_bool) %688 : bool
                yield %689
            }
            %522 = const 0 : s32i
            %523 = call @__errno_location() : s32i* [const]
            store %522, %523, align 4
            %524 = get_global @__isoc23_fscanf : ((rec__IO_FILE*, s8i*, ...) -> s32i)*
            %525 = load %7 : rec__IO_FILE*, align 8
            %526 = get_global @.str.74 : s8i[11]*
            %527 = cast(array_to_ptrdecay) %526 : s8i*
            %528 = cast(array_to_ptrdecay) %5 : s8i*
            %529 = call @__isoc23_fscanf(%525, %527, %4, %2, %528, %3) : s32i [all]
            store %529, %1, align 4
            %530 = const 3 : s32i
            %531 = cmp eq %529, %530 : bool
            %532 = ternary %531 ? { : bool
                %676 = const #true : bool
                yield %676
            } : {
                %663 = get_global @.str.75 : s8i[117]*
                %664 = cast(array_to_ptrdecay) %663 : s8i*
                %665 = get_global @.str.76 : s8i[39]*
                %666 = cast(array_to_ptrdecay) %665 : s8i*
                %667 = load %1 : s32i, align 4
                %668 = const 3 : s32i
                %669 = get_global @strerror : ((s32i) -> s8i*)*
                %670 = call @__errno_location() : s32i* [const]
                %671 = load %670 : s32i, align 4
                %672 = call @strerror(%671) : s8i* [all]
                %673 = call @t_printf(%664, %666, %667, %668, %672) : s32i [all]
                %674 = const 0 : s32i
                %675 = cast(int_to_bool) %674 : bool
                yield %675
            }
            %533 = const 0 : s32i
            %534 = call @__errno_location() : s32i* [const]
            store %533, %534, align 4
            %535 = load %4 : double, align 8
            store %535, %4, align 8
            %536 = const 1.000000e+00 : double
            %537 = cmp eq %535, %536 : bool
            %538 = ternary %537 ? { : bool
                %662 = const #true : bool
                yield %662
            } : {
                %649 = get_global @.str.77 : s8i[117]*
                %650 = cast(array_to_ptrdecay) %649 : s8i*
                %651 = get_global @.str.66 : s8i[2]*
                %652 = cast(array_to_ptrdecay) %651 : s8i*
                %653 = load %4 : double, align 8
                %654 = const 1.000000e+00 : double
                %655 = get_global @strerror : ((s32i) -> s8i*)*
                %656 = call @__errno_location() : s32i* [const]
                %657 = load %656 : s32i, align 4
                %658 = call @strerror(%657) : s8i* [all]
                %659 = call @t_printf(%650, %652, %653, %654, %658) : s32i [all]
                %660 = const 0 : s32i
                %661 = cast(int_to_bool) %660 : bool
                yield %661
            }
            %539 = const 0 : s32i
            %540 = call @__errno_location() : s32i* [const]
            store %539, %540, align 4
            %541 = load %2 : s32i, align 4
            store %541, %1, align 4
            %542 = const 1 : s32i
            %543 = cmp eq %541, %542 : bool
            %544 = ternary %543 ? { : bool
                %648 = const #true : bool
                yield %648
            } : {
                %635 = get_global @.str.78 : s8i[117]*
                %636 = cast(array_to_ptrdecay) %635 : s8i*
                %637 = get_global @.str.26 : s8i[2]*
                %638 = cast(array_to_ptrdecay) %637 : s8i*
                %639 = load %1 : s32i, align 4
                %640 = const 1 : s32i
                %641 = get_global @strerror : ((s32i) -> s8i*)*
                %642 = call @__errno_location() : s32i* [const]
                %643 = load %642 : s32i, align 4
                %644 = call @strerror(%643) : s8i* [all]
                %645 = call @t_printf(%636, %638, %639, %640, %644) : s32i [all]
                %646 = const 0 : s32i
                %647 = cast(int_to_bool) %646 : bool
                yield %647
            }
            %545 = const 0 : s32i
            %546 = call @__errno_location() : s32i* [const]
            store %545, %546, align 4
            %547 = const 0 : s64i
            %548 = get_element %5[%547] : s8i*
            %549 = load %548 : s8i, align 16
            %550 = cast(integral) %549 : s32i
            store %550, %1, align 4
            %551 = const 112 : s32i
            %552 = cmp eq %550, %551 : bool
            %553 = ternary %552 ? { : bool
                %634 = const #true : bool
                yield %634
            } : {
                %621 = get_global @.str.79 : s8i[117]*
                %622 = cast(array_to_ptrdecay) %621 : s8i*
                %623 = get_global @.str.80 : s8i[5]*
                %624 = cast(array_to_ptrdecay) %623 : s8i*
                %625 = load %1 : s32i, align 4
                %626 = const 112 : s32i
                %627 = get_global @strerror : ((s32i) -> s8i*)*
                %628 = call @__errno_location() : s32i* [const]
                %629 = load %628 : s32i, align 4
                %630 = call @strerror(%629) : s8i* [all]
                %631 = call @t_printf(%622, %624, %625, %626, %630) : s32i [all]
                %632 = const 0 : s32i
                %633 = cast(int_to_bool) %632 : bool
                yield %633
            }
            %554 = const 0 : s32i
            %555 = call @__errno_location() : s32i* [const]
            store %554, %555, align 4
            %556 = load %3 : s32i, align 4
            store %556, %1, align 4
            %557 = const 12 : s32i
            %558 = cmp eq %556, %557 : bool
            %559 = ternary %558 ? { : bool
                %620 = const #true : bool
                yield %620
            } : {
                %607 = get_global @.str.81 : s8i[117]*
                %608 = cast(array_to_ptrdecay) %607 : s8i*
                %609 = get_global @.str.36 : s8i[2]*
                %610 = cast(array_to_ptrdecay) %609 : s8i*
                %611 = load %1 : s32i, align 4
                %612 = const 12 : s32i
                %613 = get_global @strerror : ((s32i) -> s8i*)*
                %614 = call @__errno_location() : s32i* [const]
                %615 = load %614 : s32i, align 4
                %616 = call @strerror(%615) : s8i* [all]
                %617 = call @t_printf(%608, %610, %611, %612, %616) : s32i [all]
                %618 = const 0 : s32i
                %619 = cast(int_to_bool) %618 : bool
                yield %619
            }
            %560 = const 0 : s32i
            %561 = call @__errno_location() : s32i* [const]
            store %560, %561, align 4
            %562 = load %7 : rec__IO_FILE*, align 8
            %563 = call @ftell(%562) : s64i [all]
            %564 = cast(integral) %563 : s32i
            store %564, %1, align 4
            %565 = const 7 : s32i
            %566 = cmp eq %564, %565 : bool
            %567 = ternary %566 ? { : bool
                %606 = const #true : bool
                yield %606
            } : {
                %593 = get_global @.str.82 : s8i[117]*
                %594 = cast(array_to_ptrdecay) %593 : s8i*
                %595 = get_global @.str.38 : s8i[9]*
                %596 = cast(array_to_ptrdecay) %595 : s8i*
                %597 = load %1 : s32i, align 4
                %598 = const 7 : s32i
                %599 = get_global @strerror : ((s32i) -> s8i*)*
                %600 = call @__errno_location() : s32i* [const]
                %601 = load %600 : s32i, align 4
                %602 = call @strerror(%601) : s8i* [all]
                %603 = call @t_printf(%594, %596, %597, %598, %602) : s32i [all]
                %604 = const 0 : s32i
                %605 = cast(int_to_bool) %604 : bool
                yield %605
            }
            %568 = const 0 : s32i
            %569 = call @__errno_location() : s32i* [const]
            store %568, %569, align 4
            %570 = load %7 : rec__IO_FILE*, align 8
            %571 = call @feof(%570) : s32i [all]
            %572 = cast(int_to_bool) %571 : bool
            %573 = cast(bool_to_int) %572 : s32i
            store %573, %1, align 4
            %574 = const 1 : s32i
            %575 = cmp eq %573, %574 : bool
            %576 = ternary %575 ? { : bool
                %592 = const #true : bool
                yield %592
            } : {
                %579 = get_global @.str.83 : s8i[117]*
                %580 = cast(array_to_ptrdecay) %579 : s8i*
                %581 = get_global @.str.40 : s8i[10]*
                %582 = cast(array_to_ptrdecay) %581 : s8i*
                %583 = load %1 : s32i, align 4
                %584 = const 1 : s32i
                %585 = get_global @strerror : ((s32i) -> s8i*)*
                %586 = call @__errno_location() : s32i* [const]
                %587 = load %586 : s32i, align 4
                %588 = call @strerror(%587) : s8i* [all]
                %589 = call @t_printf(%580, %582, %583, %584, %588) : s32i [all]
                %590 = const 0 : s32i
                %591 = cast(int_to_bool) %590 : bool
                yield %591
            }
            %577 = load %7 : rec__IO_FILE*, align 8
            %578 = call @fclose(%577) : s32i [all]
            yield
        }
        yield
    }
    %153 = const 0 : s32i
    %154 = call @__errno_location() : s32i* [const]
    store %153, %154, align 4
    %155 = get_global @.str.84 : s8i[14]*
    %156 = cast(array_to_ptrdecay) %155 : s8i*
    %157 = call @writetemp(%156) : rec__IO_FILE* [all]
    store %157, %7, align 8
    %158 = cast(ptr_to_bool) %157 : bool
    %159 = cast(bool_to_int) %158 : s32i
    store %159, %1, align 4
    %160 = const 1 : s32i
    %161 = cmp eq %159, %160 : bool
    %162 = ternary %161 ? { : bool
        %451 = const #true : bool
        yield %451
    } : {
        %438 = get_global @.str.85 : s8i[133]*
        %439 = cast(array_to_ptrdecay) %438 : s8i*
        %440 = get_global @.str.86 : s8i[35]*
        %441 = cast(array_to_ptrdecay) %440 : s8i*
        %442 = load %1 : s32i, align 4
        %443 = const 1 : s32i
        %444 = get_global @strerror : ((s32i) -> s8i*)*
        %445 = call @__errno_location() : s32i* [const]
        %446 = load %445 : s32i, align 4
        %447 = call @strerror(%446) : s8i* [all]
        %448 = call @t_printf(%439, %441, %442, %443, %447) : s32i [all]
        %449 = const 0 : s32i
        %450 = cast(int_to_bool) %449 : bool
        yield %450
    }
    scope {
        %302 = load %7 : rec__IO_FILE*, align 8
        %303 = cast(ptr_to_bool) %302 : bool
        if %303 {
            %304 = const -1 : s32i
            store %304, %3, align 4
            store %304, %2, align 4
            %305 = const -1 : s32i
            %306 = cast(int_to_float) %305 : double
            store %306, %4, align 8
            %307 = const 0 : s32i
            %308 = call @__errno_location() : s32i* [const]
            store %307, %308, align 4
            %309 = get_global @__isoc23_fscanf : ((rec__IO_FILE*, s8i*, ...) -> s32i)*
            %310 = load %7 : rec__IO_FILE*, align 8
            %311 = get_global @.str.87 : s8i[9]*
            %312 = cast(array_to_ptrdecay) %311 : s8i*
            %313 = call @__isoc23_fscanf(%310, %312, %4, %2, %3) : s32i [all]
            store %313, %1, align 4
            %314 = const 2 : s32i
            %315 = cmp eq %313, %314 : bool
            %316 = ternary %315 ? { : bool
                %437 = const #true : bool
                yield %437
            } : {
                %424 = get_global @.str.88 : s8i[117]*
                %425 = cast(array_to_ptrdecay) %424 : s8i*
                %426 = get_global @.str.89 : s8i[34]*
                %427 = cast(array_to_ptrdecay) %426 : s8i*
                %428 = load %1 : s32i, align 4
                %429 = const 2 : s32i
                %430 = get_global @strerror : ((s32i) -> s8i*)*
                %431 = call @__errno_location() : s32i* [const]
                %432 = load %431 : s32i, align 4
                %433 = call @strerror(%432) : s8i* [all]
                %434 = call @t_printf(%425, %427, %428, %429, %433) : s32i [all]
                %435 = const 0 : s32i
                %436 = cast(int_to_bool) %435 : bool
                yield %436
            }
            %317 = const 0 : s32i
            %318 = call @__errno_location() : s32i* [const]
            store %317, %318, align 4
            %319 = load %4 : double, align 8
            store %319, %4, align 8
            %320 = const 1.000000e+00 : double
            %321 = cmp eq %319, %320 : bool
            %322 = ternary %321 ? { : bool
                %423 = const #true : bool
                yield %423
            } : {
                %410 = get_global @.str.90 : s8i[117]*
                %411 = cast(array_to_ptrdecay) %410 : s8i*
                %412 = get_global @.str.66 : s8i[2]*
                %413 = cast(array_to_ptrdecay) %412 : s8i*
                %414 = load %4 : double, align 8
                %415 = const 1.000000e+00 : double
                %416 = get_global @strerror : ((s32i) -> s8i*)*
                %417 = call @__errno_location() : s32i* [const]
                %418 = load %417 : s32i, align 4
                %419 = call @strerror(%418) : s8i* [all]
                %420 = call @t_printf(%411, %413, %414, %415, %419) : s32i [all]
                %421 = const 0 : s32i
                %422 = cast(int_to_bool) %421 : bool
                yield %422
            }
            %323 = const 0 : s32i
            %324 = call @__errno_location() : s32i* [const]
            store %323, %324, align 4
            %325 = load %2 : s32i, align 4
            store %325, %1, align 4
            %326 = const 6 : s32i
            %327 = cmp eq %325, %326 : bool
            %328 = ternary %327 ? { : bool
                %409 = const #true : bool
                yield %409
            } : {
                %396 = get_global @.str.91 : s8i[117]*
                %397 = cast(array_to_ptrdecay) %396 : s8i*
                %398 = get_global @.str.26 : s8i[2]*
                %399 = cast(array_to_ptrdecay) %398 : s8i*
                %400 = load %1 : s32i, align 4
                %401 = const 6 : s32i
                %402 = get_global @strerror : ((s32i) -> s8i*)*
                %403 = call @__errno_location() : s32i* [const]
                %404 = load %403 : s32i, align 4
                %405 = call @strerror(%404) : s8i* [all]
                %406 = call @t_printf(%397, %399, %400, %401, %405) : s32i [all]
                %407 = const 0 : s32i
                %408 = cast(int_to_bool) %407 : bool
                yield %408
            }
            %329 = const 0 : s32i
            %330 = call @__errno_location() : s32i* [const]
            store %329, %330, align 4
            %331 = load %3 : s32i, align 4
            store %331, %1, align 4
            %332 = const 10 : s32i
            %333 = cmp eq %331, %332 : bool
            %334 = ternary %333 ? { : bool
                %395 = const #true : bool
                yield %395
            } : {
                %382 = get_global @.str.92 : s8i[117]*
                %383 = cast(array_to_ptrdecay) %382 : s8i*
                %384 = get_global @.str.36 : s8i[2]*
                %385 = cast(array_to_ptrdecay) %384 : s8i*
                %386 = load %1 : s32i, align 4
                %387 = const 10 : s32i
                %388 = get_global @strerror : ((s32i) -> s8i*)*
                %389 = call @__errno_location() : s32i* [const]
                %390 = load %389 : s32i, align 4
                %391 = call @strerror(%390) : s8i* [all]
                %392 = call @t_printf(%383, %385, %386, %387, %391) : s32i [all]
                %393 = const 0 : s32i
                %394 = cast(int_to_bool) %393 : bool
                yield %394
            }
            %335 = const 0 : s32i
            %336 = call @__errno_location() : s32i* [const]
            store %335, %336, align 4
            %337 = load %7 : rec__IO_FILE*, align 8
            %338 = call @ftell(%337) : s64i [all]
            %339 = cast(integral) %338 : s32i
            store %339, %1, align 4
            %340 = const 13 : s32i
            %341 = cmp eq %339, %340 : bool
            %342 = ternary %341 ? { : bool
                %381 = const #true : bool
                yield %381
            } : {
                %368 = get_global @.str.93 : s8i[117]*
                %369 = cast(array_to_ptrdecay) %368 : s8i*
                %370 = get_global @.str.38 : s8i[9]*
                %371 = cast(array_to_ptrdecay) %370 : s8i*
                %372 = load %1 : s32i, align 4
                %373 = const 13 : s32i
                %374 = get_global @strerror : ((s32i) -> s8i*)*
                %375 = call @__errno_location() : s32i* [const]
                %376 = load %375 : s32i, align 4
                %377 = call @strerror(%376) : s8i* [all]
                %378 = call @t_printf(%369, %371, %372, %373, %377) : s32i [all]
                %379 = const 0 : s32i
                %380 = cast(int_to_bool) %379 : bool
                yield %380
            }
            %343 = const 0 : s32i
            %344 = call @__errno_location() : s32i* [const]
            store %343, %344, align 4
            %345 = load %7 : rec__IO_FILE*, align 8
            %346 = call @feof(%345) : s32i [all]
            %347 = cast(int_to_bool) %346 : bool
            %348 = cast(bool_to_int) %347 : s32i
            store %348, %1, align 4
            %349 = const 1 : s32i
            %350 = cmp eq %348, %349 : bool
            %351 = ternary %350 ? { : bool
                %367 = const #true : bool
                yield %367
            } : {
                %354 = get_global @.str.94 : s8i[117]*
                %355 = cast(array_to_ptrdecay) %354 : s8i*
                %356 = get_global @.str.40 : s8i[10]*
                %357 = cast(array_to_ptrdecay) %356 : s8i*
                %358 = load %1 : s32i, align 4
                %359 = const 1 : s32i
                %360 = get_global @strerror : ((s32i) -> s8i*)*
                %361 = call @__errno_location() : s32i* [const]
                %362 = load %361 : s32i, align 4
                %363 = call @strerror(%362) : s8i* [all]
                %364 = call @t_printf(%355, %357, %358, %359, %363) : s32i [all]
                %365 = const 0 : s32i
                %366 = cast(int_to_bool) %365 : bool
                yield %366
            }
            %352 = load %7 : rec__IO_FILE*, align 8
            %353 = call @fclose(%352) : s32i [all]
            yield
        }
        yield
    }
    %163 = const 0 : s32i
    %164 = call @__errno_location() : s32i* [const]
    store %163, %164, align 4
    %165 = get_global @.str.95 : s8i[4]*
    %166 = cast(array_to_ptrdecay) %165 : s8i*
    %167 = call @writetemp(%166) : rec__IO_FILE* [all]
    store %167, %7, align 8
    %168 = cast(ptr_to_bool) %167 : bool
    %169 = cast(bool_to_int) %168 : s32i
    store %169, %1, align 4
    %170 = const 1 : s32i
    %171 = cmp eq %169, %170 : bool
    %172 = ternary %171 ? { : bool
        %301 = const #true : bool
        yield %301
    } : {
        %288 = get_global @.str.96 : s8i[133]*
        %289 = cast(array_to_ptrdecay) %288 : s8i*
        %290 = get_global @.str.97 : s8i[25]*
        %291 = cast(array_to_ptrdecay) %290 : s8i*
        %292 = load %1 : s32i, align 4
        %293 = const 1 : s32i
        %294 = get_global @strerror : ((s32i) -> s8i*)*
        %295 = call @__errno_location() : s32i* [const]
        %296 = load %295 : s32i, align 4
        %297 = call @strerror(%296) : s8i* [all]
        %298 = call @t_printf(%289, %291, %292, %293, %297) : s32i [all]
        %299 = const 0 : s32i
        %300 = cast(int_to_bool) %299 : bool
        yield %300
    }
    scope {
        %176 = load %7 : rec__IO_FILE*, align 8
        %177 = cast(ptr_to_bool) %176 : bool
        if %177 {
            %178 = const -1 : s32i
            store %178, %3, align 4
            store %178, %2, align 4
            %179 = const 0 : s32i
            %180 = call @__errno_location() : s32i* [const]
            store %179, %180, align 4
            %181 = get_global @__isoc23_fscanf : ((rec__IO_FILE*, s8i*, ...) -> s32i)*
            %182 = load %7 : rec__IO_FILE*, align 8
            %183 = get_global @.str.98 : s8i[5]*
            %184 = cast(array_to_ptrdecay) %183 : s8i*
            %185 = call @__isoc23_fscanf(%182, %184, %2, %3) : s32i [all]
            store %185, %1, align 4
            %186 = const 0 : s32i
            %187 = cmp eq %185, %186 : bool
            %188 = ternary %187 ? { : bool
                %287 = const #true : bool
                yield %287
            } : {
                %274 = get_global @.str.99 : s8i[117]*
                %275 = cast(array_to_ptrdecay) %274 : s8i*
                %276 = get_global @.str.100 : s8i[26]*
                %277 = cast(array_to_ptrdecay) %276 : s8i*
                %278 = load %1 : s32i, align 4
                %279 = const 0 : s32i
                %280 = get_global @strerror : ((s32i) -> s8i*)*
                %281 = call @__errno_location() : s32i* [const]
                %282 = load %281 : s32i, align 4
                %283 = call @strerror(%282) : s8i* [all]
                %284 = call @t_printf(%275, %277, %278, %279, %283) : s32i [all]
                %285 = const 0 : s32i
                %286 = cast(int_to_bool) %285 : bool
                yield %286
            }
            %189 = const 0 : s32i
            %190 = call @__errno_location() : s32i* [const]
            store %189, %190, align 4
            %191 = load %2 : s32i, align 4
            store %191, %1, align 4
            %192 = const -1 : s32i
            %193 = cmp eq %191, %192 : bool
            %194 = ternary %193 ? { : bool
                %273 = const #true : bool
                yield %273
            } : {
                %260 = get_global @.str.101 : s8i[117]*
                %261 = cast(array_to_ptrdecay) %260 : s8i*
                %262 = get_global @.str.26 : s8i[2]*
                %263 = cast(array_to_ptrdecay) %262 : s8i*
                %264 = load %1 : s32i, align 4
                %265 = const -1 : s32i
                %266 = get_global @strerror : ((s32i) -> s8i*)*
                %267 = call @__errno_location() : s32i* [const]
                %268 = load %267 : s32i, align 4
                %269 = call @strerror(%268) : s8i* [all]
                %270 = call @t_printf(%261, %263, %264, %265, %269) : s32i [all]
                %271 = const 0 : s32i
                %272 = cast(int_to_bool) %271 : bool
                yield %272
            }
            %195 = const 0 : s32i
            %196 = call @__errno_location() : s32i* [const]
            store %195, %196, align 4
            %197 = load %3 : s32i, align 4
            store %197, %1, align 4
            %198 = const -1 : s32i
            %199 = cmp eq %197, %198 : bool
            %200 = ternary %199 ? { : bool
                %259 = const #true : bool
                yield %259
            } : {
                %246 = get_global @.str.102 : s8i[117]*
                %247 = cast(array_to_ptrdecay) %246 : s8i*
                %248 = get_global @.str.36 : s8i[2]*
                %249 = cast(array_to_ptrdecay) %248 : s8i*
                %250 = load %1 : s32i, align 4
                %251 = const -1 : s32i
                %252 = get_global @strerror : ((s32i) -> s8i*)*
                %253 = call @__errno_location() : s32i* [const]
                %254 = load %253 : s32i, align 4
                %255 = call @strerror(%254) : s8i* [all]
                %256 = call @t_printf(%247, %249, %250, %251, %255) : s32i [all]
                %257 = const 0 : s32i
                %258 = cast(int_to_bool) %257 : bool
                yield %258
            }
            %201 = const 0 : s32i
            %202 = call @__errno_location() : s32i* [const]
            store %201, %202, align 4
            %203 = load %7 : rec__IO_FILE*, align 8
            %204 = call @ftell(%203) : s64i [all]
            %205 = cast(integral) %204 : s32i
            store %205, %1, align 4
            %206 = const 2 : s32i
            %207 = cmp eq %205, %206 : bool
            %208 = ternary %207 ? { : bool
                %245 = const #true : bool
                yield %245
            } : {
                %232 = get_global @.str.103 : s8i[117]*
                %233 = cast(array_to_ptrdecay) %232 : s8i*
                %234 = get_global @.str.38 : s8i[9]*
                %235 = cast(array_to_ptrdecay) %234 : s8i*
                %236 = load %1 : s32i, align 4
                %237 = const 2 : s32i
                %238 = get_global @strerror : ((s32i) -> s8i*)*
                %239 = call @__errno_location() : s32i* [const]
                %240 = load %239 : s32i, align 4
                %241 = call @strerror(%240) : s8i* [all]
                %242 = call @t_printf(%233, %235, %236, %237, %241) : s32i [all]
                %243 = const 0 : s32i
                %244 = cast(int_to_bool) %243 : bool
                yield %244
            }
            %209 = const 0 : s32i
            %210 = call @__errno_location() : s32i* [const]
            store %209, %210, align 4
            %211 = load %7 : rec__IO_FILE*, align 8
            %212 = call @feof(%211) : s32i [all]
            store %212, %1, align 4
            %213 = const 0 : s32i
            %214 = cmp eq %212, %213 : bool
            %215 = ternary %214 ? { : bool
                %231 = const #true : bool
                yield %231
            } : {
                %218 = get_global @.str.104 : s8i[117]*
                %219 = cast(array_to_ptrdecay) %218 : s8i*
                %220 = get_global @.str.57 : s8i[8]*
                %221 = cast(array_to_ptrdecay) %220 : s8i*
                %222 = load %1 : s32i, align 4
                %223 = const 0 : s32i
                %224 = get_global @strerror : ((s32i) -> s8i*)*
                %225 = call @__errno_location() : s32i* [const]
                %226 = load %225 : s32i, align 4
                %227 = call @strerror(%226) : s8i* [all]
                %228 = call @t_printf(%219, %221, %222, %223, %227) : s32i [all]
                %229 = const 0 : s32i
                %230 = cast(int_to_bool) %229 : bool
                yield %230
            }
            %216 = load %7 : rec__IO_FILE*, align 8
            %217 = call @fclose(%216) : s32i [all]
            yield
        }
        yield
    }
    %173 = get_global @t_status : s32i*
    %174 = load %173 : s32i, align 4, volatile
    store %174, %0
    %175 = load %0 : s32i
    return %175
}
