---
source: tests/snapshot_fixtures.rs
expression: snapshot
---
module "tests/fixtures.c-testsuite/case_00101.c" (c, x86_64-unknown-linux-gnu)
fn main() -> s32i [external, c, no_inline, dso_local, nothrow] {
    %0 = alloca s32i, "__retval", align 4
    %1 = alloca s32i, "c", align 4
    %2 = const 0 : s32i
    store %2, %0
    %3 = const 0 : s32i
    store %3, %1, align 4
    scope {
        do {
            yield
        } while {
            %6 = const 0 : s32i
            %7 = cast(int_to_bool) %6 : bool
            condition %7
        }
        yield
    }
    %4 = load %1 : s32i, align 4
    store %4, %0
    %5 = load %0 : s32i
    return %5
}
