---
source: tests/snapshot_fixtures.rs
expression: snapshot
---
module "/home/takashi/Projects/clang-ir-rs/tests/fixtures.libc-test/functional/supported/env.c" (c, x86_64-unknown-linux-gnu)
global t_status : s32i = 0 [external, default, align 4, dso_local]
global environ : s8i** [external, default, align 8, dso_local]
global .str : s8i[108] = "/home/takashi/Projects/clang-ir-rs/tests/fixtures.libc-test/functional/supported/env.c:75: environ is NULL\n" [cir_private, default, align 1, dso_local, constant]
global .str.1 : s8i[106] = "/home/takashi/Projects/clang-ir-rs/tests/fixtures.libc-test/functional/supported/env.c:77: clrearenv: %s\n" [cir_private, default, align 1, dso_local, constant]
global .str.2 : s8i[7] = "TEST=1" [cir_private, default, align 1, dso_local, constant]
global .str.3 : s8i[103] = "/home/takashi/Projects/clang-ir-rs/tests/fixtures.libc-test/functional/supported/env.c:79: putenv: %s\n" [cir_private, default, align 1, dso_local, constant]
global .str.4 : s8i[139] = "/home/takashi/Projects/clang-ir-rs/tests/fixtures.libc-test/functional/supported/env.c:81: putenv failed: environ[0]: %s, wanted \"TEST=1\"\n" [cir_private, default, align 1, dso_local, constant]
global .str.5 : s8i[117] = "/home/takashi/Projects/clang-ir-rs/tests/fixtures.libc-test/functional/supported/env.c:83: environ[1]: %p, wanted 0\n" [cir_private, default, align 1, dso_local, constant]
global .str.6 : s8i[5] = "TEST" [cir_private, default, align 1, dso_local, constant]
global .str.7 : s8i[122] = "/home/takashi/Projects/clang-ir-rs/tests/fixtures.libc-test/functional/supported/env.c:85: getenv(\"TEST\"): 0, wanted \"1\"\n" [cir_private, default, align 1, dso_local, constant]
global .str.8 : s8i[2] = "1" [cir_private, default, align 1, dso_local, constant]
global .str.9 : s8i[125] = "/home/takashi/Projects/clang-ir-rs/tests/fixtures.libc-test/functional/supported/env.c:87: getenv(\"TEST\"): \"%s\", wanted \"1\"\n" [cir_private, default, align 1, dso_local, constant]
global .str.10 : s8i[105] = "/home/takashi/Projects/clang-ir-rs/tests/fixtures.libc-test/functional/supported/env.c:89: unsetenv: %s\n" [cir_private, default, align 1, dso_local, constant]
global .str.11 : s8i[110] = "/home/takashi/Projects/clang-ir-rs/tests/fixtures.libc-test/functional/supported/env.c:91: *environ: %p != 0\n" [cir_private, default, align 1, dso_local, constant]
global .str.12 : s8i[121] = "/home/takashi/Projects/clang-ir-rs/tests/fixtures.libc-test/functional/supported/env.c:93: getenv(\"TEST\"): %p, wanted 0\n" [cir_private, default, align 1, dso_local, constant]
global .str.13 : s8i[2] = "2" [cir_private, default, align 1, dso_local, constant]
global .str.14 : s8i[103] = "/home/takashi/Projects/clang-ir-rs/tests/fixtures.libc-test/functional/supported/env.c:96: setenv: %s\n" [cir_private, default, align 1, dso_local, constant]
global .str.15 : s8i[125] = "/home/takashi/Projects/clang-ir-rs/tests/fixtures.libc-test/functional/supported/env.c:98: getenv(\"TEST\"): \"%s\", wanted \"2\"\n" [cir_private, default, align 1, dso_local, constant]
global .str.16 : s8i[7] = "TEST=2" [cir_private, default, align 1, dso_local, constant]
global .str.17 : s8i[140] = "/home/takashi/Projects/clang-ir-rs/tests/fixtures.libc-test/functional/supported/env.c:100: setenv failed: environ[0]: %s, wanted \"TEST=2\"\n" [cir_private, default, align 1, dso_local, constant]
global .str.18 : s8i[2] = "3" [cir_private, default, align 1, dso_local, constant]
global .str.19 : s8i[104] = "/home/takashi/Projects/clang-ir-rs/tests/fixtures.libc-test/functional/supported/env.c:103: setenv: %s\n" [cir_private, default, align 1, dso_local, constant]
global .str.20 : s8i[126] = "/home/takashi/Projects/clang-ir-rs/tests/fixtures.libc-test/functional/supported/env.c:105: getenv(\"TEST\"): \"%s\", wanted \"2\"\n" [cir_private, default, align 1, dso_local, constant]
global .str.21 : s8i[104] = "/home/takashi/Projects/clang-ir-rs/tests/fixtures.libc-test/functional/supported/env.c:108: setenv: %s\n" [cir_private, default, align 1, dso_local, constant]
global .str.22 : s8i[126] = "/home/takashi/Projects/clang-ir-rs/tests/fixtures.libc-test/functional/supported/env.c:110: getenv(\"TEST\"): \"%s\", wanted \"3\"\n" [cir_private, default, align 1, dso_local, constant]
global .str.23 : s8i[1] = zero [cir_private, default, align 1, dso_local, constant]
global .str.24 : s8i[153] = "/home/takashi/Projects/clang-ir-rs/tests/fixtures.libc-test/functional/supported/env.c:115: setenv(\"\",\"\",0): %d, errno: %d (%s), wanted -1, %d (EINVAL)\n" [cir_private, default, align 1, dso_local, constant]

fn vsnprintf(%arg0: s8i*, %arg1: u64i, %arg2: s8i*, %arg3: rec___va_list_tag*) -> s32i [external, c, nothrow];
fn write(%arg0: s32i, %arg1: void*, %arg2: u64i) -> s64i [external, c];
fn t_printf(%arg0: s8i*, ...) -> s32i [external, c, no_inline, dso_local, nothrow] {
    ^bb0(%arg0: s8i*):
        %253 = alloca s8i*, "s", align 8
        %254 = alloca s32i, "__retval", align 4
        %255 = alloca rec___va_list_tag[1], "ap", align 16
        %256 = alloca s8i[512], "buf", align 16
        %257 = alloca s32i, "n", align 4
        store %arg0, %253
        %258 = const 1 : s32i
        %259 = get_global @t_status : s32i*
        store %258, %259, align 4, volatile
        %260 = cast(array_to_ptrdecay) %255 : rec___va_list_tag*
        <unmodeled: cir.va_start>
        %261 = get_global @vsnprintf : ((s8i*, u64i, s8i*, rec___va_list_tag*) -> s32i)*
        %262 = cast(array_to_ptrdecay) %256 : s8i*
        %263 = const 512 : u64i
        %264 = load %253 : s8i*, align 8
        %265 = cast(array_to_ptrdecay) %255 : rec___va_list_tag*
        %266 = call @vsnprintf(%262, %263, %264, %265) : s32i [all]
        store %266, %257, align 4
        %267 = cast(array_to_ptrdecay) %255 : rec___va_list_tag*
        <unmodeled: cir.va_end>
        scope {
            %276 = load %257 : s32i, align 4
            %277 = const 0 : s32i
            %278 = cmp lt %276, %277 : bool
            if %278 {
                %308 = const 0 : s32i
                store %308, %257, align 4
                yield
            } else {
                scope {
                    %279 = load %257 : s32i, align 4
                    %280 = cast(integral) %279 : u64i
                    %281 = const 512 : u64i
                    %282 = cmp ge %280, %281 : bool
                    if %282 {
                        %283 = const 512 : s32i
                        store %283, %257, align 4
                        %284 = const 10 : s8i
                        %285 = load %257 : s32i, align 4
                        %286 = const 1 : s32i
                        %287 = sub %285, %286 : s32i [nsw]
                        %288 = cast(integral) %287 : s64i
                        %289 = get_element %256[%288] : s8i*
                        store %284, %289, align 1
                        %290 = const 46 : s8i
                        %291 = load %257 : s32i, align 4
                        %292 = const 2 : s32i
                        %293 = sub %291, %292 : s32i [nsw]
                        %294 = cast(integral) %293 : s64i
                        %295 = get_element %256[%294] : s8i*
                        store %290, %295, align 1
                        %296 = const 46 : s8i
                        %297 = load %257 : s32i, align 4
                        %298 = const 3 : s32i
                        %299 = sub %297, %298 : s32i [nsw]
                        %300 = cast(integral) %299 : s64i
                        %301 = get_element %256[%300] : s8i*
                        store %296, %301, align 1
                        %302 = const 46 : s8i
                        %303 = load %257 : s32i, align 4
                        %304 = const 4 : s32i
                        %305 = sub %303, %304 : s32i [nsw]
                        %306 = cast(integral) %305 : s64i
                        %307 = get_element %256[%306] : s8i*
                        store %302, %307, align 1
                        yield
                    }
                    yield
                }
                yield
            }
            yield
        }
        %268 = const 1 : s32i
        %269 = cast(array_to_ptrdecay) %256 : s8i*
        %270 = cast(bitcast) %269 : void*
        %271 = load %257 : s32i, align 4
        %272 = cast(integral) %271 : u64i
        %273 = call @write(%268, %270, %272) : s64i [all]
        %274 = cast(integral) %273 : s32i
        store %274, %254
        %275 = load %254 : s32i
        return %275
}
fn clearenv() -> s32i [external, c, nothrow];
fn strerror(%arg0: s32i) -> s8i* [external, c, nothrow];
fn __errno_location() -> s32i* [external, c, const, nothrow];
fn putenv(%arg0: s8i*) -> s32i [external, c, nothrow];
fn strcmp(%arg0: s8i*, %arg1: s8i*) -> s32i [external, c, pure, nothrow];
fn getenv(%arg0: s8i*) -> s8i* [external, c, nothrow];
fn unsetenv(%arg0: s8i*) -> s32i [external, c, nothrow];
fn setenv(%arg0: s8i*, %arg1: s8i*, %arg2: s32i) -> s32i [external, c, nothrow];
fn main() -> s32i [external, c, no_inline, dso_local, nothrow] {
    %0 = alloca s32i, "__retval", align 4
    %1 = alloca s8i*, "s", align 8
    %2 = alloca s32i, "r", align 4
    %3 = const 0 : s32i
    store %3, %0
    scope {
        %246 = get_global @environ : s8i***
        %247 = load %246 : s8i**, align 8
        %248 = cast(ptr_to_bool) %247 : bool
        %249 = not %248 : bool
        if %249 {
            %250 = get_global @.str : s8i[108]*
            %251 = cast(array_to_ptrdecay) %250 : s8i*
            %252 = call @t_printf(%251) : s32i [all]
            yield
        }
        yield
    }
    scope {
        %226 = call @clearenv() : s32i [all]
        %227 = cast(int_to_bool) %226 : bool
        %228 = ternary %227 ? { : bool
            %245 = const #true : bool
            yield %245
        } : {
            %236 = get_global @environ : s8i***
            %237 = load %236 : s8i**, align 8
            %238 = cast(ptr_to_bool) %237 : bool
            %239 = ternary %238 ? { : bool
                %241 = get_global @environ : s8i***
                %242 = load %241 : s8i**, align 8
                %243 = load %242 : s8i*, align 8
                %244 = cast(ptr_to_bool) %243 : bool
                yield %244
            } : {
                %240 = const #false : bool
                yield %240
            }
            yield %239
        }
        if %228 {
            %229 = get_global @.str.1 : s8i[106]*
            %230 = cast(array_to_ptrdecay) %229 : s8i*
            %231 = get_global @strerror : ((s32i) -> s8i*)*
            %232 = call @__errno_location() : s32i* [const]
            %233 = load %232 : s32i, align 4
            %234 = call @strerror(%233) : s8i* [all]
            %235 = call @t_printf(%230, %234) : s32i [all]
            yield
        }
        yield
    }
    scope {
        %215 = get_global @.str.2 : s8i[7]*
        %216 = cast(array_to_ptrdecay) %215 : s8i*
        %217 = call @putenv(%216) : s32i [all]
        %218 = cast(int_to_bool) %217 : bool
        if %218 {
            %219 = get_global @.str.3 : s8i[103]*
            %220 = cast(array_to_ptrdecay) %219 : s8i*
            %221 = get_global @strerror : ((s32i) -> s8i*)*
            %222 = call @__errno_location() : s32i* [const]
            %223 = load %222 : s32i, align 4
            %224 = call @strerror(%223) : s8i* [all]
            %225 = call @t_printf(%220, %224) : s32i [all]
            yield
        }
        yield
    }
    scope {
        %196 = get_global @strcmp : ((s8i*, s8i*) -> s32i)*
        %197 = const 0 : s64i
        %198 = get_global @environ : s8i***
        %199 = load %198 : s8i**, align 8
        %200 = ptr_stride %199, %197 : s8i**
        %201 = load %200 : s8i*, align 8
        %202 = get_global @.str.2 : s8i[7]*
        %203 = cast(array_to_ptrdecay) %202 : s8i*
        %204 = call @strcmp(%201, %203) : s32i [pure]
        %205 = const 0 : s32i
        %206 = cmp ne %204, %205 : bool
        if %206 {
            %207 = get_global @.str.4 : s8i[139]*
            %208 = cast(array_to_ptrdecay) %207 : s8i*
            %209 = const 0 : s64i
            %210 = get_global @environ : s8i***
            %211 = load %210 : s8i**, align 8
            %212 = ptr_stride %211, %209 : s8i**
            %213 = load %212 : s8i*, align 8
            %214 = call @t_printf(%208, %213) : s32i [all]
            yield
        }
        yield
    }
    scope {
        %186 = const 1 : s64i
        %187 = get_global @environ : s8i***
        %188 = load %187 : s8i**, align 8
        %189 = ptr_stride %188, %186 : s8i**
        %190 = load %189 : s8i*, align 8
        store %190, %1, align 8
        %191 = cast(ptr_to_bool) %190 : bool
        if %191 {
            %192 = get_global @.str.5 : s8i[117]*
            %193 = cast(array_to_ptrdecay) %192 : s8i*
            %194 = load %1 : s8i*, align 8
            %195 = call @t_printf(%193, %194) : s32i [all]
            yield
        }
        yield
    }
    scope {
        %178 = get_global @.str.6 : s8i[5]*
        %179 = cast(array_to_ptrdecay) %178 : s8i*
        %180 = call @getenv(%179) : s8i* [all]
        store %180, %1, align 8
        %181 = cast(ptr_to_bool) %180 : bool
        %182 = not %181 : bool
        if %182 {
            %183 = get_global @.str.7 : s8i[122]*
            %184 = cast(array_to_ptrdecay) %183 : s8i*
            %185 = call @t_printf(%184) : s32i [all]
            yield
        }
        yield
    }
    scope {
        %167 = get_global @strcmp : ((s8i*, s8i*) -> s32i)*
        %168 = load %1 : s8i*, align 8
        %169 = get_global @.str.8 : s8i[2]*
        %170 = cast(array_to_ptrdecay) %169 : s8i*
        %171 = call @strcmp(%168, %170) : s32i [pure]
        %172 = const 0 : s32i
        %173 = cmp ne %171, %172 : bool
        if %173 {
            %174 = get_global @.str.9 : s8i[125]*
            %175 = cast(array_to_ptrdecay) %174 : s8i*
            %176 = load %1 : s8i*, align 8
            %177 = call @t_printf(%175, %176) : s32i [all]
            yield
        }
        yield
    }
    scope {
        %156 = get_global @.str.6 : s8i[5]*
        %157 = cast(array_to_ptrdecay) %156 : s8i*
        %158 = call @unsetenv(%157) : s32i [all]
        %159 = cast(int_to_bool) %158 : bool
        if %159 {
            %160 = get_global @.str.10 : s8i[105]*
            %161 = cast(array_to_ptrdecay) %160 : s8i*
            %162 = get_global @strerror : ((s32i) -> s8i*)*
            %163 = call @__errno_location() : s32i* [const]
            %164 = load %163 : s32i, align 4
            %165 = call @strerror(%164) : s8i* [all]
            %166 = call @t_printf(%161, %165) : s32i [all]
            yield
        }
        yield
    }
    scope {
        %148 = get_global @environ : s8i***
        %149 = load %148 : s8i**, align 8
        %150 = load %149 : s8i*, align 8
        store %150, %1, align 8
        %151 = cast(ptr_to_bool) %150 : bool
        if %151 {
            %152 = get_global @.str.11 : s8i[110]*
            %153 = cast(array_to_ptrdecay) %152 : s8i*
            %154 = load %1 : s8i*, align 8
            %155 = call @t_printf(%153, %154) : s32i [all]
            yield
        }
        yield
    }
    scope {
        %140 = get_global @.str.6 : s8i[5]*
        %141 = cast(array_to_ptrdecay) %140 : s8i*
        %142 = call @getenv(%141) : s8i* [all]
        store %142, %1, align 8
        %143 = cast(ptr_to_bool) %142 : bool
        if %143 {
            %144 = get_global @.str.12 : s8i[121]*
            %145 = cast(array_to_ptrdecay) %144 : s8i*
            %146 = load %1 : s8i*, align 8
            %147 = call @t_printf(%145, %146) : s32i [all]
            yield
        }
        yield
    }
    %4 = const 0 : s32i
    %5 = call @__errno_location() : s32i* [const]
    store %4, %5, align 4
    scope {
        %126 = get_global @.str.6 : s8i[5]*
        %127 = cast(array_to_ptrdecay) %126 : s8i*
        %128 = get_global @.str.13 : s8i[2]*
        %129 = cast(array_to_ptrdecay) %128 : s8i*
        %130 = const 0 : s32i
        %131 = call @setenv(%127, %129, %130) : s32i [all]
        %132 = cast(int_to_bool) %131 : bool
        if %132 {
            %133 = get_global @.str.14 : s8i[103]*
            %134 = cast(array_to_ptrdecay) %133 : s8i*
            %135 = get_global @strerror : ((s32i) -> s8i*)*
            %136 = call @__errno_location() : s32i* [const]
            %137 = load %136 : s32i, align 4
            %138 = call @strerror(%137) : s8i* [all]
            %139 = call @t_printf(%134, %138) : s32i [all]
            yield
        }
        yield
    }
    scope {
        %113 = get_global @strcmp : ((s8i*, s8i*) -> s32i)*
        %114 = get_global @.str.6 : s8i[5]*
        %115 = cast(array_to_ptrdecay) %114 : s8i*
        %116 = call @getenv(%115) : s8i* [all]
        store %116, %1, align 8
        %117 = get_global @.str.13 : s8i[2]*
        %118 = cast(array_to_ptrdecay) %117 : s8i*
        %119 = call @strcmp(%116, %118) : s32i [pure]
        %120 = const 0 : s32i
        %121 = cmp ne %119, %120 : bool
        if %121 {
            %122 = get_global @.str.15 : s8i[125]*
            %123 = cast(array_to_ptrdecay) %122 : s8i*
            %124 = load %1 : s8i*, align 8
            %125 = call @t_printf(%123, %124) : s32i [all]
            yield
        }
        yield
    }
    scope {
        %94 = get_global @strcmp : ((s8i*, s8i*) -> s32i)*
        %95 = const 0 : s64i
        %96 = get_global @environ : s8i***
        %97 = load %96 : s8i**, align 8
        %98 = ptr_stride %97, %95 : s8i**
        %99 = load %98 : s8i*, align 8
        %100 = get_global @.str.16 : s8i[7]*
        %101 = cast(array_to_ptrdecay) %100 : s8i*
        %102 = call @strcmp(%99, %101) : s32i [pure]
        %103 = const 0 : s32i
        %104 = cmp ne %102, %103 : bool
        if %104 {
            %105 = get_global @.str.17 : s8i[140]*
            %106 = cast(array_to_ptrdecay) %105 : s8i*
            %107 = const 0 : s64i
            %108 = get_global @environ : s8i***
            %109 = load %108 : s8i**, align 8
            %110 = ptr_stride %109, %107 : s8i**
            %111 = load %110 : s8i*, align 8
            %112 = call @t_printf(%106, %111) : s32i [all]
            yield
        }
        yield
    }
    %6 = const 0 : s32i
    %7 = call @__errno_location() : s32i* [const]
    store %6, %7, align 4
    scope {
        %80 = get_global @.str.6 : s8i[5]*
        %81 = cast(array_to_ptrdecay) %80 : s8i*
        %82 = get_global @.str.18 : s8i[2]*
        %83 = cast(array_to_ptrdecay) %82 : s8i*
        %84 = const 0 : s32i
        %85 = call @setenv(%81, %83, %84) : s32i [all]
        %86 = cast(int_to_bool) %85 : bool
        if %86 {
            %87 = get_global @.str.19 : s8i[104]*
            %88 = cast(array_to_ptrdecay) %87 : s8i*
            %89 = get_global @strerror : ((s32i) -> s8i*)*
            %90 = call @__errno_location() : s32i* [const]
            %91 = load %90 : s32i, align 4
            %92 = call @strerror(%91) : s8i* [all]
            %93 = call @t_printf(%88, %92) : s32i [all]
            yield
        }
        yield
    }
    scope {
        %67 = get_global @strcmp : ((s8i*, s8i*) -> s32i)*
        %68 = get_global @.str.6 : s8i[5]*
        %69 = cast(array_to_ptrdecay) %68 : s8i*
        %70 = call @getenv(%69) : s8i* [all]
        store %70, %1, align 8
        %71 = get_global @.str.13 : s8i[2]*
        %72 = cast(array_to_ptrdecay) %71 : s8i*
        %73 = call @strcmp(%70, %72) : s32i [pure]
        %74 = const 0 : s32i
        %75 = cmp ne %73, %74 : bool
        if %75 {
            %76 = get_global @.str.20 : s8i[126]*
            %77 = cast(array_to_ptrdecay) %76 : s8i*
            %78 = load %1 : s8i*, align 8
            %79 = call @t_printf(%77, %78) : s32i [all]
            yield
        }
        yield
    }
    %8 = const 0 : s32i
    %9 = call @__errno_location() : s32i* [const]
    store %8, %9, align 4
    scope {
        %53 = get_global @.str.6 : s8i[5]*
        %54 = cast(array_to_ptrdecay) %53 : s8i*
        %55 = get_global @.str.18 : s8i[2]*
        %56 = cast(array_to_ptrdecay) %55 : s8i*
        %57 = const 1 : s32i
        %58 = call @setenv(%54, %56, %57) : s32i [all]
        %59 = cast(int_to_bool) %58 : bool
        if %59 {
            %60 = get_global @.str.21 : s8i[104]*
            %61 = cast(array_to_ptrdecay) %60 : s8i*
            %62 = get_global @strerror : ((s32i) -> s8i*)*
            %63 = call @__errno_location() : s32i* [const]
            %64 = load %63 : s32i, align 4
            %65 = call @strerror(%64) : s8i* [all]
            %66 = call @t_printf(%61, %65) : s32i [all]
            yield
        }
        yield
    }
    scope {
        %40 = get_global @strcmp : ((s8i*, s8i*) -> s32i)*
        %41 = get_global @.str.6 : s8i[5]*
        %42 = cast(array_to_ptrdecay) %41 : s8i*
        %43 = call @getenv(%42) : s8i* [all]
        store %43, %1, align 8
        %44 = get_global @.str.18 : s8i[2]*
        %45 = cast(array_to_ptrdecay) %44 : s8i*
        %46 = call @strcmp(%43, %45) : s32i [pure]
        %47 = const 0 : s32i
        %48 = cmp ne %46, %47 : bool
        if %48 {
            %49 = get_global @.str.22 : s8i[126]*
            %50 = cast(array_to_ptrdecay) %49 : s8i*
            %51 = load %1 : s8i*, align 8
            %52 = call @t_printf(%50, %51) : s32i [all]
            yield
        }
        yield
    }
    %10 = const 0 : s32i
    %11 = call @__errno_location() : s32i* [const]
    store %10, %11, align 4
    scope {
        %15 = get_global @.str.23 : s8i[1]*
        %16 = cast(array_to_ptrdecay) %15 : s8i*
        %17 = get_global @.str.23 : s8i[1]*
        %18 = cast(array_to_ptrdecay) %17 : s8i*
        %19 = const 0 : s32i
        %20 = call @setenv(%16, %18, %19) : s32i [all]
        store %20, %2, align 4
        %21 = const -1 : s32i
        %22 = cmp ne %20, %21 : bool
        %23 = ternary %22 ? { : bool
            %39 = const #true : bool
            yield %39
        } : {
            %35 = call @__errno_location() : s32i* [const]
            %36 = load %35 : s32i, align 4
            %37 = const 22 : s32i
            %38 = cmp ne %36, %37 : bool
            yield %38
        }
        if %23 {
            %24 = get_global @.str.24 : s8i[153]*
            %25 = cast(array_to_ptrdecay) %24 : s8i*
            %26 = load %2 : s32i, align 4
            %27 = call @__errno_location() : s32i* [const]
            %28 = load %27 : s32i, align 4
            %29 = get_global @strerror : ((s32i) -> s8i*)*
            %30 = call @__errno_location() : s32i* [const]
            %31 = load %30 : s32i, align 4
            %32 = call @strerror(%31) : s8i* [all]
            %33 = const 22 : s32i
            %34 = call @t_printf(%25, %26, %28, %32, %33) : s32i [all]
            yield
        }
        yield
    }
    %12 = get_global @t_status : s32i*
    %13 = load %12 : s32i, align 4, volatile
    store %13, %0
    %14 = load %0 : s32i
    return %14
}
