---
source: tests/snapshot_fixtures.rs
expression: snapshot
---
module "/home/takashi/Projects/clang-ir-rs/tests/fixtures.gcc-torture/split-path-1.c" (c, x86_64-unknown-linux-gnu)
fn malloc(%arg0: u64i) -> void* [external, c, nothrow];
fn test() -> u8i [external, c, no_inline, dso_local, nothrow] {
    %10 = alloca u8i, "__retval", align 1
    %11 = alloca s32i, "i", align 4
    %12 = alloca s32i, "Pels", align 4
    %13 = alloca s32i, "sum", align 4
    %14 = alloca u8i, "xr", align 1
    %15 = alloca u8i, "xg", align 1
    %16 = alloca u8i, "xb", align 1
    %17 = alloca u8i, "xc", align 1
    %18 = alloca u8i, "xm", align 1
    %19 = alloca u8i, "xy", align 1
    %20 = alloca u8i, "xk", align 1
    %21 = alloca u8i*, "ReadPtr", align 8
    %22 = alloca u8i*, "EritePtr", align 8
    %23 = const 0 : s32i
    store %23, %13, align 4
    %24 = const 0 : u8i
    store %24, %20, align 1
    %25 = get_global @malloc : ((u64i) -> void*)*
    %26 = const 1 : u64i
    %27 = const 100 : u64i
    %28 = mul %26, %27 : u64i
    %29 = call @malloc(%28) : void* [all]
    %30 = cast(bitcast) %29 : u8i*
    store %30, %21, align 8
    %31 = get_global @malloc : ((u64i) -> void*)*
    %32 = const 1 : u64i
    %33 = const 100 : u64i
    %34 = mul %32, %33 : u64i
    %35 = call @malloc(%34) : void* [all]
    %36 = cast(bitcast) %35 : u8i*
    store %36, %22, align 8
    scope {
        %141 = const 0 : s32i
        store %141, %11, align 4
        for cond: {
            %152 = load %11 : s32i, align 4
            %153 = const 100 : s32i
            %154 = cmp lt %152, %153 : bool
            condition %154
        } step: {
            %142 = load %11 : s32i, align 4
            %143 = inc %142 : s32i [nsw]
            store %143, %11, align 4
            yield
        } do {
            scope {
                %144 = const 100 : s32i
                %145 = load %11 : s32i, align 4
                %146 = sub %144, %145 : s32i [nsw]
                %147 = cast(integral) %146 : u8i
                %148 = load %11 : s32i, align 4
                %149 = cast(integral) %148 : s64i
                %150 = load %21 : u8i*, align 8
                %151 = ptr_stride %150, %149 : u8i*
                store %147, %151, align 1
                yield
            }
            yield
        }
        yield
    }
    scope {
        %40 = const 0 : s32i
        store %40, %11, align 4
        for cond: {
            %138 = load %11 : s32i, align 4
            %139 = const 24 : s32i
            %140 = cmp lt %138, %139 : bool
            condition %140
        } step: {
            %41 = load %11 : s32i, align 4
            %42 = inc %41 : s32i [nsw]
            store %42, %11, align 4
            yield
        } do {
            scope {
                %43 = load %21 : u8i*, align 8
                %44 = const 1 : s32i
                %45 = ptr_stride %43, %44 : u8i*
                store %45, %21, align 8
                %46 = load %43 : u8i, align 1
                store %46, %14, align 1
                %47 = load %21 : u8i*, align 8
                %48 = const 1 : s32i
                %49 = ptr_stride %47, %48 : u8i*
                store %49, %21, align 8
                %50 = load %47 : u8i, align 1
                store %50, %15, align 1
                %51 = load %21 : u8i*, align 8
                %52 = const 1 : s32i
                %53 = ptr_stride %51, %52 : u8i*
                store %53, %21, align 8
                %54 = load %51 : u8i, align 1
                store %54, %16, align 1
                %55 = const 255 : s32i
                %56 = load %14 : u8i, align 1
                %57 = cast(integral) %56 : s32i
                %58 = sub %55, %57 : s32i [nsw]
                %59 = cast(integral) %58 : u8i
                store %59, %17, align 1
                %60 = const 255 : s32i
                %61 = load %15 : u8i, align 1
                %62 = cast(integral) %61 : s32i
                %63 = sub %60, %62 : s32i [nsw]
                %64 = cast(integral) %63 : u8i
                store %64, %18, align 1
                %65 = const 255 : s32i
                %66 = load %16 : u8i, align 1
                %67 = cast(integral) %66 : s32i
                %68 = sub %65, %67 : s32i [nsw]
                %69 = cast(integral) %68 : u8i
                store %69, %19, align 1
                scope {
                    %111 = load %17 : u8i, align 1
                    %112 = cast(integral) %111 : s32i
                    %113 = load %18 : u8i, align 1
                    %114 = cast(integral) %113 : s32i
                    %115 = cmp lt %112, %114 : bool
                    if %115 {
                        %127 = load %17 : u8i, align 1
                        %128 = cast(integral) %127 : s32i
                        %129 = load %19 : u8i, align 1
                        %130 = cast(integral) %129 : s32i
                        %131 = cmp lt %128, %130 : bool
                        %132 = ternary %131 ? { : s32i
                            %136 = load %17 : u8i, align 1
                            %137 = cast(integral) %136 : s32i
                            yield %137
                        } : {
                            %134 = load %19 : u8i, align 1
                            %135 = cast(integral) %134 : s32i
                            yield %135
                        }
                        %133 = cast(integral) %132 : u8i
                        store %133, %20, align 1
                        yield
                    } else {
                        %116 = load %18 : u8i, align 1
                        %117 = cast(integral) %116 : s32i
                        %118 = load %19 : u8i, align 1
                        %119 = cast(integral) %118 : s32i
                        %120 = cmp lt %117, %119 : bool
                        %121 = ternary %120 ? { : s32i
                            %125 = load %18 : u8i, align 1
                            %126 = cast(integral) %125 : s32i
                            yield %126
                        } : {
                            %123 = load %19 : u8i, align 1
                            %124 = cast(integral) %123 : s32i
                            yield %124
                        }
                        %122 = cast(integral) %121 : u8i
                        store %122, %20, align 1
                        yield
                    }
                    yield
                }
                %70 = load %17 : u8i, align 1
                %71 = cast(integral) %70 : s32i
                %72 = load %20 : u8i, align 1
                %73 = cast(integral) %72 : s32i
                %74 = sub %71, %73 : s32i [nsw]
                %75 = cast(integral) %74 : u8i
                store %75, %17, align 1
                %76 = load %18 : u8i, align 1
                %77 = cast(integral) %76 : s32i
                %78 = load %20 : u8i, align 1
                %79 = cast(integral) %78 : s32i
                %80 = sub %77, %79 : s32i [nsw]
                %81 = cast(integral) %80 : u8i
                store %81, %18, align 1
                %82 = load %19 : u8i, align 1
                %83 = cast(integral) %82 : s32i
                %84 = load %20 : u8i, align 1
                %85 = cast(integral) %84 : s32i
                %86 = sub %83, %85 : s32i [nsw]
                %87 = cast(integral) %86 : u8i
                store %87, %19, align 1
                %88 = load %17 : u8i, align 1
                %89 = load %22 : u8i*, align 8
                %90 = const 1 : s32i
                %91 = ptr_stride %89, %90 : u8i*
                store %91, %22, align 8
                store %88, %89, align 1
                %92 = load %18 : u8i, align 1
                %93 = load %22 : u8i*, align 8
                %94 = const 1 : s32i
                %95 = ptr_stride %93, %94 : u8i*
                store %95, %22, align 8
                store %92, %93, align 1
                %96 = load %19 : u8i, align 1
                %97 = load %22 : u8i*, align 8
                %98 = const 1 : s32i
                %99 = ptr_stride %97, %98 : u8i*
                store %99, %22, align 8
                store %96, %97, align 1
                %100 = load %20 : u8i, align 1
                %101 = load %22 : u8i*, align 8
                %102 = const 1 : s32i
                %103 = ptr_stride %101, %102 : u8i*
                store %103, %22, align 8
                store %100, %101, align 1
                %104 = load %22 : u8i*, align 8
                %105 = const -1 : s32i
                %106 = ptr_stride %104, %105 : u8i*
                store %106, %22, align 8
                %107 = load %106 : u8i, align 1
                %108 = cast(integral) %107 : s32i
                %109 = load %13 : s32i, align 4
                %110 = add %109, %108 : s32i [nsw]
                store %110, %13, align 4
                yield
            }
            yield
        }
        yield
    }
    %37 = load %13 : s32i, align 4
    %38 = cast(integral) %37 : u8i
    store %38, %10
    %39 = load %10 : u8i
    return %39
}
fn abort() -> void [external, c, nothrow];
fn main() -> s32i [external, c, no_inline, dso_local, nothrow] {
    %0 = alloca s32i, "__retval", align 4
    %1 = const 0 : s32i
    store %1, %0
    scope {
        %4 = get_global @test : (() -> u8i)*
        %5 = call @test() : u8i [all]
        %6 = cast(integral) %5 : s32i
        %7 = const 196 : s32i
        %8 = cmp ne %6, %7 : bool
        if %8 {
            %9 = get_global @abort : (() -> void)*
            call @abort() [all]
            yield
        }
        yield
    }
    %2 = const 0 : s32i
    store %2, %0
    %3 = load %0 : s32i
    return %3
}
